Apache Maven 3.9.12 (848fbb4bf2d427b72bdb2471c22fced7ebd9a7a1)
Maven home: /usr/share/maven
Java version: 21.0.9, vendor: Ubuntu, runtime: /usr/lib/jvm/java-21-openjdk-amd64
Default locale: en, platform encoding: UTF-8
OS name: "linux", version: "6.8.0", arch: "amd64", family: "unix"
[DEBUG] Created new class realm maven.api
[DEBUG] Importing foreign packages into class realm maven.api
[DEBUG]   Imported: javax.annotation.* < plexus.core
[DEBUG]   Imported: javax.annotation.security.* < plexus.core
[DEBUG]   Imported: javax.inject.* < plexus.core
[DEBUG]   Imported: org.apache.maven.* < plexus.core
[DEBUG]   Imported: org.apache.maven.artifact < plexus.core
[DEBUG]   Imported: org.apache.maven.classrealm < plexus.core
[DEBUG]   Imported: org.apache.maven.cli < plexus.core
[DEBUG]   Imported: org.apache.maven.configuration < plexus.core
[DEBUG]   Imported: org.apache.maven.exception < plexus.core
[DEBUG]   Imported: org.apache.maven.execution < plexus.core
[DEBUG]   Imported: org.apache.maven.execution.scope < plexus.core
[DEBUG]   Imported: org.apache.maven.graph < plexus.core
[DEBUG]   Imported: org.apache.maven.lifecycle < plexus.core
[DEBUG]   Imported: org.apache.maven.model < plexus.core
[DEBUG]   Imported: org.apache.maven.monitor < plexus.core
[DEBUG]   Imported: org.apache.maven.plugin < plexus.core
[DEBUG]   Imported: org.apache.maven.profiles < plexus.core
[DEBUG]   Imported: org.apache.maven.project < plexus.core
[DEBUG]   Imported: org.apache.maven.reporting < plexus.core
[DEBUG]   Imported: org.apache.maven.repository < plexus.core
[DEBUG]   Imported: org.apache.maven.rtinfo < plexus.core
[DEBUG]   Imported: org.apache.maven.settings < plexus.core
[DEBUG]   Imported: org.apache.maven.toolchain < plexus.core
[DEBUG]   Imported: org.apache.maven.usability < plexus.core
[DEBUG]   Imported: org.apache.maven.wagon.* < plexus.core
[DEBUG]   Imported: org.apache.maven.wagon.authentication < plexus.core
[DEBUG]   Imported: org.apache.maven.wagon.authorization < plexus.core
[DEBUG]   Imported: org.apache.maven.wagon.events < plexus.core
[DEBUG]   Imported: org.apache.maven.wagon.observers < plexus.core
[DEBUG]   Imported: org.apache.maven.wagon.proxy < plexus.core
[DEBUG]   Imported: org.apache.maven.wagon.repository < plexus.core
[DEBUG]   Imported: org.apache.maven.wagon.resource < plexus.core
[DEBUG]   Imported: org.codehaus.classworlds < plexus.core
[DEBUG]   Imported: org.codehaus.plexus.* < plexus.core
[DEBUG]   Imported: org.codehaus.plexus.classworlds < plexus.core
[DEBUG]   Imported: org.codehaus.plexus.component < plexus.core
[DEBUG]   Imported: org.codehaus.plexus.configuration < plexus.core
[DEBUG]   Imported: org.codehaus.plexus.container < plexus.core
[DEBUG]   Imported: org.codehaus.plexus.context < plexus.core
[DEBUG]   Imported: org.codehaus.plexus.lifecycle < plexus.core
[DEBUG]   Imported: org.codehaus.plexus.logging < plexus.core
[DEBUG]   Imported: org.codehaus.plexus.personality < plexus.core
[DEBUG]   Imported: org.codehaus.plexus.util.xml.Xpp3Dom < plexus.core
[DEBUG]   Imported: org.codehaus.plexus.util.xml.pull.XmlPullParser < plexus.core
[DEBUG]   Imported: org.codehaus.plexus.util.xml.pull.XmlPullParserException < plexus.core
[DEBUG]   Imported: org.codehaus.plexus.util.xml.pull.XmlSerializer < plexus.core
[DEBUG]   Imported: org.eclipse.aether.* < plexus.core
[DEBUG]   Imported: org.eclipse.aether.artifact < plexus.core
[DEBUG]   Imported: org.eclipse.aether.collection < plexus.core
[DEBUG]   Imported: org.eclipse.aether.deployment < plexus.core
[DEBUG]   Imported: org.eclipse.aether.graph < plexus.core
[DEBUG]   Imported: org.eclipse.aether.impl < plexus.core
[DEBUG]   Imported: org.eclipse.aether.installation < plexus.core
[DEBUG]   Imported: org.eclipse.aether.internal.impl < plexus.core
[DEBUG]   Imported: org.eclipse.aether.metadata < plexus.core
[DEBUG]   Imported: org.eclipse.aether.repository < plexus.core
[DEBUG]   Imported: org.eclipse.aether.resolution < plexus.core
[DEBUG]   Imported: org.eclipse.aether.spi < plexus.core
[DEBUG]   Imported: org.eclipse.aether.transfer < plexus.core
[DEBUG]   Imported: org.eclipse.aether.util < plexus.core
[DEBUG]   Imported: org.eclipse.aether.version < plexus.core
[DEBUG]   Imported: org.fusesource.jansi.* < plexus.core
[DEBUG]   Imported: org.slf4j.* < plexus.core
[DEBUG]   Imported: org.slf4j.event.* < plexus.core
[DEBUG]   Imported: org.slf4j.helpers.* < plexus.core
[DEBUG]   Imported: org.slf4j.spi.* < plexus.core
[DEBUG] Populating class realm maven.api
[DEBUG] Created adapter factory; available factories [file-lock, rwlock-local, semaphore-local, noop]; available name mappers [discriminating, file-gaecv, file-gav, file-hgaecv, file-hgav, file-static, gaecv, gav, static]
[INFO] Error stacktraces are turned on.
[DEBUG] Message scheme: color
[DEBUG] Message styles: debug info warning error success failure strong mojo project
[DEBUG] Reading global settings from /usr/share/maven/conf/settings.xml
[DEBUG] Reading user settings from /home/jules/.m2/settings.xml
[DEBUG] Reading global toolchains from /usr/share/maven/conf/toolchains.xml
[DEBUG] Reading user toolchains from /home/jules/.m2/toolchains.xml
[DEBUG] Using local repository at /home/jules/.m2/repository
[DEBUG] Using manager EnhancedLocalRepositoryManager with priority 10.0 for /home/jules/.m2/repository
[INFO] Scanning for projects...
[DEBUG] Extension realms for project dev.sultanov:keycloak-multi-tenancy:jar:26.0.14: (none)
[DEBUG] Looking up lifecycle mappings for packaging jar from ClassRealm[plexus.core, parent: null]
[DEBUG] === REACTOR BUILD PLAN ================================================
[DEBUG] Project: dev.sultanov:keycloak-multi-tenancy:jar:26.0.14
[DEBUG] Tasks:   [test]
[DEBUG] Style:   Regular
[DEBUG] =======================================================================
[INFO]
[INFO] ----------------< dev.sultanov:keycloak-multi-tenancy >-----------------
[INFO] Building Keycloak Multi-Tenancy 26.0.14
[INFO]   from pom.xml
[INFO] --------------------------------[ jar ]---------------------------------
[DEBUG] Lifecycle clean -> [pre-clean, clean, post-clean]
[DEBUG] Lifecycle default -> [validate, initialize, generate-sources, process-sources, generate-resources, process-resources, compile, process-classes, generate-test-sources, process-test-sources, generate-test-resources, process-test-resources, test-compile, process-test-classes, test, prepare-package, package, pre-integration-test, integration-test, post-integration-test, verify, install, deploy]
[DEBUG] Lifecycle site -> [pre-site, site, post-site, site-deploy]
[DEBUG] Creating adapter using nameMapper 'gaecv' and factory 'rwlock-local'
[DEBUG] Lifecycle clean -> [pre-clean, clean, post-clean]
[DEBUG] Lifecycle default -> [validate, initialize, generate-sources, process-sources, generate-resources, process-resources, compile, process-classes, generate-test-sources, process-test-sources, generate-test-resources, process-test-resources, test-compile, process-test-classes, test, prepare-package, package, pre-integration-test, integration-test, post-integration-test, verify, install, deploy]
[DEBUG] Lifecycle site -> [pre-site, site, post-site, site-deploy]
[DEBUG] Lifecycle clean -> [pre-clean, clean, post-clean]
[DEBUG] Lifecycle default -> [validate, initialize, generate-sources, process-sources, generate-resources, process-resources, compile, process-classes, generate-test-sources, process-test-sources, generate-test-resources, process-test-resources, test-compile, process-test-classes, test, prepare-package, package, pre-integration-test, integration-test, post-integration-test, verify, install, deploy]
[DEBUG] Lifecycle site -> [pre-site, site, post-site, site-deploy]
[DEBUG] Lifecycle clean -> [pre-clean, clean, post-clean]
[DEBUG] Lifecycle default -> [validate, initialize, generate-sources, process-sources, generate-resources, process-resources, compile, process-classes, generate-test-sources, process-test-sources, generate-test-resources, process-test-resources, test-compile, process-test-classes, test, prepare-package, package, pre-integration-test, integration-test, post-integration-test, verify, install, deploy]
[DEBUG] Lifecycle site -> [pre-site, site, post-site, site-deploy]
[DEBUG] Lifecycle clean -> [pre-clean, clean, post-clean]
[DEBUG] Lifecycle default -> [validate, initialize, generate-sources, process-sources, generate-resources, process-resources, compile, process-classes, generate-test-sources, process-test-sources, generate-test-resources, process-test-resources, test-compile, process-test-classes, test, prepare-package, package, pre-integration-test, integration-test, post-integration-test, verify, install, deploy]
[DEBUG] Lifecycle site -> [pre-site, site, post-site, site-deploy]
[DEBUG] Lifecycle clean -> [pre-clean, clean, post-clean]
[DEBUG] Lifecycle default -> [validate, initialize, generate-sources, process-sources, generate-resources, process-resources, compile, process-classes, generate-test-sources, process-test-sources, generate-test-resources, process-test-resources, test-compile, process-test-classes, test, prepare-package, package, pre-integration-test, integration-test, post-integration-test, verify, install, deploy]
[DEBUG] Lifecycle site -> [pre-site, site, post-site, site-deploy]
[DEBUG] === PROJECT BUILD PLAN ================================================
[DEBUG] Project:       dev.sultanov:keycloak-multi-tenancy:26.0.14
[DEBUG] Dependencies (collect): [compile+runtime]
[DEBUG] Dependencies (resolve): [compile, compile+runtime, test]
[DEBUG] Repositories (dependencies): [central (https://repo.maven.apache.org/maven2, default, releases)]
[DEBUG] Repositories (plugins)     : [central (https://repo.maven.apache.org/maven2, default, releases)]
[DEBUG] -----------------------------------------------------------------------
[DEBUG] Goal:          org.apache.maven.plugins:maven-resources-plugin:3.3.1:resources (default-resources)
[DEBUG] Style:         Regular
[DEBUG] Configuration: <?xml version="1.0" encoding="UTF-8"?>
<configuration>
  <addDefaultExcludes default-value="true"/>
  <buildFilters default-value="${project.build.filters}"/>
  <encoding default-value="${project.build.sourceEncoding}"/>
  <escapeWindowsPaths default-value="true"/>
  <fileNameFiltering default-value="false"/>
  <includeEmptyDirs default-value="false"/>
  <outputDirectory default-value="${project.build.outputDirectory}"/>
  <overwrite default-value="false"/>
  <project default-value="${project}"/>
  <resources default-value="${project.resources}"/>
  <session default-value="${session}"/>
  <skip default-value="false">${maven.resources.skip}</skip>
  <supportMultiLineFiltering default-value="false"/>
  <useBuildFilters default-value="true"/>
  <useDefaultDelimiters default-value="true"/>
</configuration>
[DEBUG] -----------------------------------------------------------------------
[DEBUG] Goal:          org.apache.maven.plugins:maven-compiler-plugin:3.13.0:compile (default-compile)
[DEBUG] Style:         Regular
[DEBUG] Configuration: <?xml version="1.0" encoding="UTF-8"?>
<configuration>
  <annotationProcessorPathsUseDepMgmt default-value="false"/>
  <basedir default-value="${basedir}"/>
  <buildDirectory default-value="${project.build.directory}"/>
  <compilePath default-value="${project.compileClasspathElements}"/>
  <compileSourceRoots default-value="${project.compileSourceRoots}"/>
  <compilerId default-value="javac">${maven.compiler.compilerId}</compilerId>
  <compilerReuseStrategy default-value="${reuseCreated}">${maven.compiler.compilerReuseStrategy}</compilerReuseStrategy>
  <compilerVersion>${maven.compiler.compilerVersion}</compilerVersion>
  <createMissingPackageInfoClass default-value="true">${maven.compiler.createMissingPackageInfoClass}</createMissingPackageInfoClass>
  <debug default-value="true">${maven.compiler.debug}</debug>
  <debugFileName default-value="javac"/>
  <debuglevel>${maven.compiler.debuglevel}</debuglevel>
  <enablePreview default-value="false">${maven.compiler.enablePreview}</enablePreview>
  <encoding default-value="${project.build.sourceEncoding}">${encoding}</encoding>
  <executable>${maven.compiler.executable}</executable>
  <failOnError default-value="true">${maven.compiler.failOnError}</failOnError>
  <failOnWarning default-value="false">${maven.compiler.failOnWarning}</failOnWarning>
  <fileExtensions default-value="class,jar"/>
  <forceJavacCompilerUse default-value="false">${maven.compiler.forceJavacCompilerUse}</forceJavacCompilerUse>
  <forceLegacyJavacApi default-value="false">${maven.compiler.forceLegacyJavacApi}</forceLegacyJavacApi>
  <fork default-value="false">${maven.compiler.fork}</fork>
  <generatedSourcesDirectory default-value="${project.build.directory}/generated-sources/annotations"/>
  <implicit>${maven.compiler.implicit}</implicit>
  <maxmem>${maven.compiler.maxmem}</maxmem>
  <meminitial>${maven.compiler.meminitial}</meminitial>
  <mojoExecution default-value="${mojoExecution}"/>
  <optimize default-value="false">${maven.compiler.optimize}</optimize>
  <outputDirectory default-value="${project.build.outputDirectory}">${maven.compiler.outputDirectory}</outputDirectory>
  <outputTimestamp default-value="${project.build.outputTimestamp}"/>
  <parameters default-value="false">${maven.compiler.parameters}</parameters>
  <proc>${maven.compiler.proc}</proc>
  <project default-value="${project}"/>
  <projectArtifact default-value="${project.artifact}"/>
  <release>${maven.compiler.release}</release>
  <session default-value="${session}"/>
  <showCompilationChanges default-value="false">${maven.compiler.showCompilationChanges}</showCompilationChanges>
  <showDeprecation default-value="false">${maven.compiler.showDeprecation}</showDeprecation>
  <showWarnings default-value="true">${maven.compiler.showWarnings}</showWarnings>
  <skipMain>${maven.main.skip}</skipMain>
  <skipMultiThreadWarning default-value="false">${maven.compiler.skipMultiThreadWarning}</skipMultiThreadWarning>
  <source default-value="1.8">17</source>
  <staleMillis default-value="0">${lastModGranularityMs}</staleMillis>
  <target default-value="1.8">17</target>
  <useIncrementalCompilation default-value="true">${maven.compiler.useIncrementalCompilation}</useIncrementalCompilation>
  <verbose default-value="false">${maven.compiler.verbose}</verbose>
</configuration>
[DEBUG] -----------------------------------------------------------------------
[DEBUG] Goal:          io.smallrye:smallrye-open-api-maven-plugin:4.0.5:generate-schema (default)
[DEBUG] Style:         Regular
[DEBUG] Configuration: <?xml version="1.0" encoding="UTF-8"?>
<configuration>
  <applicationPathDisable default-value="false">${applicationPathDisable}</applicationPathDisable>
  <attachArtifacts default-value="false">${attachArtifacts}</attachArtifacts>
  <configProperties>${configProperties}</configProperties>
  <customSchemaRegistryClass>${customSchemaRegistryClass}</customSchemaRegistryClass>
  <encoding>${encoding}</encoding>
  <filter>${filter}</filter>
  <includeDependenciesScopes default-value="compile,system">${includeDependenciesScopes}</includeDependenciesScopes>
  <includeDependenciesTypes default-value="jar">${includeDependenciesTypes}</includeDependenciesTypes>
  <includeStandardJavaModules>${includeStandardJavaModules}</includeStandardJavaModules>
  <infoContactEmail>${infoContactEmail}</infoContactEmail>
  <infoContactName>${infoContactName}</infoContactName>
  <infoContactUrl>${infoContactUrl}</infoContactUrl>
  <infoDescription>${infoDescription}</infoDescription>
  <infoLicenseName>${infoLicenseName}</infoLicenseName>
  <infoLicenseUrl>${infoLicenseUrl}</infoLicenseUrl>
  <infoSummary>${infoSummary}</infoSummary>
  <infoTermsOfService>${infoTermsOfService}</infoTermsOfService>
  <infoTitle>Keycloak Multi-Tenancy</infoTitle>
  <infoVersion>26.0.14</infoVersion>
  <mavenProject default-value="${project}"/>
  <modelReader>${modelReader}</modelReader>
  <openApiVersion default-value="3.1.0">${openApiVersion}</openApiVersion>
  <operationIdStrategy>${operationIdStrategy}</operationIdStrategy>
  <operationServers>${operationServers}</operationServers>
  <outputDirectory default-value="${project.build.directory}/generated/">/app/docs</outputDirectory>
  <outputFileTypeFilter default-value="ALL">${outputFileTypeFilter}</outputFileTypeFilter>
  <pathServers>${pathServers}</pathServers>
  <scanClasses>${scanClasses}</scanClasses>
  <scanDependenciesDisable default-value="false">${scanDependenciesDisable}</scanDependenciesDisable>
  <scanDisabled>${scanDisabled}</scanDisabled>
  <scanExcludeClasses>${scanExcludeClasses}</scanExcludeClasses>
  <scanExcludePackages>${scanExcludePackages}</scanExcludePackages>
  <scanExcludeProfiles>${scanExcludeProfiles}</scanExcludeProfiles>
  <scanPackages>${scanPackages}</scanPackages>
  <scanProfiles>${scanProfiles}</scanProfiles>
  <scanResourceClasses>
    <dev.sultanov.keycloak.multitenancy.resource.TenantsResource>/tenants</dev.sultanov.keycloak.multitenancy.resource.TenantsResource>${scanResourceClasses}</scanResourceClasses>
  <scanners>${scanners}</scanners>
  <schemaFilename default-value="openapi">${schemaFilename}</schemaFilename>
  <servers>{{keycloakUrl}}/auth/realms/{{realmName}}</servers>
  <skip default-value="false">${skip}</skip>
</configuration>
[DEBUG] -----------------------------------------------------------------------
[DEBUG] Goal:          org.apache.maven.plugins:maven-resources-plugin:3.3.1:testResources (default-testResources)
[DEBUG] Style:         Regular
[DEBUG] Configuration: <?xml version="1.0" encoding="UTF-8"?>
<configuration>
  <addDefaultExcludes default-value="true"/>
  <buildFilters default-value="${project.build.filters}"/>
  <encoding default-value="${project.build.sourceEncoding}"/>
  <escapeWindowsPaths default-value="true"/>
  <fileNameFiltering default-value="false"/>
  <includeEmptyDirs default-value="false"/>
  <outputDirectory default-value="${project.build.testOutputDirectory}"/>
  <overwrite default-value="false"/>
  <project default-value="${project}"/>
  <resources default-value="${project.testResources}"/>
  <session default-value="${session}"/>
  <skip default-value="false">${maven.test.skip}</skip>
  <supportMultiLineFiltering default-value="false"/>
  <useBuildFilters default-value="true"/>
  <useDefaultDelimiters default-value="true"/>
</configuration>
[DEBUG] -----------------------------------------------------------------------
[DEBUG] Goal:          org.apache.maven.plugins:maven-compiler-plugin:3.13.0:testCompile (default-testCompile)
[DEBUG] Style:         Regular
[DEBUG] Configuration: <?xml version="1.0" encoding="UTF-8"?>
<configuration>
  <annotationProcessorPathsUseDepMgmt default-value="false"/>
  <basedir default-value="${basedir}"/>
  <buildDirectory default-value="${project.build.directory}"/>
  <compileSourceRoots default-value="${project.testCompileSourceRoots}"/>
  <compilerId default-value="javac">${maven.compiler.compilerId}</compilerId>
  <compilerReuseStrategy default-value="${reuseCreated}">${maven.compiler.compilerReuseStrategy}</compilerReuseStrategy>
  <compilerVersion>${maven.compiler.compilerVersion}</compilerVersion>
  <createMissingPackageInfoClass default-value="true">${maven.compiler.createMissingPackageInfoClass}</createMissingPackageInfoClass>
  <debug default-value="true">${maven.compiler.debug}</debug>
  <debugFileName default-value="javac-test"/>
  <debuglevel>${maven.compiler.debuglevel}</debuglevel>
  <enablePreview default-value="false">${maven.compiler.enablePreview}</enablePreview>
  <encoding default-value="${project.build.sourceEncoding}">${encoding}</encoding>
  <executable>${maven.compiler.executable}</executable>
  <failOnError default-value="true">${maven.compiler.failOnError}</failOnError>
  <failOnWarning default-value="false">${maven.compiler.failOnWarning}</failOnWarning>
  <fileExtensions default-value="class,jar"/>
  <forceJavacCompilerUse default-value="false">${maven.compiler.forceJavacCompilerUse}</forceJavacCompilerUse>
  <forceLegacyJavacApi default-value="false">${maven.compiler.forceLegacyJavacApi}</forceLegacyJavacApi>
  <fork default-value="false">${maven.compiler.fork}</fork>
  <generatedTestSourcesDirectory default-value="${project.build.directory}/generated-test-sources/test-annotations"/>
  <implicit>${maven.compiler.implicit}</implicit>
  <maxmem>${maven.compiler.maxmem}</maxmem>
  <meminitial>${maven.compiler.meminitial}</meminitial>
  <mojoExecution default-value="${mojoExecution}"/>
  <optimize default-value="false">${maven.compiler.optimize}</optimize>
  <outputDirectory default-value="${project.build.testOutputDirectory}"/>
  <outputTimestamp default-value="${project.build.outputTimestamp}"/>
  <parameters default-value="false">${maven.compiler.parameters}</parameters>
  <proc>${maven.compiler.proc}</proc>
  <project default-value="${project}"/>
  <release>${maven.compiler.release}</release>
  <session default-value="${session}"/>
  <showCompilationChanges default-value="false">${maven.compiler.showCompilationChanges}</showCompilationChanges>
  <showDeprecation default-value="false">${maven.compiler.showDeprecation}</showDeprecation>
  <showWarnings default-value="true">${maven.compiler.showWarnings}</showWarnings>
  <skip>${maven.test.skip}</skip>
  <skipMultiThreadWarning default-value="false">${maven.compiler.skipMultiThreadWarning}</skipMultiThreadWarning>
  <source default-value="1.8">17</source>
  <staleMillis default-value="0">${lastModGranularityMs}</staleMillis>
  <target default-value="1.8">17</target>
  <testPath default-value="${project.testClasspathElements}"/>
  <testRelease>${maven.compiler.testRelease}</testRelease>
  <testSource>${maven.compiler.testSource}</testSource>
  <testTarget>${maven.compiler.testTarget}</testTarget>
  <useIncrementalCompilation default-value="true">${maven.compiler.useIncrementalCompilation}</useIncrementalCompilation>
  <useModulePath default-value="true"/>
  <verbose default-value="false">${maven.compiler.verbose}</verbose>
</configuration>
[DEBUG] -----------------------------------------------------------------------
[DEBUG] Goal:          org.apache.maven.plugins:maven-surefire-plugin:3.5.2:test (default-test)
[DEBUG] Style:         Regular
[DEBUG] Configuration: <?xml version="1.0" encoding="UTF-8"?>
<configuration>
  <additionalClasspathDependencies>${maven.test.additionalClasspathDependencies}</additionalClasspathDependencies>
  <additionalClasspathElements>${maven.test.additionalClasspath}</additionalClasspathElements>
  <argLine>${argLine}</argLine>
  <basedir default-value="${basedir}"/>
  <childDelegation default-value="false">${childDelegation}</childDelegation>
  <classesDirectory default-value="${project.build.outputDirectory}"/>
  <classpathDependencyExcludes>${maven.test.dependency.excludes}</classpathDependencyExcludes>
  <consoleOutputReporter>
    <disable>true</disable>
  </consoleOutputReporter>
  <debugForkedProcess>${maven.surefire.debug}</debugForkedProcess>
  <dependenciesToScan>${dependenciesToScan}</dependenciesToScan>
  <disableXmlReport default-value="false">${disableXmlReport}</disableXmlReport>
  <enableAssertions default-value="true">${enableAssertions}</enableAssertions>
  <enableOutErrElements default-value="true">${enableOutErrElements}</enableOutErrElements>
  <enableProcessChecker>${surefire.enableProcessChecker}</enableProcessChecker>
  <enablePropertiesElement default-value="true">${enablePropertiesElement}</enablePropertiesElement>
  <encoding default-value="${project.reporting.outputEncoding}">${surefire.encoding}</encoding>
  <excludeJUnit5Engines>${surefire.excludeJUnit5Engines}</excludeJUnit5Engines>
  <excludedEnvironmentVariables>${surefire.excludedEnvironmentVariables}</excludedEnvironmentVariables>
  <excludedGroups>${excludedGroups}</excludedGroups>
  <excludes>${surefire.excludes}</excludes>
  <excludesFile>${surefire.excludesFile}</excludesFile>
  <failIfNoSpecifiedTests default-value="true">${surefire.failIfNoSpecifiedTests}</failIfNoSpecifiedTests>
  <failIfNoTests default-value="false">${failIfNoTests}</failIfNoTests>
  <failOnFlakeCount default-value="0">${surefire.failOnFlakeCount}</failOnFlakeCount>
  <forkCount default-value="1">${forkCount}</forkCount>
  <forkNode>${surefire.forkNode}</forkNode>
  <forkedProcessExitTimeoutInSeconds default-value="30">${surefire.exitTimeout}</forkedProcessExitTimeoutInSeconds>
  <forkedProcessTimeoutInSeconds>${surefire.timeout}</forkedProcessTimeoutInSeconds>
  <groups>${groups}</groups>
  <includeJUnit5Engines>${surefire.includeJUnit5Engines}</includeJUnit5Engines>
  <includes>${surefire.includes}</includes>
  <includesFile>${surefire.includesFile}</includesFile>
  <junitArtifactName default-value="junit:junit">${junitArtifactName}</junitArtifactName>
  <jvm>${jvm}</jvm>
  <objectFactory>${objectFactory}</objectFactory>
  <parallel>${parallel}</parallel>
  <parallelMavenExecution default-value="${session.parallel}"/>
  <parallelOptimized default-value="true">${parallelOptimized}</parallelOptimized>
  <parallelTestsTimeoutForcedInSeconds>${surefire.parallel.forcedTimeout}</parallelTestsTimeoutForcedInSeconds>
  <parallelTestsTimeoutInSeconds>${surefire.parallel.timeout}</parallelTestsTimeoutInSeconds>
  <perCoreThreadCount default-value="true">${perCoreThreadCount}</perCoreThreadCount>
  <pluginArtifactMap>${plugin.artifactMap}</pluginArtifactMap>
  <pluginDescriptor default-value="${plugin}"/>
  <printSummary default-value="true">${surefire.printSummary}</printSummary>
  <project default-value="${project}"/>
  <projectArtifactMap>${project.artifactMap}</projectArtifactMap>
  <projectBuildDirectory default-value="${project.build.directory}"/>
  <promoteUserPropertiesToSystemProperties default-value="true"/>
  <redirectTestOutputToFile default-value="false">${maven.test.redirectTestOutputToFile}</redirectTestOutputToFile>
  <reportFormat default-value="brief">plain</reportFormat>
  <reportNameSuffix default-value="">${surefire.reportNameSuffix}</reportNameSuffix>
  <reportsDirectory default-value="${project.build.directory}/surefire-reports"/>
  <rerunFailingTestsCount default-value="0">${surefire.rerunFailingTestsCount}</rerunFailingTestsCount>
  <reuseForks default-value="true">${reuseForks}</reuseForks>
  <runOrder default-value="filesystem">${surefire.runOrder}</runOrder>
  <runOrderRandomSeed>${surefire.runOrder.random.seed}</runOrderRandomSeed>
  <session default-value="${session}"/>
  <shutdown default-value="exit">${surefire.shutdown}</shutdown>
  <skip default-value="false">${maven.test.skip}</skip>
  <skipAfterFailureCount default-value="0">${surefire.skipAfterFailureCount}</skipAfterFailureCount>
  <skipExec>${maven.test.skip.exec}</skipExec>
  <skipTests default-value="false">${skipTests}</skipTests>
  <statelessTestsetInfoReporter implementation="org.apache.maven.plugin.surefire.extensions.junit5.JUnit5StatelessTestsetInfoTreeReporter"/>
  <suiteXmlFiles>${surefire.suiteXmlFiles}</suiteXmlFiles>
  <systemPropertiesFile>${surefire.systemPropertiesFile}</systemPropertiesFile>
  <tempDir default-value="surefire">${tempDir}</tempDir>
  <test>${test}</test>
  <testClassesDirectory default-value="${project.build.testOutputDirectory}"/>
  <testFailureIgnore default-value="false">${maven.test.failure.ignore}</testFailureIgnore>
  <testNGArtifactName default-value="org.testng:testng">${testNGArtifactName}</testNGArtifactName>
  <testSourceDirectory default-value="${project.build.testSourceDirectory}"/>
  <threadCount>${threadCount}</threadCount>
  <threadCountClasses default-value="0">${threadCountClasses}</threadCountClasses>
  <threadCountMethods default-value="0">${threadCountMethods}</threadCountMethods>
  <threadCountSuites default-value="0">${threadCountSuites}</threadCountSuites>
  <trimStackTrace default-value="false">${trimStackTrace}</trimStackTrace>
  <useFile default-value="true">${surefire.useFile}</useFile>
  <useManifestOnlyJar default-value="true">${surefire.useManifestOnlyJar}</useManifestOnlyJar>
  <useModulePath default-value="true">${surefire.useModulePath}</useModulePath>
  <useSystemClassLoader default-value="true">${surefire.useSystemClassLoader}</useSystemClassLoader>
  <useUnlimitedThreads default-value="false">${useUnlimitedThreads}</useUnlimitedThreads>
  <workingDirectory>${basedir}</workingDirectory>
</configuration>
[DEBUG] =======================================================================
[DEBUG] Using mirror maven-default-http-blocker (http://0.0.0.0/) for apache.snapshots (http://repository.apache.org/snapshots).
[DEBUG] Dependency collection stats {ConflictMarker.analyzeTime=3219572, ConflictMarker.markTime=938383, ConflictMarker.nodeCount=1029, ConflictIdSorter.graphTime=1778974, ConflictIdSorter.topsortTime=572065, ConflictIdSorter.conflictIdCount=260, ConflictIdSorter.conflictIdCycleCount=0, ConflictResolver.totalTime=34841244, ConflictResolver.conflictItemCount=596, DfDependencyCollector.collectTime=1181671570, DfDependencyCollector.transformTime=43474671}
[DEBUG] dev.sultanov:keycloak-multi-tenancy:jar:26.0.14
[DEBUG]    org.apache.httpcomponents:httpclient:jar:4.5.14:compile
[DEBUG]       org.apache.httpcomponents:httpcore:jar:4.4.16:compile
[DEBUG]       commons-logging:commons-logging:jar:1.2:compile
[DEBUG]       commons-codec:commons-codec:jar:1.11:compile
[DEBUG]    org.apache.commons:commons-lang3:jar:3.12.0:compile
[DEBUG]    org.keycloak:keycloak-server-spi:jar:26.0.7:provided
[DEBUG]    org.keycloak:keycloak-server-spi-private:jar:26.0.7:provided
[DEBUG]    org.keycloak:keycloak-services:jar:26.0.7:provided
[DEBUG]       org.keycloak:keycloak-core:jar:26.0.7:provided
[DEBUG]       jakarta.mail:jakarta.mail-api:jar:2.1.1:provided
[DEBUG]          jakarta.activation:jakarta.activation-api:jar:2.1.1:provided
[DEBUG]       org.eclipse.angus:angus-mail:jar:2.0.3:provided
[DEBUG]          org.eclipse.angus:angus-activation:jar:2.0.2:provided
[DEBUG]       org.keycloak:keycloak-common:jar:26.0.7:provided
[DEBUG]       org.twitter4j:twitter4j-core:jar:4.1.2:provided
[DEBUG]       org.jboss.logging:jboss-logging:jar:3.6.0.Final:compile
[DEBUG]       org.jboss.logging:commons-logging-jboss-logging:jar:1.0.0.Final:provided
[DEBUG]       jakarta.ws.rs:jakarta.ws.rs-api:jar:3.1.0:provided
[DEBUG]       jakarta.transaction:jakarta.transaction-api:jar:2.0.1:provided
[DEBUG]       jakarta.xml.soap:jakarta.xml.soap-api:jar:3.0.0:provided
[DEBUG]       com.googlecode.owasp-java-html-sanitizer:owasp-java-html-sanitizer:jar:20240325.1:provided
[DEBUG]       com.googlecode.owasp-java-html-sanitizer:java8-shim:jar:20240325.1:provided
[DEBUG]       com.googlecode.owasp-java-html-sanitizer:java10-shim:jar:20240325.1:provided
[DEBUG]       com.fasterxml.jackson.core:jackson-core:jar:2.17.2:compile
[DEBUG]       com.fasterxml.jackson.core:jackson-databind:jar:2.17.2:compile
[DEBUG]       com.fasterxml.jackson.core:jackson-annotations:jar:2.17.2:compile
[DEBUG]       javax.annotation:javax.annotation-api:jar:1.3.2:provided
[DEBUG]       com.fasterxml.jackson.datatype:jackson-datatype-jdk8:jar:2.17.2:provided
[DEBUG]       com.google.zxing:javase:jar:3.4.0:provided
[DEBUG]          com.google.zxing:core:jar:3.4.0:provided
[DEBUG]          com.github.jai-imageio:jai-imageio-core:jar:1.4.0:provided
[DEBUG]       com.apicatalog:titanium-json-ld:jar:1.3.3:provided
[DEBUG]       io.setl:rdf-urdna:jar:1.1:provided
[DEBUG]       com.webauthn4j:webauthn4j-core:jar:0.21.5.RELEASE:provided
[DEBUG]          com.webauthn4j:webauthn4j-util:jar:0.21.5.RELEASE:provided
[DEBUG]          org.apache.kerby:kerby-asn1:jar:2.0.3:provided
[DEBUG]          com.fasterxml.jackson.dataformat:jackson-dataformat-cbor:jar:2.15.2:provided
[DEBUG]          org.checkerframework:checker-qual:jar:3.36.0:provided
[DEBUG]       com.github.ua-parser:uap-java:jar:1.5.4:provided
[DEBUG]          org.apache.commons:commons-collections4:jar:4.4:provided
[DEBUG]       org.eclipse.microprofile.openapi:microprofile-openapi-api:jar:3.1.1:compile
[DEBUG]       io.smallrye.common:smallrye-common-annotation:jar:2.6.0:provided
[DEBUG]       org.keycloak:keycloak-model-storage-private:jar:26.0.7:provided
[DEBUG]       org.keycloak:keycloak-config-api:jar:26.0.7:provided
[DEBUG]          org.infinispan:infinispan-commons:jar:15.0.11.Final:provided
[DEBUG]             org.infinispan.protostream:protostream:jar:5.0.10.Final:provided
[DEBUG]             org.infinispan.protostream:protostream-types:jar:5.0.10.Final:provided
[DEBUG]                org.infinispan.protostream:protostream-processor:jar:5.0.10.Final:provided
[DEBUG]             com.github.ben-manes.caffeine:caffeine:jar:3.1.8:provided
[DEBUG]             io.reactivex.rxjava3:rxjava:jar:3.1.8:provided
[DEBUG]          io.quarkus:quarkus-opentelemetry:jar:3.15.1:provided
[DEBUG]             io.quarkus:quarkus-core:jar:3.15.1:provided
[DEBUG]                jakarta.enterprise:jakarta.enterprise.cdi-api:jar:4.1.0:provided
[DEBUG]                   jakarta.enterprise:jakarta.enterprise.lang-model:jar:4.1.0:provided
[DEBUG]                   jakarta.el:jakarta.el-api:jar:6.0.0:provided
[DEBUG]                   jakarta.interceptor:jakarta.interceptor-api:jar:2.2.0:provided
[DEBUG]                io.smallrye.common:smallrye-common-os:jar:2.6.0:provided
[DEBUG]                io.quarkus:quarkus-ide-launcher:jar:3.15.1:provided
[DEBUG]                io.quarkus:quarkus-development-mode-spi:jar:3.15.1:provided
[DEBUG]                io.smallrye.config:smallrye-config:jar:3.9.1:provided
[DEBUG]                   io.smallrye.config:smallrye-config-core:jar:3.9.1:provided
[DEBUG]                      org.ow2.asm:asm:jar:9.7:provided
[DEBUG]                      io.smallrye.config:smallrye-config-common:jar:3.9.1:provided
[DEBUG]                org.jboss.logmanager:jboss-logmanager:jar:3.0.6.Final:provided
[DEBUG]                   io.smallrye.common:smallrye-common-cpu:jar:2.2.0:provided
[DEBUG]                   io.smallrye.common:smallrye-common-expression:jar:2.2.0:provided
[DEBUG]                      io.smallrye.common:smallrye-common-function:jar:2.2.0:provided
[DEBUG]                   io.smallrye.common:smallrye-common-net:jar:2.2.0:provided
[DEBUG]                   io.smallrye.common:smallrye-common-ref:jar:2.2.0:provided
[DEBUG]                   jakarta.json:jakarta.json-api:jar:2.1.3:provided
[DEBUG]                   org.eclipse.parsson:parsson:jar:1.1.6:provided
[DEBUG]                org.jboss.logging:jboss-logging-annotations:jar:3.0.1.Final:provided
[DEBUG]                org.jboss.threads:jboss-threads:jar:3.6.1.Final:provided
[DEBUG]                org.jboss.slf4j:slf4j-jboss-logmanager:jar:2.0.0.Final:provided
[DEBUG]                org.wildfly.common:wildfly-common:jar:1.7.0.Final:provided
[DEBUG]                io.quarkus:quarkus-bootstrap-runner:jar:3.15.1:provided
[DEBUG]                   io.quarkus:quarkus-classloader-commons:jar:3.15.1:provided
[DEBUG]                   io.smallrye.common:smallrye-common-io:jar:2.6.0:provided
[DEBUG]                   io.github.crac:org-crac:jar:0.1.3:provided
[DEBUG]                io.quarkus:quarkus-fs-util:jar:0.0.10:provided
[DEBUG]             io.quarkus:quarkus-tls-registry:jar:3.15.1:provided
[DEBUG]                io.quarkus:quarkus-credentials:jar:3.15.1:provided
[DEBUG]             io.quarkus:quarkus-arc:jar:3.15.1:provided
[DEBUG]                io.quarkus.arc:arc:jar:3.15.1:provided
[DEBUG]                   io.smallrye.reactive:mutiny:jar:2.6.2:provided
[DEBUG]                      org.jctools:jctools-core:jar:4.0.5:provided
[DEBUG]                org.eclipse.microprofile.context-propagation:microprofile-context-propagation-api:jar:1.3:provided
[DEBUG]             io.quarkus:quarkus-vertx:jar:3.15.1:provided
[DEBUG]                io.quarkus:quarkus-netty:jar:3.15.1:provided
[DEBUG]                   io.netty:netty-codec:jar:4.1.111.Final:provided
[DEBUG]                   io.netty:netty-codec-http:jar:4.1.111.Final:provided
[DEBUG]                   io.netty:netty-codec-http2:jar:4.1.111.Final:provided
[DEBUG]                   io.netty:netty-handler:jar:4.1.111.Final:provided
[DEBUG]                      io.netty:netty-transport-native-unix-common:jar:4.1.111.Final:provided
[DEBUG]                   com.aayushatharva.brotli4j:brotli4j:jar:1.16.0:provided
[DEBUG]                      com.aayushatharva.brotli4j:service:jar:1.16.0:provided
[DEBUG]                      com.aayushatharva.brotli4j:native-linux-x86_64:jar:1.16.0:provided
[DEBUG]                io.netty:netty-codec-haproxy:jar:4.1.111.Final:provided
[DEBUG]                   io.netty:netty-buffer:jar:4.1.111.Final:provided
[DEBUG]                   io.netty:netty-transport:jar:4.1.111.Final:provided
[DEBUG]                io.quarkus:quarkus-mutiny:jar:3.15.1:provided
[DEBUG]                   io.quarkus:quarkus-smallrye-context-propagation:jar:3.15.1:provided
[DEBUG]                      io.smallrye:smallrye-context-propagation:jar:2.1.2:provided
[DEBUG]                         io.smallrye:smallrye-context-propagation-api:jar:2.1.2:provided
[DEBUG]                         io.smallrye:smallrye-context-propagation-storage:jar:2.1.2:provided
[DEBUG]                   io.smallrye.reactive:mutiny-smallrye-context-propagation:jar:2.6.2:provided
[DEBUG]                io.quarkus:quarkus-virtual-threads:jar:3.15.1:provided
[DEBUG]                io.quarkus:quarkus-vertx-latebound-mdc-provider:jar:3.15.1:provided
[DEBUG]                io.smallrye.reactive:smallrye-mutiny-vertx-core:jar:3.15.0:provided
[DEBUG]                   io.smallrye.reactive:smallrye-mutiny-vertx-runtime:jar:3.15.0:provided
[DEBUG]                   io.smallrye.reactive:vertx-mutiny-generator:jar:3.15.0:provided
[DEBUG]                      io.vertx:vertx-codegen:jar:4.5.10:provided
[DEBUG]                io.smallrye:smallrye-fault-tolerance-vertx:jar:6.4.0:provided
[DEBUG]             io.quarkus:quarkus-security-runtime-spi:jar:3.15.1:provided
[DEBUG]                io.quarkus.security:quarkus-security:jar:2.1.0:provided
[DEBUG]             io.quarkus:quarkus-grpc-common:jar:3.15.1:provided
[DEBUG]                com.google.code.findbugs:jsr305:jar:3.0.2:provided
[DEBUG]                io.vertx:vertx-grpc:jar:4.5.10:provided
[DEBUG]                   io.grpc:grpc-netty:jar:1.65.0:provided
[DEBUG]                      io.grpc:grpc-util:jar:1.65.0:provided
[DEBUG]                   io.grpc:grpc-protobuf:jar:1.65.0:provided
[DEBUG]                      com.google.protobuf:protobuf-java:jar:3.25.1:provided
[DEBUG]                      com.google.api.grpc:proto-google-common-protos:jar:2.29.0:provided
[DEBUG]                      io.grpc:grpc-protobuf-lite:jar:1.65.0:provided
[DEBUG]                   com.google.guava:guava:jar:32.1.2-jre:provided
[DEBUG]                      com.google.guava:failureaccess:jar:1.0.1:provided
[DEBUG]                      com.google.guava:listenablefuture:jar:9999.0-empty-to-avoid-conflict-with-guava:provided
[DEBUG]                      com.google.j2objc:j2objc-annotations:jar:2.8:provided
[DEBUG]                io.vertx:vertx-grpc-server:jar:4.5.10:provided
[DEBUG]                io.grpc:grpc-core:jar:1.65.1:provided
[DEBUG]                   io.perfmark:perfmark-api:jar:0.26.0:provided
[DEBUG]                   io.grpc:grpc-context:jar:1.65.1:provided
[DEBUG]             io.smallrye.common:smallrye-common-vertx-context:jar:2.6.0:provided
[DEBUG]                io.vertx:vertx-core:jar:4.5.9:provided
[DEBUG]                   io.netty:netty-common:jar:4.1.111.Final:provided
[DEBUG]                   io.netty:netty-handler-proxy:jar:4.1.111.Final:provided
[DEBUG]                      io.netty:netty-codec-socks:jar:4.1.111.Final:provided
[DEBUG]                   io.netty:netty-resolver:jar:4.1.111.Final:provided
[DEBUG]                   io.netty:netty-resolver-dns:jar:4.1.111.Final:provided
[DEBUG]                      io.netty:netty-codec-dns:jar:4.1.111.Final:provided
[DEBUG]                io.smallrye.common:smallrye-common-constraint:jar:2.6.0:provided
[DEBUG]             io.opentelemetry:opentelemetry-sdk-extension-autoconfigure:jar:1.39.0:provided
[DEBUG]             io.opentelemetry:opentelemetry-sdk:jar:1.39.0:provided
[DEBUG]                io.opentelemetry:opentelemetry-api:jar:1.39.0:provided
[DEBUG]                   io.opentelemetry:opentelemetry-context:jar:1.39.0:provided
[DEBUG]                io.opentelemetry:opentelemetry-sdk-common:jar:1.39.0:provided
[DEBUG]                io.opentelemetry:opentelemetry-sdk-trace:jar:1.39.0:provided
[DEBUG]                io.opentelemetry:opentelemetry-sdk-metrics:jar:1.39.0:provided
[DEBUG]                io.opentelemetry:opentelemetry-sdk-logs:jar:1.39.0:provided
[DEBUG]             io.opentelemetry:opentelemetry-sdk-extension-autoconfigure-spi:jar:1.39.0:provided
[DEBUG]             io.opentelemetry.semconv:opentelemetry-semconv:jar:1.26.0-alpha:provided
[DEBUG]             io.opentelemetry:opentelemetry-api-incubator:jar:1.39.0-alpha:provided
[DEBUG]             io.opentelemetry.instrumentation:opentelemetry-instrumentation-api:jar:2.5.0:provided
[DEBUG]             io.opentelemetry.instrumentation:opentelemetry-instrumentation-annotations:jar:2.5.0:provided
[DEBUG]             io.opentelemetry.instrumentation:opentelemetry-instrumentation-annotations-support:jar:2.5.0-alpha:provided
[DEBUG]                io.opentelemetry.semconv:opentelemetry-semconv-incubating:jar:1.25.0-alpha:provided
[DEBUG]             io.opentelemetry.instrumentation:opentelemetry-instrumentation-api-incubator:jar:2.5.0-alpha:provided
[DEBUG]             io.opentelemetry:opentelemetry-exporter-otlp-common:jar:1.39.0:provided
[DEBUG]                io.opentelemetry:opentelemetry-exporter-common:jar:1.39.0:provided
[DEBUG]             io.opentelemetry:opentelemetry-exporter-otlp:jar:1.39.0:provided
[DEBUG]                io.opentelemetry:opentelemetry-exporter-sender-okhttp:jar:1.39.0:provided
[DEBUG]             io.vertx:vertx-grpc-client:jar:4.5.10:provided
[DEBUG]                io.vertx:vertx-grpc-common:jar:4.5.10:provided
[DEBUG]                io.grpc:grpc-stub:jar:1.65.0:provided
[DEBUG]                io.grpc:grpc-api:jar:1.65.0:provided
[DEBUG]    org.keycloak:keycloak-model-jpa:jar:26.0.7:provided
[DEBUG]       org.keycloak:keycloak-model-storage:jar:26.0.7:provided
[DEBUG]       org.liquibase:liquibase-core:jar:4.29.1:provided
[DEBUG]          com.opencsv:opencsv:jar:5.9:provided
[DEBUG]          javax.xml.bind:jaxb-api:jar:2.3.1:provided
[DEBUG]          commons-io:commons-io:jar:2.16.1:provided
[DEBUG]       jakarta.persistence:jakarta.persistence-api:jar:3.1.0:provided
[DEBUG]       org.hibernate.orm:hibernate-core:jar:6.6.0.Final:provided
[DEBUG]          org.hibernate.common:hibernate-commons-annotations:jar:7.0.1.Final:provided
[DEBUG]          com.fasterxml:classmate:jar:1.5.1:provided
[DEBUG]          jakarta.xml.bind:jakarta.xml.bind-api:jar:4.0.0:provided
[DEBUG]          org.glassfish.jaxb:jaxb-runtime:jar:4.0.2:provided
[DEBUG]          jakarta.inject:jakarta.inject-api:jar:2.0.1:provided
[DEBUG]          org.antlr:antlr4-runtime:jar:4.13.0:provided
[DEBUG]       org.slf4j:slf4j-api:jar:2.0.6:provided
[DEBUG]    org.keycloak:keycloak-admin-client:jar:26.0.3:provided
[DEBUG]       org.keycloak:keycloak-client-common-synced:jar:26.0.3:provided
[DEBUG]       com.fasterxml.jackson.datatype:jackson-datatype-jsr310:jar:2.17.2:provided
[DEBUG]       org.jboss.resteasy:resteasy-client:jar:6.2.9.Final:provided
[DEBUG]          org.jboss.resteasy:resteasy-client-api:jar:6.2.9.Final:provided
[DEBUG]          org.jboss.resteasy:resteasy-core-spi:jar:6.2.9.Final:provided
[DEBUG]             jakarta.annotation:jakarta.annotation-api:jar:2.1.1:provided
[DEBUG]             jakarta.validation:jakarta.validation-api:jar:3.0.2:provided
[DEBUG]          org.jboss.resteasy:resteasy-core:jar:6.2.9.Final:provided
[DEBUG]             org.jboss:jandex:jar:2.4.5.Final:provided
[DEBUG]             com.ibm.async:asyncutil:jar:0.1.0:provided
[DEBUG]          org.reactivestreams:reactive-streams:jar:1.0.4:provided
[DEBUG]       org.jboss.resteasy:resteasy-multipart-provider:jar:6.2.9.Final:provided
[DEBUG]          org.apache.james:apache-mime4j-dom:jar:0.8.11:provided
[DEBUG]             org.apache.james:apache-mime4j-core:jar:0.8.11:provided
[DEBUG]          org.apache.james:apache-mime4j-storage:jar:0.8.11:provided
[DEBUG]       org.jboss.resteasy:resteasy-jackson2-provider:jar:6.2.9.Final:provided
[DEBUG]          com.fasterxml.jackson.jakarta.rs:jackson-jakarta-rs-base:jar:2.15.4:provided
[DEBUG]          com.fasterxml.jackson.jakarta.rs:jackson-jakarta-rs-json-provider:jar:2.15.4:provided
[DEBUG]          com.fasterxml.jackson.module:jackson-module-jakarta-xmlbind-annotations:jar:2.15.4:provided
[DEBUG]          com.github.java-json-tools:json-patch:jar:1.13:provided
[DEBUG]             com.github.java-json-tools:msg-simple:jar:1.2:provided
[DEBUG]                com.github.java-json-tools:btf:jar:1.3:provided
[DEBUG]             com.github.java-json-tools:jackson-coreutils:jar:2.0:provided
[DEBUG]       org.jboss.resteasy:resteasy-jaxb-provider:jar:6.2.9.Final:provided
[DEBUG]          org.glassfish.jaxb:codemodel:jar:4.0.3:provided
[DEBUG]          org.glassfish.jaxb:jaxb-core:jar:4.0.3:provided
[DEBUG]          org.glassfish.jaxb:jaxb-jxc:jar:4.0.3:provided
[DEBUG]          org.glassfish.jaxb:txw2:jar:4.0.3:provided
[DEBUG]          org.glassfish.jaxb:jaxb-xjc:jar:4.0.3:provided
[DEBUG]          org.glassfish.jaxb:xsom:jar:4.0.3:provided
[DEBUG]          com.sun.istack:istack-commons-runtime:jar:4.1.2:provided
[DEBUG]          com.sun.istack:istack-commons-tools:jar:4.1.2:provided
[DEBUG]          com.sun.xml.bind.external:relaxng-datatype:jar:4.0.3:provided
[DEBUG]          com.sun.xml.bind.external:rngom:jar:4.0.3:provided
[DEBUG]    org.projectlombok:lombok:jar:1.18.36:provided
[DEBUG]    io.smallrye:smallrye-open-api-jaxrs:jar:4.0.5:compile
[DEBUG]       io.smallrye:smallrye-open-api-core:jar:4.0.5:compile
[DEBUG]          org.eclipse.microprofile.config:microprofile-config-api:jar:3.0.3:compile
[DEBUG]          io.smallrye:smallrye-open-api-model:jar:4.0.5:compile
[DEBUG]          com.fasterxml.jackson.dataformat:jackson-dataformat-yaml:jar:2.18.2:compile
[DEBUG]             org.yaml:snakeyaml:jar:2.3:compile
[DEBUG]          io.smallrye:jandex:jar:3.2.3:compile
[DEBUG]          io.smallrye.common:smallrye-common-classloader:jar:2.8.0:compile
[DEBUG]    com.microsoft.playwright:playwright:jar:1.49.0:test
[DEBUG]       com.google.code.gson:gson:jar:2.11.0:provided
[DEBUG]          com.google.errorprone:error_prone_annotations:jar:2.27.0:provided
[DEBUG]       org.opentest4j:opentest4j:jar:1.3.0:test
[DEBUG]       com.microsoft.playwright:driver:jar:1.49.0:test
[DEBUG]       com.microsoft.playwright:driver-bundle:jar:1.49.0:test
[DEBUG]    org.junit.jupiter:junit-jupiter:jar:5.11.4:test
[DEBUG]       org.junit.jupiter:junit-jupiter-api:jar:5.11.4:test
[DEBUG]          org.junit.platform:junit-platform-commons:jar:1.11.4:test
[DEBUG]          org.apiguardian:apiguardian-api:jar:1.1.2:test
[DEBUG]       org.junit.jupiter:junit-jupiter-params:jar:5.11.4:test
[DEBUG]       org.junit.jupiter:junit-jupiter-engine:jar:5.11.4:test
[DEBUG]          org.junit.platform:junit-platform-engine:jar:1.11.4:test
[DEBUG]    org.assertj:assertj-core:jar:3.27.2:test
[DEBUG]       net.bytebuddy:byte-buddy:jar:1.15.11:provided
[DEBUG]    org.testcontainers:junit-jupiter:jar:1.20.4:test
[DEBUG]       org.testcontainers:testcontainers:jar:1.20.4:test
[DEBUG]          junit:junit:jar:4.13.2:test
[DEBUG]             org.hamcrest:hamcrest-core:jar:1.3:test
[DEBUG]          org.apache.commons:commons-compress:jar:1.24.0:test
[DEBUG]          org.rnorth.duct-tape:duct-tape:jar:1.0.8:test
[DEBUG]             org.jetbrains:annotations:jar:17.0.0:test
[DEBUG]          com.github.docker-java:docker-java-api:jar:3.4.0:test
[DEBUG]          com.github.docker-java:docker-java-transport-zerodep:jar:3.4.0:test
[DEBUG]             com.github.docker-java:docker-java-transport:jar:3.4.0:test
[DEBUG]             net.java.dev.jna:jna:jar:5.13.0:test
[DEBUG]    com.github.dasniko:testcontainers-keycloak:jar:3.5.1:test
[DEBUG]       io.quarkus:quarkus-junit4-mock:jar:3.15.1:test
[DEBUG]       org.jboss.shrinkwrap:shrinkwrap-api:jar:2.0.0-beta-2:test
[DEBUG]       org.jboss.shrinkwrap:shrinkwrap-impl-base:jar:2.0.0-beta-2:test
[DEBUG]          org.jboss.shrinkwrap:shrinkwrap-spi:jar:2.0.0-beta-2:test
[DEBUG]    com.github.javafaker:javafaker:jar:1.0.2:test
[DEBUG]       org.yaml:snakeyaml:jar:android:1.23:test
[DEBUG]       com.github.mifmif:generex:jar:1.0.2:test
[DEBUG]          dk.brics.automaton:automaton:jar:1.11-8:test
[INFO]
[INFO] --- resources:3.3.1:resources (default-resources) @ keycloak-multi-tenancy ---
[DEBUG] Dependency collection stats {ConflictMarker.analyzeTime=170858, ConflictMarker.markTime=55130, ConflictMarker.nodeCount=13, ConflictIdSorter.graphTime=324855, ConflictIdSorter.topsortTime=49864, ConflictIdSorter.conflictIdCount=9, ConflictIdSorter.conflictIdCycleCount=0, ConflictResolver.totalTime=161262, ConflictResolver.conflictItemCount=13, DfDependencyCollector.collectTime=15619200, DfDependencyCollector.transformTime=826209}
[DEBUG] org.apache.maven.plugins:maven-resources-plugin:jar:3.3.1
[DEBUG]    org.codehaus.plexus:plexus-interpolation:jar:1.26:runtime
[DEBUG]    org.codehaus.plexus:plexus-utils:jar:3.5.1:compile
[DEBUG]    org.apache.maven.shared:maven-filtering:jar:3.3.1:compile
[DEBUG]       javax.inject:javax.inject:jar:1:compile
[DEBUG]       org.slf4j:slf4j-api:jar:1.7.36:compile
[DEBUG]       org.sonatype.plexus:plexus-build-api:jar:0.0.7:compile
[DEBUG]    commons-io:commons-io:jar:2.11.0:compile
[DEBUG]    org.apache.commons:commons-lang3:jar:3.12.0:compile
[DEBUG] Created new class realm plugin>org.apache.maven.plugins:maven-resources-plugin:3.3.1
[DEBUG] Importing foreign packages into class realm plugin>org.apache.maven.plugins:maven-resources-plugin:3.3.1
[DEBUG]   Imported:  < maven.api
[DEBUG] Populating class realm plugin>org.apache.maven.plugins:maven-resources-plugin:3.3.1
[DEBUG]   Included: org.apache.maven.plugins:maven-resources-plugin:jar:3.3.1
[DEBUG]   Included: org.codehaus.plexus:plexus-interpolation:jar:1.26
[DEBUG]   Included: org.codehaus.plexus:plexus-utils:jar:3.5.1
[DEBUG]   Included: org.apache.maven.shared:maven-filtering:jar:3.3.1
[DEBUG]   Included: org.sonatype.plexus:plexus-build-api:jar:0.0.7
[DEBUG]   Included: commons-io:commons-io:jar:2.11.0
[DEBUG]   Included: org.apache.commons:commons-lang3:jar:3.12.0
[DEBUG] Loading mojo org.apache.maven.plugins:maven-resources-plugin:3.3.1:resources from plugin realm ClassRealm[plugin>org.apache.maven.plugins:maven-resources-plugin:3.3.1, parent: jdk.internal.loader.ClassLoaders$AppClassLoader@c387f44]
[DEBUG] Configuring mojo execution 'org.apache.maven.plugins:maven-resources-plugin:3.3.1:resources:default-resources' with basic configurator -->
[DEBUG]   (f) addDefaultExcludes = true
[DEBUG]   (f) buildFilters = []
[DEBUG]   (f) escapeWindowsPaths = true
[DEBUG]   (f) fileNameFiltering = false
[DEBUG]   (s) includeEmptyDirs = false
[DEBUG]   (s) outputDirectory = /app/target/classes
[DEBUG]   (s) overwrite = false
[DEBUG]   (f) project = MavenProject: dev.sultanov:keycloak-multi-tenancy:26.0.14 @ /app/pom.xml
[DEBUG]   (s) resources = [Resource {targetPath: null, filtering: false, FileSet {directory: /app/src/main/resources, PatternSet [includes: {}, excludes: {}]}}]
[DEBUG]   (f) session = org.apache.maven.execution.MavenSession@7f7b6639
[DEBUG]   (f) skip = false
[DEBUG]   (f) supportMultiLineFiltering = false
[DEBUG]   (f) useBuildFilters = true
[DEBUG]   (s) useDefaultDelimiters = true
[DEBUG] -- end configuration --
[DEBUG] properties used:
[DEBUG] classworlds.conf: /usr/share/maven/bin/m2.conf
[DEBUG] env.ANDROID_HOME: /opt/android-sdk
[DEBUG] env.BUN_INSTALL: /usr/local/bun
[DEBUG] env.CHROME_EXECUTABLE: /usr/bin/google-chrome
[DEBUG] env.DEBUGINFOD_URLS: https://debuginfod.ubuntu.com
[DEBUG] env.DOTNET_BUNDLE_EXTRACT_BASE_DIR: /home/jules/.cache/dotnet_bundle_extract
[DEBUG] env.DOTNET_ROOT: /usr/lib/dotnet
[DEBUG] env.FLUTTER_HOME: /opt/flutter
[DEBUG] env.GIT_TERMINAL_PROMPT: 0
[DEBUG] env.HOME: /home/jules
[DEBUG] env.JAVA_HOME: /usr/lib/jvm/java-21-openjdk-amd64
[DEBUG] env.JULES_SESSION_ID: 498961684973938647
[DEBUG] env.LANG: C.UTF-8
[DEBUG] env.LESSCLOSE: /usr/bin/lesspipe %s %s
[DEBUG] env.LESSOPEN: | /usr/bin/lesspipe %s
[DEBUG] env.LOGNAME: jules
[DEBUG] env.LS_COLORS: rs=0:di=01;34:ln=01;36:mh=00:pi=40;33:so=01;35:do=01;35:bd=40;33;01:cd=40;33;01:or=40;31;01:mi=00:su=37;41:sg=30;43:ca=00:tw=30;42:ow=34;42:st=37;44:ex=01;32:*.tar=01;31:*.tgz=01;31:*.arc=01;31:*.arj=01;31:*.taz=01;31:*.lha=01;31:*.lz4=01;31:*.lzh=01;31:*.lzma=01;31:*.tlz=01;31:*.txz=01;31:*.tzo=01;31:*.t7z=01;31:*.zip=01;31:*.z=01;31:*.dz=01;31:*.gz=01;31:*.lrz=01;31:*.lz=01;31:*.lzo=01;31:*.xz=01;31:*.zst=01;31:*.tzst=01;31:*.bz2=01;31:*.bz=01;31:*.tbz=01;31:*.tbz2=01;31:*.tz=01;31:*.deb=01;31:*.rpm=01;31:*.jar=01;31:*.war=01;31:*.ear=01;31:*.sar=01;31:*.rar=01;31:*.alz=01;31:*.ace=01;31:*.zoo=01;31:*.cpio=01;31:*.7z=01;31:*.rz=01;31:*.cab=01;31:*.wim=01;31:*.swm=01;31:*.dwm=01;31:*.esd=01;31:*.avif=01;35:*.jpg=01;35:*.jpeg=01;35:*.mjpg=01;35:*.mjpeg=01;35:*.gif=01;35:*.bmp=01;35:*.pbm=01;35:*.pgm=01;35:*.ppm=01;35:*.tga=01;35:*.xbm=01;35:*.xpm=01;35:*.tif=01;35:*.tiff=01;35:*.png=01;35:*.svg=01;35:*.svgz=01;35:*.mng=01;35:*.pcx=01;35:*.mov=01;35:*.mpg=01;35:*.mpeg=01;35:*.m2v=01;35:*.mkv=01;35:*.webm=01;35:*.webp=01;35:*.ogm=01;35:*.mp4=01;35:*.m4v=01;35:*.mp4v=01;35:*.vob=01;35:*.qt=01;35:*.nuv=01;35:*.wmv=01;35:*.asf=01;35:*.rm=01;35:*.rmvb=01;35:*.flc=01;35:*.avi=01;35:*.fli=01;35:*.flv=01;35:*.gl=01;35:*.dl=01;35:*.xcf=01;35:*.xwd=01;35:*.yuv=01;35:*.cgm=01;35:*.emf=01;35:*.ogv=01;35:*.ogx=01;35:*.aac=00;36:*.au=00;36:*.flac=00;36:*.m4a=00;36:*.mid=00;36:*.midi=00;36:*.mka=00;36:*.mp3=00;36:*.mpc=00;36:*.ogg=00;36:*.ra=00;36:*.wav=00;36:*.oga=00;36:*.opus=00;36:*.spx=00;36:*.xspf=00;36:*~=00;90:*#=00;90:*.bak=00;90:*.crdownload=00;90:*.dpkg-dist=00;90:*.dpkg-new=00;90:*.dpkg-old=00;90:*.dpkg-tmp=00;90:*.old=00;90:*.orig=00;90:*.part=00;90:*.rej=00;90:*.rpmnew=00;90:*.rpmorig=00;90:*.rpmsave=00;90:*.swp=00;90:*.tmp=00;90:*.ucf-dist=00;90:*.ucf-new=00;90:*.ucf-old=00;90:
[DEBUG] env.MAIL: /var/mail/jules
[DEBUG] env.MAVEN_CMD_LINE_ARGS:  test -Dtest=ApiIntegrationTest -X
[DEBUG] env.MAVEN_PROJECTBASEDIR: /app
[DEBUG] env.NVM_BIN: /home/jules/.nvm/versions/node/v22.22.0/bin
[DEBUG] env.NVM_CD_FLAGS:
[DEBUG] env.NVM_DIR: /home/jules/.nvm
[DEBUG] env.NVM_INC: /home/jules/.nvm/versions/node/v22.22.0/include/node
[DEBUG] env.OLDPWD: /app
[DEBUG] env.PATH: /home/jules/.nvm/versions/node/v22.22.0/bin:/home/jules/.pyenv/shims:/home/jules/.pyenv/bin:/home/jules/.local/bin:/opt/flutter/bin:/usr/lib/dotnet:/opt/android-sdk/cmdline-tools/latest/bin:/opt/android-sdk/platform-tools:/go/bin:/usr/local/go/bin:/usr/share/gradle/bin:/usr/share/maven/bin:/home/jules/.local/bin:/home/jules/.cargo/bin:/usr/local/bun/bin:/usr/local/sbin:/usr/local/bin:/usr/sbin:/usr/bin:/sbin:/bin:/snap/bin:/home/jules/.dotnet/tools
[DEBUG] env.PWD: /app
[DEBUG] env.SHELL: /bin/bash
[DEBUG] env.SHLVL: 2
[DEBUG] env.SUDO_COMMAND: /usr/bin/bash -c echo "${BASHPID}"
tmux new-session -d -s 'default' -c /app -e JULES_SESSION_ID=498961684973938647 -e GIT_TERMINAL_PROMPT=0 && tmux set-option remain-on-exit on
[DEBUG] env.SUDO_GID: 1001
[DEBUG] env.SUDO_UID: 1001
[DEBUG] env.SUDO_USER: jules
[DEBUG] env.TERM: tmux-256color
[DEBUG] env.TERM_PROGRAM: tmux
[DEBUG] env.TERM_PROGRAM_VERSION: 3.4
[DEBUG] env.TMUX: /tmp/tmux-1001/default,1358,0
[DEBUG] env.TMUX_PANE: %0
[DEBUG] env.USER: jules
[DEBUG] env._: /usr/share/maven/bin/mvn
[DEBUG] file.encoding: UTF-8
[DEBUG] file.separator: /
[DEBUG] java.class.path: /usr/share/maven/boot/plexus-classworlds-2.9.0.jar
[DEBUG] java.class.version: 65.0
[DEBUG] java.home: /usr/lib/jvm/java-21-openjdk-amd64
[DEBUG] java.io.tmpdir: /tmp
[DEBUG] java.library.path: /usr/java/packages/lib:/usr/lib/x86_64-linux-gnu/jni:/lib/x86_64-linux-gnu:/usr/lib/x86_64-linux-gnu:/usr/lib/jni:/lib:/usr/lib
[DEBUG] java.runtime.name: OpenJDK Runtime Environment
[DEBUG] java.runtime.version: 21.0.9+10-Ubuntu-124.04
[DEBUG] java.specification.name: Java Platform API Specification
[DEBUG] java.specification.vendor: Oracle Corporation
[DEBUG] java.specification.version: 21
[DEBUG] java.vendor: Ubuntu
[DEBUG] java.vendor.url: https://ubuntu.com/
[DEBUG] java.vendor.url.bug: https://bugs.launchpad.net/ubuntu/+source/openjdk-21
[DEBUG] java.version: 21.0.9
[DEBUG] java.version.date: 2025-10-21
[DEBUG] java.vm.compressedOopsMode: 32-bit
[DEBUG] java.vm.info: mixed mode, sharing
[DEBUG] java.vm.name: OpenJDK 64-Bit Server VM
[DEBUG] java.vm.specification.name: Java Virtual Machine Specification
[DEBUG] java.vm.specification.vendor: Oracle Corporation
[DEBUG] java.vm.specification.version: 21
[DEBUG] java.vm.vendor: Ubuntu
[DEBUG] java.vm.version: 21.0.9+10-Ubuntu-124.04
[DEBUG] jdk.debug: release
[DEBUG] keycloak.client.version: 26.0.3
[DEBUG] keycloak.version: 26.0.7
[DEBUG] library.jansi.path: /usr/share/maven/lib/jansi-native
[DEBUG] line.separator:

[DEBUG] maven.build.timestamp: 2026-01-26T17:36:43Z
[DEBUG] maven.build.version: Apache Maven 3.9.12 (848fbb4bf2d427b72bdb2471c22fced7ebd9a7a1)
[DEBUG] maven.conf: /usr/share/maven/conf
[DEBUG] maven.home: /usr/share/maven
[DEBUG] maven.multiModuleProjectDirectory: /app
[DEBUG] maven.version: 3.9.12
[DEBUG] native.encoding: UTF-8
[DEBUG] os.arch: amd64
[DEBUG] os.name: Linux
[DEBUG] os.version: 6.8.0
[DEBUG] path.separator: :
[DEBUG] project.baseUri: file:/app/
[DEBUG] stderr.encoding: UTF-8
[DEBUG] stdout.encoding: UTF-8
[DEBUG] sun.arch.data.model: 64
[DEBUG] sun.boot.library.path: /usr/lib/jvm/java-21-openjdk-amd64/lib
[DEBUG] sun.cpu.endian: little
[DEBUG] sun.io.unicode.encoding: UnicodeLittle
[DEBUG] sun.java.command: org.codehaus.plexus.classworlds.launcher.Launcher test -Dtest=ApiIntegrationTest -X
[DEBUG] sun.java.launcher: SUN_STANDARD
[DEBUG] sun.jnu.encoding: UTF-8
[DEBUG] sun.management.compiler: HotSpot 64-Bit Tiered Compilers
[DEBUG] test: ApiIntegrationTest
[DEBUG] user.dir: /app
[DEBUG] user.home: /home/jules
[DEBUG] user.language: en
[DEBUG] user.name: jules
[WARNING] Using platform encoding (UTF-8 actually) to copy filtered resources, i.e. build is platform dependent!
[DEBUG] Using 'null' encoding to copy filtered properties files.
[DEBUG] resource with targetPath null
directory /app/src/main/resources
excludes []
includes []
[DEBUG] ignoreDelta true
[INFO] Copying 25 resources from src/main/resources to target/classes
[DEBUG] Copying file theme-resources/templates/text/invitation-email.ftl
[DEBUG] file invitation-email.ftl has a filtered file extension
[DEBUG] Using 'null' encoding to copy filtered resource 'invitation-email.ftl'.
[DEBUG] copy /app/src/main/resources/theme-resources/templates/text/invitation-email.ftl to /app/target/classes/theme-resources/templates/text/invitation-email.ftl
[DEBUG] Copying file theme-resources/templates/text/invitation-declined-email.ftl
[DEBUG] file invitation-declined-email.ftl has a filtered file extension
[DEBUG] Using 'null' encoding to copy filtered resource 'invitation-declined-email.ftl'.
[DEBUG] copy /app/src/main/resources/theme-resources/templates/text/invitation-declined-email.ftl to /app/target/classes/theme-resources/templates/text/invitation-declined-email.ftl
[DEBUG] Copying file theme-resources/templates/text/invitation-accepted-email.ftl
[DEBUG] file invitation-accepted-email.ftl has a filtered file extension
[DEBUG] Using 'null' encoding to copy filtered resource 'invitation-accepted-email.ftl'.
[DEBUG] copy /app/src/main/resources/theme-resources/templates/text/invitation-accepted-email.ftl to /app/target/classes/theme-resources/templates/text/invitation-accepted-email.ftl
[DEBUG] Copying file theme-resources/templates/login-with-sso.ftl
[DEBUG] file login-with-sso.ftl has a filtered file extension
[DEBUG] Using 'null' encoding to copy filtered resource 'login-with-sso.ftl'.
[DEBUG] copy /app/src/main/resources/theme-resources/templates/login-with-sso.ftl to /app/target/classes/theme-resources/templates/login-with-sso.ftl
[DEBUG] Copying file theme-resources/templates/create-tenant.ftl
[DEBUG] file create-tenant.ftl has a filtered file extension
[DEBUG] Using 'null' encoding to copy filtered resource 'create-tenant.ftl'.
[DEBUG] copy /app/src/main/resources/theme-resources/templates/create-tenant.ftl to /app/target/classes/theme-resources/templates/create-tenant.ftl
[DEBUG] Copying file theme-resources/templates/html/invitation-email.ftl
[DEBUG] file invitation-email.ftl has a filtered file extension
[DEBUG] Using 'null' encoding to copy filtered resource 'invitation-email.ftl'.
[DEBUG] copy /app/src/main/resources/theme-resources/templates/html/invitation-email.ftl to /app/target/classes/theme-resources/templates/html/invitation-email.ftl
[DEBUG] Copying file theme-resources/templates/html/invitation-declined-email.ftl
[DEBUG] file invitation-declined-email.ftl has a filtered file extension
[DEBUG] Using 'null' encoding to copy filtered resource 'invitation-declined-email.ftl'.
[DEBUG] copy /app/src/main/resources/theme-resources/templates/html/invitation-declined-email.ftl to /app/target/classes/theme-resources/templates/html/invitation-declined-email.ftl
[DEBUG] Copying file theme-resources/templates/html/invitation-accepted-email.ftl
[DEBUG] file invitation-accepted-email.ftl has a filtered file extension
[DEBUG] Using 'null' encoding to copy filtered resource 'invitation-accepted-email.ftl'.
[DEBUG] copy /app/src/main/resources/theme-resources/templates/html/invitation-accepted-email.ftl to /app/target/classes/theme-resources/templates/html/invitation-accepted-email.ftl
[DEBUG] Copying file theme-resources/templates/review-invitations.ftl
[DEBUG] file review-invitations.ftl has a filtered file extension
[DEBUG] Using 'null' encoding to copy filtered resource 'review-invitations.ftl'.
[DEBUG] copy /app/src/main/resources/theme-resources/templates/review-invitations.ftl to /app/target/classes/theme-resources/templates/review-invitations.ftl
[DEBUG] Copying file theme-resources/templates/select-tenant.ftl
[DEBUG] file select-tenant.ftl has a filtered file extension
[DEBUG] Using 'null' encoding to copy filtered resource 'select-tenant.ftl'.
[DEBUG] copy /app/src/main/resources/theme-resources/templates/select-tenant.ftl to /app/target/classes/theme-resources/templates/select-tenant.ftl
[DEBUG] Copying file theme-resources/messages/messages_sv.properties
[DEBUG] file messages_sv.properties has a filtered file extension
[DEBUG] Using 'null' encoding to copy filtered resource 'messages_sv.properties'.
[DEBUG] copy /app/src/main/resources/theme-resources/messages/messages_sv.properties to /app/target/classes/theme-resources/messages/messages_sv.properties
[DEBUG] Copying file theme-resources/messages/messages_en.properties
[DEBUG] file messages_en.properties has a filtered file extension
[DEBUG] Using 'null' encoding to copy filtered resource 'messages_en.properties'.
[DEBUG] copy /app/src/main/resources/theme-resources/messages/messages_en.properties to /app/target/classes/theme-resources/messages/messages_en.properties
[DEBUG] Copying file META-INF/keycloak-multi-tenancy-changelog-20221217-2113.xml
[DEBUG] file keycloak-multi-tenancy-changelog-20221217-2113.xml has a filtered file extension
[DEBUG] Using 'null' encoding to copy filtered resource 'keycloak-multi-tenancy-changelog-20221217-2113.xml'.
[DEBUG] copy /app/src/main/resources/META-INF/keycloak-multi-tenancy-changelog-20221217-2113.xml to /app/target/classes/META-INF/keycloak-multi-tenancy-changelog-20221217-2113.xml
[DEBUG] Copying file META-INF/keycloak-multi-tenancy-changelog-20241025.xml
[DEBUG] file keycloak-multi-tenancy-changelog-20241025.xml has a filtered file extension
[DEBUG] Using 'null' encoding to copy filtered resource 'keycloak-multi-tenancy-changelog-20241025.xml'.
[DEBUG] copy /app/src/main/resources/META-INF/keycloak-multi-tenancy-changelog-20241025.xml to /app/target/classes/META-INF/keycloak-multi-tenancy-changelog-20241025.xml
[DEBUG] Copying file META-INF/keycloak-multi-tenancy-changelog-001.xml
[DEBUG] file keycloak-multi-tenancy-changelog-001.xml has a filtered file extension
[DEBUG] Using 'null' encoding to copy filtered resource 'keycloak-multi-tenancy-changelog-001.xml'.
[DEBUG] copy /app/src/main/resources/META-INF/keycloak-multi-tenancy-changelog-001.xml to /app/target/classes/META-INF/keycloak-multi-tenancy-changelog-001.xml
[DEBUG] Copying file META-INF/keycloak-multi-tenancy-changelog-master.xml
[DEBUG] file keycloak-multi-tenancy-changelog-master.xml has a filtered file extension
[DEBUG] Using 'null' encoding to copy filtered resource 'keycloak-multi-tenancy-changelog-master.xml'.
[DEBUG] copy /app/src/main/resources/META-INF/keycloak-multi-tenancy-changelog-master.xml to /app/target/classes/META-INF/keycloak-multi-tenancy-changelog-master.xml
[DEBUG] Copying file META-INF/keycloak-multi-tenancy-changelog-20240521-0014.xml
[DEBUG] file keycloak-multi-tenancy-changelog-20240521-0014.xml has a filtered file extension
[DEBUG] Using 'null' encoding to copy filtered resource 'keycloak-multi-tenancy-changelog-20240521-0014.xml'.
[DEBUG] copy /app/src/main/resources/META-INF/keycloak-multi-tenancy-changelog-20240521-0014.xml to /app/target/classes/META-INF/keycloak-multi-tenancy-changelog-20240521-0014.xml
[DEBUG] Copying file META-INF/keycloak-multi-tenancy-changelog-20250522.xml
[DEBUG] file keycloak-multi-tenancy-changelog-20250522.xml has a filtered file extension
[DEBUG] Using 'null' encoding to copy filtered resource 'keycloak-multi-tenancy-changelog-20250522.xml'.
[DEBUG] copy /app/src/main/resources/META-INF/keycloak-multi-tenancy-changelog-20250522.xml to /app/target/classes/META-INF/keycloak-multi-tenancy-changelog-20250522.xml
[DEBUG] Copying file META-INF/services/org.keycloak.connections.jpa.entityprovider.JpaEntityProviderFactory
[DEBUG] file org.keycloak.connections.jpa.entityprovider.JpaEntityProviderFactory has a filtered file extension
[DEBUG] Using 'null' encoding to copy filtered resource 'org.keycloak.connections.jpa.entityprovider.JpaEntityProviderFactory'.
[DEBUG] copy /app/src/main/resources/META-INF/services/org.keycloak.connections.jpa.entityprovider.JpaEntityProviderFactory to /app/target/classes/META-INF/services/org.keycloak.connections.jpa.entityprovider.JpaEntityProviderFactory
[DEBUG] Copying file META-INF/services/org.keycloak.services.resource.RealmResourceProviderFactory
[DEBUG] file org.keycloak.services.resource.RealmResourceProviderFactory has a filtered file extension
[DEBUG] Using 'null' encoding to copy filtered resource 'org.keycloak.services.resource.RealmResourceProviderFactory'.
[DEBUG] copy /app/src/main/resources/META-INF/services/org.keycloak.services.resource.RealmResourceProviderFactory to /app/target/classes/META-INF/services/org.keycloak.services.resource.RealmResourceProviderFactory
[DEBUG] Copying file META-INF/services/org.keycloak.protocol.ProtocolMapper
[DEBUG] file org.keycloak.protocol.ProtocolMapper has a filtered file extension
[DEBUG] Using 'null' encoding to copy filtered resource 'org.keycloak.protocol.ProtocolMapper'.
[DEBUG] copy /app/src/main/resources/META-INF/services/org.keycloak.protocol.ProtocolMapper to /app/target/classes/META-INF/services/org.keycloak.protocol.ProtocolMapper
[DEBUG] Copying file META-INF/services/org.keycloak.authentication.AuthenticatorFactory
[DEBUG] file org.keycloak.authentication.AuthenticatorFactory has a filtered file extension
[DEBUG] Using 'null' encoding to copy filtered resource 'org.keycloak.authentication.AuthenticatorFactory'.
[DEBUG] copy /app/src/main/resources/META-INF/services/org.keycloak.authentication.AuthenticatorFactory to /app/target/classes/META-INF/services/org.keycloak.authentication.AuthenticatorFactory
[DEBUG] Copying file META-INF/services/org.keycloak.authentication.RequiredActionFactory
[DEBUG] file org.keycloak.authentication.RequiredActionFactory has a filtered file extension
[DEBUG] Using 'null' encoding to copy filtered resource 'org.keycloak.authentication.RequiredActionFactory'.
[DEBUG] copy /app/src/main/resources/META-INF/services/org.keycloak.authentication.RequiredActionFactory to /app/target/classes/META-INF/services/org.keycloak.authentication.RequiredActionFactory
[DEBUG] Copying file META-INF/services/dev.sultanov.keycloak.multitenancy.model.TenantProviderFactory
[DEBUG] file dev.sultanov.keycloak.multitenancy.model.TenantProviderFactory has a filtered file extension
[DEBUG] Using 'null' encoding to copy filtered resource 'dev.sultanov.keycloak.multitenancy.model.TenantProviderFactory'.
[DEBUG] copy /app/src/main/resources/META-INF/services/dev.sultanov.keycloak.multitenancy.model.TenantProviderFactory to /app/target/classes/META-INF/services/dev.sultanov.keycloak.multitenancy.model.TenantProviderFactory
[DEBUG] Copying file META-INF/services/org.keycloak.provider.Spi
[DEBUG] file org.keycloak.provider.Spi has a filtered file extension
[DEBUG] Using 'null' encoding to copy filtered resource 'org.keycloak.provider.Spi'.
[DEBUG] copy /app/src/main/resources/META-INF/services/org.keycloak.provider.Spi to /app/target/classes/META-INF/services/org.keycloak.provider.Spi
[DEBUG] no user filter components
[INFO]
[INFO] --- compiler:3.13.0:compile (default-compile) @ keycloak-multi-tenancy ---
[DEBUG] Dependency collection stats {ConflictMarker.analyzeTime=42434, ConflictMarker.markTime=23054, ConflictMarker.nodeCount=22, ConflictIdSorter.graphTime=22211, ConflictIdSorter.topsortTime=16846, ConflictIdSorter.conflictIdCount=14, ConflictIdSorter.conflictIdCycleCount=0, ConflictResolver.totalTime=359322, ConflictResolver.conflictItemCount=22, DfDependencyCollector.collectTime=23816331, DfDependencyCollector.transformTime=484147}
[DEBUG] org.apache.maven.plugins:maven-compiler-plugin:jar:3.13.0
[DEBUG]    org.apache.maven.shared:maven-shared-utils:jar:3.4.2:compile
[DEBUG]       org.slf4j:slf4j-api:jar:1.7.36:compile
[DEBUG]       commons-io:commons-io:jar:2.11.0:compile
[DEBUG]    org.apache.maven.shared:maven-shared-incremental:jar:1.1:compile
[DEBUG]    org.codehaus.plexus:plexus-java:jar:1.2.0:compile
[DEBUG]       org.ow2.asm:asm:jar:9.6:compile
[DEBUG]       com.thoughtworks.qdox:qdox:jar:2.0.3:compile
[DEBUG]    org.codehaus.plexus:plexus-compiler-api:jar:2.15.0:compile
[DEBUG]    org.codehaus.plexus:plexus-compiler-manager:jar:2.15.0:compile
[DEBUG]       javax.inject:javax.inject:jar:1:compile
[DEBUG]       org.codehaus.plexus:plexus-xml:jar:3.0.0:compile (version managed from default)
[DEBUG]    org.codehaus.plexus:plexus-compiler-javac:jar:2.15.0:runtime
[DEBUG]    org.codehaus.plexus:plexus-utils:jar:4.0.0:compile
[DEBUG] Created new class realm plugin>org.apache.maven.plugins:maven-compiler-plugin:3.13.0
[DEBUG] Importing foreign packages into class realm plugin>org.apache.maven.plugins:maven-compiler-plugin:3.13.0
[DEBUG]   Imported:  < maven.api
[DEBUG] Populating class realm plugin>org.apache.maven.plugins:maven-compiler-plugin:3.13.0
[DEBUG]   Included: org.apache.maven.plugins:maven-compiler-plugin:jar:3.13.0
[DEBUG]   Included: org.apache.maven.shared:maven-shared-utils:jar:3.4.2
[DEBUG]   Included: commons-io:commons-io:jar:2.11.0
[DEBUG]   Included: org.apache.maven.shared:maven-shared-incremental:jar:1.1
[DEBUG]   Included: org.codehaus.plexus:plexus-java:jar:1.2.0
[DEBUG]   Included: org.ow2.asm:asm:jar:9.6
[DEBUG]   Included: com.thoughtworks.qdox:qdox:jar:2.0.3
[DEBUG]   Included: org.codehaus.plexus:plexus-compiler-api:jar:2.15.0
[DEBUG]   Included: org.codehaus.plexus:plexus-compiler-manager:jar:2.15.0
[DEBUG]   Included: org.codehaus.plexus:plexus-xml:jar:3.0.0
[DEBUG]   Included: org.codehaus.plexus:plexus-compiler-javac:jar:2.15.0
[DEBUG]   Included: org.codehaus.plexus:plexus-utils:jar:4.0.0
[DEBUG] Loading mojo org.apache.maven.plugins:maven-compiler-plugin:3.13.0:compile from plugin realm ClassRealm[plugin>org.apache.maven.plugins:maven-compiler-plugin:3.13.0, parent: jdk.internal.loader.ClassLoaders$AppClassLoader@c387f44]
[DEBUG] Configuring mojo execution 'org.apache.maven.plugins:maven-compiler-plugin:3.13.0:compile:default-compile' with basic configurator -->
[DEBUG]   (f) annotationProcessorPathsUseDepMgmt = false
[DEBUG]   (f) basedir = /app
[DEBUG]   (f) buildDirectory = /app/target
[DEBUG]   (f) compilePath = [/app/target/classes, /home/jules/.m2/repository/org/apache/httpcomponents/httpclient/4.5.14/httpclient-4.5.14.jar, /home/jules/.m2/repository/org/apache/httpcomponents/httpcore/4.4.16/httpcore-4.4.16.jar, /home/jules/.m2/repository/commons-logging/commons-logging/1.2/commons-logging-1.2.jar, /home/jules/.m2/repository/commons-codec/commons-codec/1.11/commons-codec-1.11.jar, /home/jules/.m2/repository/org/apache/commons/commons-lang3/3.12.0/commons-lang3-3.12.0.jar, /home/jules/.m2/repository/org/keycloak/keycloak-server-spi/26.0.7/keycloak-server-spi-26.0.7.jar, /home/jules/.m2/repository/org/keycloak/keycloak-server-spi-private/26.0.7/keycloak-server-spi-private-26.0.7.jar, /home/jules/.m2/repository/org/keycloak/keycloak-services/26.0.7/keycloak-services-26.0.7.jar, /home/jules/.m2/repository/org/keycloak/keycloak-core/26.0.7/keycloak-core-26.0.7.jar, /home/jules/.m2/repository/jakarta/mail/jakarta.mail-api/2.1.1/jakarta.mail-api-2.1.1.jar, /home/jules/.m2/repository/jakarta/activation/jakarta.activation-api/2.1.1/jakarta.activation-api-2.1.1.jar, /home/jules/.m2/repository/org/eclipse/angus/angus-mail/2.0.3/angus-mail-2.0.3.jar, /home/jules/.m2/repository/org/eclipse/angus/angus-activation/2.0.2/angus-activation-2.0.2.jar, /home/jules/.m2/repository/org/keycloak/keycloak-common/26.0.7/keycloak-common-26.0.7.jar, /home/jules/.m2/repository/org/twitter4j/twitter4j-core/4.1.2/twitter4j-core-4.1.2.jar, /home/jules/.m2/repository/org/jboss/logging/jboss-logging/3.6.0.Final/jboss-logging-3.6.0.Final.jar, /home/jules/.m2/repository/org/jboss/logging/commons-logging-jboss-logging/1.0.0.Final/commons-logging-jboss-logging-1.0.0.Final.jar, /home/jules/.m2/repository/jakarta/ws/rs/jakarta.ws.rs-api/3.1.0/jakarta.ws.rs-api-3.1.0.jar, /home/jules/.m2/repository/jakarta/transaction/jakarta.transaction-api/2.0.1/jakarta.transaction-api-2.0.1.jar, /home/jules/.m2/repository/jakarta/xml/soap/jakarta.xml.soap-api/3.0.0/jakarta.xml.soap-api-3.0.0.jar, /home/jules/.m2/repository/com/googlecode/owasp-java-html-sanitizer/owasp-java-html-sanitizer/20240325.1/owasp-java-html-sanitizer-20240325.1.jar, /home/jules/.m2/repository/com/googlecode/owasp-java-html-sanitizer/java8-shim/20240325.1/java8-shim-20240325.1.jar, /home/jules/.m2/repository/com/googlecode/owasp-java-html-sanitizer/java10-shim/20240325.1/java10-shim-20240325.1.jar, /home/jules/.m2/repository/com/fasterxml/jackson/core/jackson-core/2.17.2/jackson-core-2.17.2.jar, /home/jules/.m2/repository/com/fasterxml/jackson/core/jackson-databind/2.17.2/jackson-databind-2.17.2.jar, /home/jules/.m2/repository/com/fasterxml/jackson/core/jackson-annotations/2.17.2/jackson-annotations-2.17.2.jar, /home/jules/.m2/repository/javax/annotation/javax.annotation-api/1.3.2/javax.annotation-api-1.3.2.jar, /home/jules/.m2/repository/com/fasterxml/jackson/datatype/jackson-datatype-jdk8/2.17.2/jackson-datatype-jdk8-2.17.2.jar, /home/jules/.m2/repository/com/google/zxing/javase/3.4.0/javase-3.4.0.jar, /home/jules/.m2/repository/com/google/zxing/core/3.4.0/core-3.4.0.jar, /home/jules/.m2/repository/com/github/jai-imageio/jai-imageio-core/1.4.0/jai-imageio-core-1.4.0.jar, /home/jules/.m2/repository/com/apicatalog/titanium-json-ld/1.3.3/titanium-json-ld-1.3.3.jar, /home/jules/.m2/repository/io/setl/rdf-urdna/1.1/rdf-urdna-1.1.jar, /home/jules/.m2/repository/com/webauthn4j/webauthn4j-core/0.21.5.RELEASE/webauthn4j-core-0.21.5.RELEASE.jar, /home/jules/.m2/repository/com/webauthn4j/webauthn4j-util/0.21.5.RELEASE/webauthn4j-util-0.21.5.RELEASE.jar, /home/jules/.m2/repository/org/apache/kerby/kerby-asn1/2.0.3/kerby-asn1-2.0.3.jar, /home/jules/.m2/repository/com/fasterxml/jackson/dataformat/jackson-dataformat-cbor/2.15.2/jackson-dataformat-cbor-2.15.2.jar, /home/jules/.m2/repository/org/checkerframework/checker-qual/3.36.0/checker-qual-3.36.0.jar, /home/jules/.m2/repository/com/github/ua-parser/uap-java/1.5.4/uap-java-1.5.4.jar, /home/jules/.m2/repository/org/apache/commons/commons-collections4/4.4/commons-collections4-4.4.jar, /home/jules/.m2/repository/org/eclipse/microprofile/openapi/microprofile-openapi-api/3.1.1/microprofile-openapi-api-3.1.1.jar, /home/jules/.m2/repository/io/smallrye/common/smallrye-common-annotation/2.6.0/smallrye-common-annotation-2.6.0.jar, /home/jules/.m2/repository/org/keycloak/keycloak-model-storage-private/26.0.7/keycloak-model-storage-private-26.0.7.jar, /home/jules/.m2/repository/org/keycloak/keycloak-config-api/26.0.7/keycloak-config-api-26.0.7.jar, /home/jules/.m2/repository/org/infinispan/infinispan-commons/15.0.11.Final/infinispan-commons-15.0.11.Final.jar, /home/jules/.m2/repository/org/infinispan/protostream/protostream/5.0.10.Final/protostream-5.0.10.Final.jar, /home/jules/.m2/repository/org/infinispan/protostream/protostream-types/5.0.10.Final/protostream-types-5.0.10.Final.jar, /home/jules/.m2/repository/org/infinispan/protostream/protostream-processor/5.0.10.Final/protostream-processor-5.0.10.Final.jar, /home/jules/.m2/repository/com/github/ben-manes/caffeine/caffeine/3.1.8/caffeine-3.1.8.jar, /home/jules/.m2/repository/io/reactivex/rxjava3/rxjava/3.1.8/rxjava-3.1.8.jar, /home/jules/.m2/repository/io/quarkus/quarkus-opentelemetry/3.15.1/quarkus-opentelemetry-3.15.1.jar, /home/jules/.m2/repository/io/quarkus/quarkus-core/3.15.1/quarkus-core-3.15.1.jar, /home/jules/.m2/repository/jakarta/enterprise/jakarta.enterprise.cdi-api/4.1.0/jakarta.enterprise.cdi-api-4.1.0.jar, /home/jules/.m2/repository/jakarta/enterprise/jakarta.enterprise.lang-model/4.1.0/jakarta.enterprise.lang-model-4.1.0.jar, /home/jules/.m2/repository/jakarta/el/jakarta.el-api/6.0.0/jakarta.el-api-6.0.0.jar, /home/jules/.m2/repository/jakarta/interceptor/jakarta.interceptor-api/2.2.0/jakarta.interceptor-api-2.2.0.jar, /home/jules/.m2/repository/io/smallrye/common/smallrye-common-os/2.6.0/smallrye-common-os-2.6.0.jar, /home/jules/.m2/repository/io/quarkus/quarkus-ide-launcher/3.15.1/quarkus-ide-launcher-3.15.1.jar, /home/jules/.m2/repository/io/quarkus/quarkus-development-mode-spi/3.15.1/quarkus-development-mode-spi-3.15.1.jar, /home/jules/.m2/repository/io/smallrye/config/smallrye-config/3.9.1/smallrye-config-3.9.1.jar, /home/jules/.m2/repository/io/smallrye/config/smallrye-config-core/3.9.1/smallrye-config-core-3.9.1.jar, /home/jules/.m2/repository/org/ow2/asm/asm/9.7/asm-9.7.jar, /home/jules/.m2/repository/io/smallrye/config/smallrye-config-common/3.9.1/smallrye-config-common-3.9.1.jar, /home/jules/.m2/repository/org/jboss/logmanager/jboss-logmanager/3.0.6.Final/jboss-logmanager-3.0.6.Final.jar, /home/jules/.m2/repository/io/smallrye/common/smallrye-common-cpu/2.2.0/smallrye-common-cpu-2.2.0.jar, /home/jules/.m2/repository/io/smallrye/common/smallrye-common-expression/2.2.0/smallrye-common-expression-2.2.0.jar, /home/jules/.m2/repository/io/smallrye/common/smallrye-common-function/2.2.0/smallrye-common-function-2.2.0.jar, /home/jules/.m2/repository/io/smallrye/common/smallrye-common-net/2.2.0/smallrye-common-net-2.2.0.jar, /home/jules/.m2/repository/io/smallrye/common/smallrye-common-ref/2.2.0/smallrye-common-ref-2.2.0.jar, /home/jules/.m2/repository/jakarta/json/jakarta.json-api/2.1.3/jakarta.json-api-2.1.3.jar, /home/jules/.m2/repository/org/eclipse/parsson/parsson/1.1.6/parsson-1.1.6.jar, /home/jules/.m2/repository/org/jboss/logging/jboss-logging-annotations/3.0.1.Final/jboss-logging-annotations-3.0.1.Final.jar, /home/jules/.m2/repository/org/jboss/threads/jboss-threads/3.6.1.Final/jboss-threads-3.6.1.Final.jar, /home/jules/.m2/repository/org/jboss/slf4j/slf4j-jboss-logmanager/2.0.0.Final/slf4j-jboss-logmanager-2.0.0.Final.jar, /home/jules/.m2/repository/org/wildfly/common/wildfly-common/1.7.0.Final/wildfly-common-1.7.0.Final.jar, /home/jules/.m2/repository/io/quarkus/quarkus-bootstrap-runner/3.15.1/quarkus-bootstrap-runner-3.15.1.jar, /home/jules/.m2/repository/io/quarkus/quarkus-classloader-commons/3.15.1/quarkus-classloader-commons-3.15.1.jar, /home/jules/.m2/repository/io/smallrye/common/smallrye-common-io/2.6.0/smallrye-common-io-2.6.0.jar, /home/jules/.m2/repository/io/github/crac/org-crac/0.1.3/org-crac-0.1.3.jar, /home/jules/.m2/repository/io/quarkus/quarkus-fs-util/0.0.10/quarkus-fs-util-0.0.10.jar, /home/jules/.m2/repository/io/quarkus/quarkus-tls-registry/3.15.1/quarkus-tls-registry-3.15.1.jar, /home/jules/.m2/repository/io/quarkus/quarkus-credentials/3.15.1/quarkus-credentials-3.15.1.jar, /home/jules/.m2/repository/io/quarkus/quarkus-arc/3.15.1/quarkus-arc-3.15.1.jar, /home/jules/.m2/repository/io/quarkus/arc/arc/3.15.1/arc-3.15.1.jar, /home/jules/.m2/repository/io/smallrye/reactive/mutiny/2.6.2/mutiny-2.6.2.jar, /home/jules/.m2/repository/org/jctools/jctools-core/4.0.5/jctools-core-4.0.5.jar, /home/jules/.m2/repository/org/eclipse/microprofile/context-propagation/microprofile-context-propagation-api/1.3/microprofile-context-propagation-api-1.3.jar, /home/jules/.m2/repository/io/quarkus/quarkus-vertx/3.15.1/quarkus-vertx-3.15.1.jar, /home/jules/.m2/repository/io/quarkus/quarkus-netty/3.15.1/quarkus-netty-3.15.1.jar, /home/jules/.m2/repository/io/netty/netty-codec/4.1.111.Final/netty-codec-4.1.111.Final.jar, /home/jules/.m2/repository/io/netty/netty-codec-http/4.1.111.Final/netty-codec-http-4.1.111.Final.jar, /home/jules/.m2/repository/io/netty/netty-codec-http2/4.1.111.Final/netty-codec-http2-4.1.111.Final.jar, /home/jules/.m2/repository/io/netty/netty-handler/4.1.111.Final/netty-handler-4.1.111.Final.jar, /home/jules/.m2/repository/io/netty/netty-transport-native-unix-common/4.1.111.Final/netty-transport-native-unix-common-4.1.111.Final.jar, /home/jules/.m2/repository/com/aayushatharva/brotli4j/brotli4j/1.16.0/brotli4j-1.16.0.jar, /home/jules/.m2/repository/com/aayushatharva/brotli4j/service/1.16.0/service-1.16.0.jar, /home/jules/.m2/repository/com/aayushatharva/brotli4j/native-linux-x86_64/1.16.0/native-linux-x86_64-1.16.0.jar, /home/jules/.m2/repository/io/netty/netty-codec-haproxy/4.1.111.Final/netty-codec-haproxy-4.1.111.Final.jar, /home/jules/.m2/repository/io/netty/netty-buffer/4.1.111.Final/netty-buffer-4.1.111.Final.jar, /home/jules/.m2/repository/io/netty/netty-transport/4.1.111.Final/netty-transport-4.1.111.Final.jar, /home/jules/.m2/repository/io/quarkus/quarkus-mutiny/3.15.1/quarkus-mutiny-3.15.1.jar, /home/jules/.m2/repository/io/quarkus/quarkus-smallrye-context-propagation/3.15.1/quarkus-smallrye-context-propagation-3.15.1.jar, /home/jules/.m2/repository/io/smallrye/smallrye-context-propagation/2.1.2/smallrye-context-propagation-2.1.2.jar, /home/jules/.m2/repository/io/smallrye/smallrye-context-propagation-api/2.1.2/smallrye-context-propagation-api-2.1.2.jar, /home/jules/.m2/repository/io/smallrye/smallrye-context-propagation-storage/2.1.2/smallrye-context-propagation-storage-2.1.2.jar, /home/jules/.m2/repository/io/smallrye/reactive/mutiny-smallrye-context-propagation/2.6.2/mutiny-smallrye-context-propagation-2.6.2.jar, /home/jules/.m2/repository/io/quarkus/quarkus-virtual-threads/3.15.1/quarkus-virtual-threads-3.15.1.jar, /home/jules/.m2/repository/io/quarkus/quarkus-vertx-latebound-mdc-provider/3.15.1/quarkus-vertx-latebound-mdc-provider-3.15.1.jar, /home/jules/.m2/repository/io/smallrye/reactive/smallrye-mutiny-vertx-core/3.15.0/smallrye-mutiny-vertx-core-3.15.0.jar, /home/jules/.m2/repository/io/smallrye/reactive/smallrye-mutiny-vertx-runtime/3.15.0/smallrye-mutiny-vertx-runtime-3.15.0.jar, /home/jules/.m2/repository/io/smallrye/reactive/vertx-mutiny-generator/3.15.0/vertx-mutiny-generator-3.15.0.jar, /home/jules/.m2/repository/io/vertx/vertx-codegen/4.5.10/vertx-codegen-4.5.10.jar, /home/jules/.m2/repository/io/smallrye/smallrye-fault-tolerance-vertx/6.4.0/smallrye-fault-tolerance-vertx-6.4.0.jar, /home/jules/.m2/repository/io/quarkus/quarkus-security-runtime-spi/3.15.1/quarkus-security-runtime-spi-3.15.1.jar, /home/jules/.m2/repository/io/quarkus/security/quarkus-security/2.1.0/quarkus-security-2.1.0.jar, /home/jules/.m2/repository/io/quarkus/quarkus-grpc-common/3.15.1/quarkus-grpc-common-3.15.1.jar, /home/jules/.m2/repository/com/google/code/findbugs/jsr305/3.0.2/jsr305-3.0.2.jar, /home/jules/.m2/repository/io/vertx/vertx-grpc/4.5.10/vertx-grpc-4.5.10.jar, /home/jules/.m2/repository/io/grpc/grpc-netty/1.65.0/grpc-netty-1.65.0.jar, /home/jules/.m2/repository/io/grpc/grpc-util/1.65.0/grpc-util-1.65.0.jar, /home/jules/.m2/repository/io/grpc/grpc-protobuf/1.65.0/grpc-protobuf-1.65.0.jar, /home/jules/.m2/repository/com/google/protobuf/protobuf-java/3.25.1/protobuf-java-3.25.1.jar, /home/jules/.m2/repository/com/google/api/grpc/proto-google-common-protos/2.29.0/proto-google-common-protos-2.29.0.jar, /home/jules/.m2/repository/io/grpc/grpc-protobuf-lite/1.65.0/grpc-protobuf-lite-1.65.0.jar, /home/jules/.m2/repository/com/google/guava/guava/32.1.2-jre/guava-32.1.2-jre.jar, /home/jules/.m2/repository/com/google/guava/failureaccess/1.0.1/failureaccess-1.0.1.jar, /home/jules/.m2/repository/com/google/guava/listenablefuture/9999.0-empty-to-avoid-conflict-with-guava/listenablefuture-9999.0-empty-to-avoid-conflict-with-guava.jar, /home/jules/.m2/repository/com/google/j2objc/j2objc-annotations/2.8/j2objc-annotations-2.8.jar, /home/jules/.m2/repository/io/vertx/vertx-grpc-server/4.5.10/vertx-grpc-server-4.5.10.jar, /home/jules/.m2/repository/io/grpc/grpc-core/1.65.1/grpc-core-1.65.1.jar, /home/jules/.m2/repository/io/perfmark/perfmark-api/0.26.0/perfmark-api-0.26.0.jar, /home/jules/.m2/repository/io/grpc/grpc-context/1.65.1/grpc-context-1.65.1.jar, /home/jules/.m2/repository/io/smallrye/common/smallrye-common-vertx-context/2.6.0/smallrye-common-vertx-context-2.6.0.jar, /home/jules/.m2/repository/io/vertx/vertx-core/4.5.9/vertx-core-4.5.9.jar, /home/jules/.m2/repository/io/netty/netty-common/4.1.111.Final/netty-common-4.1.111.Final.jar, /home/jules/.m2/repository/io/netty/netty-handler-proxy/4.1.111.Final/netty-handler-proxy-4.1.111.Final.jar, /home/jules/.m2/repository/io/netty/netty-codec-socks/4.1.111.Final/netty-codec-socks-4.1.111.Final.jar, /home/jules/.m2/repository/io/netty/netty-resolver/4.1.111.Final/netty-resolver-4.1.111.Final.jar, /home/jules/.m2/repository/io/netty/netty-resolver-dns/4.1.111.Final/netty-resolver-dns-4.1.111.Final.jar, /home/jules/.m2/repository/io/netty/netty-codec-dns/4.1.111.Final/netty-codec-dns-4.1.111.Final.jar, /home/jules/.m2/repository/io/smallrye/common/smallrye-common-constraint/2.6.0/smallrye-common-constraint-2.6.0.jar, /home/jules/.m2/repository/io/opentelemetry/opentelemetry-sdk-extension-autoconfigure/1.39.0/opentelemetry-sdk-extension-autoconfigure-1.39.0.jar, /home/jules/.m2/repository/io/opentelemetry/opentelemetry-sdk/1.39.0/opentelemetry-sdk-1.39.0.jar, /home/jules/.m2/repository/io/opentelemetry/opentelemetry-api/1.39.0/opentelemetry-api-1.39.0.jar, /home/jules/.m2/repository/io/opentelemetry/opentelemetry-context/1.39.0/opentelemetry-context-1.39.0.jar, /home/jules/.m2/repository/io/opentelemetry/opentelemetry-sdk-common/1.39.0/opentelemetry-sdk-common-1.39.0.jar, /home/jules/.m2/repository/io/opentelemetry/opentelemetry-sdk-trace/1.39.0/opentelemetry-sdk-trace-1.39.0.jar, /home/jules/.m2/repository/io/opentelemetry/opentelemetry-sdk-metrics/1.39.0/opentelemetry-sdk-metrics-1.39.0.jar, /home/jules/.m2/repository/io/opentelemetry/opentelemetry-sdk-logs/1.39.0/opentelemetry-sdk-logs-1.39.0.jar, /home/jules/.m2/repository/io/opentelemetry/opentelemetry-sdk-extension-autoconfigure-spi/1.39.0/opentelemetry-sdk-extension-autoconfigure-spi-1.39.0.jar, /home/jules/.m2/repository/io/opentelemetry/semconv/opentelemetry-semconv/1.26.0-alpha/opentelemetry-semconv-1.26.0-alpha.jar, /home/jules/.m2/repository/io/opentelemetry/opentelemetry-api-incubator/1.39.0-alpha/opentelemetry-api-incubator-1.39.0-alpha.jar, /home/jules/.m2/repository/io/opentelemetry/instrumentation/opentelemetry-instrumentation-api/2.5.0/opentelemetry-instrumentation-api-2.5.0.jar, /home/jules/.m2/repository/io/opentelemetry/instrumentation/opentelemetry-instrumentation-annotations/2.5.0/opentelemetry-instrumentation-annotations-2.5.0.jar, /home/jules/.m2/repository/io/opentelemetry/instrumentation/opentelemetry-instrumentation-annotations-support/2.5.0-alpha/opentelemetry-instrumentation-annotations-support-2.5.0-alpha.jar, /home/jules/.m2/repository/io/opentelemetry/semconv/opentelemetry-semconv-incubating/1.25.0-alpha/opentelemetry-semconv-incubating-1.25.0-alpha.jar, /home/jules/.m2/repository/io/opentelemetry/instrumentation/opentelemetry-instrumentation-api-incubator/2.5.0-alpha/opentelemetry-instrumentation-api-incubator-2.5.0-alpha.jar, /home/jules/.m2/repository/io/opentelemetry/opentelemetry-exporter-otlp-common/1.39.0/opentelemetry-exporter-otlp-common-1.39.0.jar, /home/jules/.m2/repository/io/opentelemetry/opentelemetry-exporter-common/1.39.0/opentelemetry-exporter-common-1.39.0.jar, /home/jules/.m2/repository/io/opentelemetry/opentelemetry-exporter-otlp/1.39.0/opentelemetry-exporter-otlp-1.39.0.jar, /home/jules/.m2/repository/io/opentelemetry/opentelemetry-exporter-sender-okhttp/1.39.0/opentelemetry-exporter-sender-okhttp-1.39.0.jar, /home/jules/.m2/repository/io/vertx/vertx-grpc-client/4.5.10/vertx-grpc-client-4.5.10.jar, /home/jules/.m2/repository/io/vertx/vertx-grpc-common/4.5.10/vertx-grpc-common-4.5.10.jar, /home/jules/.m2/repository/io/grpc/grpc-stub/1.65.0/grpc-stub-1.65.0.jar, /home/jules/.m2/repository/io/grpc/grpc-api/1.65.0/grpc-api-1.65.0.jar, /home/jules/.m2/repository/org/keycloak/keycloak-model-jpa/26.0.7/keycloak-model-jpa-26.0.7.jar, /home/jules/.m2/repository/org/keycloak/keycloak-model-storage/26.0.7/keycloak-model-storage-26.0.7.jar, /home/jules/.m2/repository/org/liquibase/liquibase-core/4.29.1/liquibase-core-4.29.1.jar, /home/jules/.m2/repository/com/opencsv/opencsv/5.9/opencsv-5.9.jar, /home/jules/.m2/repository/javax/xml/bind/jaxb-api/2.3.1/jaxb-api-2.3.1.jar, /home/jules/.m2/repository/commons-io/commons-io/2.16.1/commons-io-2.16.1.jar, /home/jules/.m2/repository/jakarta/persistence/jakarta.persistence-api/3.1.0/jakarta.persistence-api-3.1.0.jar, /home/jules/.m2/repository/org/hibernate/orm/hibernate-core/6.6.0.Final/hibernate-core-6.6.0.Final.jar, /home/jules/.m2/repository/org/hibernate/common/hibernate-commons-annotations/7.0.1.Final/hibernate-commons-annotations-7.0.1.Final.jar, /home/jules/.m2/repository/com/fasterxml/classmate/1.5.1/classmate-1.5.1.jar, /home/jules/.m2/repository/jakarta/xml/bind/jakarta.xml.bind-api/4.0.0/jakarta.xml.bind-api-4.0.0.jar, /home/jules/.m2/repository/org/glassfish/jaxb/jaxb-runtime/4.0.2/jaxb-runtime-4.0.2.jar, /home/jules/.m2/repository/jakarta/inject/jakarta.inject-api/2.0.1/jakarta.inject-api-2.0.1.jar, /home/jules/.m2/repository/org/antlr/antlr4-runtime/4.13.0/antlr4-runtime-4.13.0.jar, /home/jules/.m2/repository/org/slf4j/slf4j-api/2.0.6/slf4j-api-2.0.6.jar, /home/jules/.m2/repository/org/keycloak/keycloak-admin-client/26.0.3/keycloak-admin-client-26.0.3.jar, /home/jules/.m2/repository/org/keycloak/keycloak-client-common-synced/26.0.3/keycloak-client-common-synced-26.0.3.jar, /home/jules/.m2/repository/com/fasterxml/jackson/datatype/jackson-datatype-jsr310/2.17.2/jackson-datatype-jsr310-2.17.2.jar, /home/jules/.m2/repository/org/jboss/resteasy/resteasy-client/6.2.9.Final/resteasy-client-6.2.9.Final.jar, /home/jules/.m2/repository/org/jboss/resteasy/resteasy-client-api/6.2.9.Final/resteasy-client-api-6.2.9.Final.jar, /home/jules/.m2/repository/org/jboss/resteasy/resteasy-core-spi/6.2.9.Final/resteasy-core-spi-6.2.9.Final.jar, /home/jules/.m2/repository/jakarta/annotation/jakarta.annotation-api/2.1.1/jakarta.annotation-api-2.1.1.jar, /home/jules/.m2/repository/jakarta/validation/jakarta.validation-api/3.0.2/jakarta.validation-api-3.0.2.jar, /home/jules/.m2/repository/org/jboss/resteasy/resteasy-core/6.2.9.Final/resteasy-core-6.2.9.Final.jar, /home/jules/.m2/repository/org/jboss/jandex/2.4.5.Final/jandex-2.4.5.Final.jar, /home/jules/.m2/repository/com/ibm/async/asyncutil/0.1.0/asyncutil-0.1.0.jar, /home/jules/.m2/repository/org/reactivestreams/reactive-streams/1.0.4/reactive-streams-1.0.4.jar, /home/jules/.m2/repository/org/jboss/resteasy/resteasy-multipart-provider/6.2.9.Final/resteasy-multipart-provider-6.2.9.Final.jar, /home/jules/.m2/repository/org/apache/james/apache-mime4j-dom/0.8.11/apache-mime4j-dom-0.8.11.jar, /home/jules/.m2/repository/org/apache/james/apache-mime4j-core/0.8.11/apache-mime4j-core-0.8.11.jar, /home/jules/.m2/repository/org/apache/james/apache-mime4j-storage/0.8.11/apache-mime4j-storage-0.8.11.jar, /home/jules/.m2/repository/org/jboss/resteasy/resteasy-jackson2-provider/6.2.9.Final/resteasy-jackson2-provider-6.2.9.Final.jar, /home/jules/.m2/repository/com/fasterxml/jackson/jakarta/rs/jackson-jakarta-rs-base/2.15.4/jackson-jakarta-rs-base-2.15.4.jar, /home/jules/.m2/repository/com/fasterxml/jackson/jakarta/rs/jackson-jakarta-rs-json-provider/2.15.4/jackson-jakarta-rs-json-provider-2.15.4.jar, /home/jules/.m2/repository/com/fasterxml/jackson/module/jackson-module-jakarta-xmlbind-annotations/2.15.4/jackson-module-jakarta-xmlbind-annotations-2.15.4.jar, /home/jules/.m2/repository/com/github/java-json-tools/json-patch/1.13/json-patch-1.13.jar, /home/jules/.m2/repository/com/github/java-json-tools/msg-simple/1.2/msg-simple-1.2.jar, /home/jules/.m2/repository/com/github/java-json-tools/btf/1.3/btf-1.3.jar, /home/jules/.m2/repository/com/github/java-json-tools/jackson-coreutils/2.0/jackson-coreutils-2.0.jar, /home/jules/.m2/repository/org/jboss/resteasy/resteasy-jaxb-provider/6.2.9.Final/resteasy-jaxb-provider-6.2.9.Final.jar, /home/jules/.m2/repository/org/glassfish/jaxb/codemodel/4.0.3/codemodel-4.0.3.jar, /home/jules/.m2/repository/org/glassfish/jaxb/jaxb-core/4.0.3/jaxb-core-4.0.3.jar, /home/jules/.m2/repository/org/glassfish/jaxb/jaxb-jxc/4.0.3/jaxb-jxc-4.0.3.jar, /home/jules/.m2/repository/org/glassfish/jaxb/txw2/4.0.3/txw2-4.0.3.jar, /home/jules/.m2/repository/org/glassfish/jaxb/jaxb-xjc/4.0.3/jaxb-xjc-4.0.3.jar, /home/jules/.m2/repository/org/glassfish/jaxb/xsom/4.0.3/xsom-4.0.3.jar, /home/jules/.m2/repository/com/sun/istack/istack-commons-runtime/4.1.2/istack-commons-runtime-4.1.2.jar, /home/jules/.m2/repository/com/sun/istack/istack-commons-tools/4.1.2/istack-commons-tools-4.1.2.jar, /home/jules/.m2/repository/com/sun/xml/bind/external/relaxng-datatype/4.0.3/relaxng-datatype-4.0.3.jar, /home/jules/.m2/repository/com/sun/xml/bind/external/rngom/4.0.3/rngom-4.0.3.jar, /home/jules/.m2/repository/org/projectlombok/lombok/1.18.36/lombok-1.18.36.jar, /home/jules/.m2/repository/io/smallrye/smallrye-open-api-jaxrs/4.0.5/smallrye-open-api-jaxrs-4.0.5.jar, /home/jules/.m2/repository/io/smallrye/smallrye-open-api-core/4.0.5/smallrye-open-api-core-4.0.5.jar, /home/jules/.m2/repository/org/eclipse/microprofile/config/microprofile-config-api/3.0.3/microprofile-config-api-3.0.3.jar, /home/jules/.m2/repository/io/smallrye/smallrye-open-api-model/4.0.5/smallrye-open-api-model-4.0.5.jar, /home/jules/.m2/repository/com/fasterxml/jackson/dataformat/jackson-dataformat-yaml/2.18.2/jackson-dataformat-yaml-2.18.2.jar, /home/jules/.m2/repository/org/yaml/snakeyaml/2.3/snakeyaml-2.3.jar, /home/jules/.m2/repository/io/smallrye/jandex/3.2.3/jandex-3.2.3.jar, /home/jules/.m2/repository/io/smallrye/common/smallrye-common-classloader/2.8.0/smallrye-common-classloader-2.8.0.jar, /home/jules/.m2/repository/com/google/code/gson/gson/2.11.0/gson-2.11.0.jar, /home/jules/.m2/repository/com/google/errorprone/error_prone_annotations/2.27.0/error_prone_annotations-2.27.0.jar, /home/jules/.m2/repository/net/bytebuddy/byte-buddy/1.15.11/byte-buddy-1.15.11.jar]
[DEBUG]   (f) compileSourceRoots = [/app/src/main/java]
[DEBUG]   (f) compilerId = javac
[DEBUG]   (f) createMissingPackageInfoClass = true
[DEBUG]   (f) debug = true
[DEBUG]   (f) debugFileName = javac
[DEBUG]   (f) enablePreview = false
[DEBUG]   (f) failOnError = true
[DEBUG]   (f) failOnWarning = false
[DEBUG]   (f) fileExtensions = [jar, class]
[DEBUG]   (f) forceJavacCompilerUse = false
[DEBUG]   (f) forceLegacyJavacApi = false
[DEBUG]   (f) fork = false
[DEBUG]   (f) generatedSourcesDirectory = /app/target/generated-sources/annotations
[DEBUG]   (f) mojoExecution = org.apache.maven.plugins:maven-compiler-plugin:3.13.0:compile {execution: default-compile}
[DEBUG]   (f) optimize = false
[DEBUG]   (f) outputDirectory = /app/target/classes
[DEBUG]   (f) parameters = false
[DEBUG]   (f) project = MavenProject: dev.sultanov:keycloak-multi-tenancy:26.0.14 @ /app/pom.xml
[DEBUG]   (f) projectArtifact = dev.sultanov:keycloak-multi-tenancy:jar:26.0.14
[DEBUG]   (f) session = org.apache.maven.execution.MavenSession@7f7b6639
[DEBUG]   (f) showCompilationChanges = false
[DEBUG]   (f) showDeprecation = false
[DEBUG]   (f) showWarnings = true
[DEBUG]   (f) skipMultiThreadWarning = false
[DEBUG]   (f) source = 17
[DEBUG]   (f) staleMillis = 0
[DEBUG]   (s) target = 17
[DEBUG]   (f) useIncrementalCompilation = true
[DEBUG]   (f) verbose = false
[DEBUG] -- end configuration --
[DEBUG] Using compiler 'javac'.
[DEBUG] Adding /app/target/generated-sources/annotations to compile source roots:
  /app/src/main/java
[DEBUG] New compile source roots:
  /app/src/main/java
  /app/target/generated-sources/annotations
[DEBUG] CompilerReuseStrategy: reuseCreated
[DEBUG] useIncrementalCompilation enabled
[INFO] Nothing to compile - all classes are up to date.
[INFO]
[INFO] --- smallrye-open-api:4.0.5:generate-schema (default) @ keycloak-multi-tenancy ---
[DEBUG] Dependency collection stats {ConflictMarker.analyzeTime=134401, ConflictMarker.markTime=65545, ConflictMarker.nodeCount=128, ConflictIdSorter.graphTime=99371, ConflictIdSorter.topsortTime=48265, ConflictIdSorter.conflictIdCount=57, ConflictIdSorter.conflictIdCycleCount=0, ConflictResolver.totalTime=1142519, ConflictResolver.conflictItemCount=127, DfDependencyCollector.collectTime=87220941, DfDependencyCollector.transformTime=1515071}
[DEBUG] io.smallrye:smallrye-open-api-maven-plugin:jar:4.0.5
[DEBUG]    org.apache.maven:maven-plugin-api:jar:3.9.9:compile
[DEBUG]       org.apache.maven:maven-model:jar:3.9.9:compile
[DEBUG]       org.apache.maven:maven-artifact:jar:3.9.9:compile
[DEBUG]       org.eclipse.sisu:org.eclipse.sisu.plexus:jar:0.9.0.M3:compile
[DEBUG]          org.codehaus.plexus:plexus-xml:jar:3.0.0:compile
[DEBUG]       org.codehaus.plexus:plexus-utils:jar:3.5.1:compile
[DEBUG]       org.codehaus.plexus:plexus-classworlds:jar:2.8.0:compile
[DEBUG]    org.apache.maven.plugin-tools:maven-plugin-annotations:jar:3.15.1:compile
[DEBUG]    org.apache.maven:maven-core:jar:3.9.9:compile
[DEBUG]       org.apache.maven:maven-settings:jar:3.9.9:compile
[DEBUG]       org.apache.maven:maven-settings-builder:jar:3.9.9:compile
[DEBUG]          org.codehaus.plexus:plexus-sec-dispatcher:jar:2.0:compile
[DEBUG]             org.codehaus.plexus:plexus-cipher:jar:2.0:compile
[DEBUG]       org.apache.maven:maven-builder-support:jar:3.9.9:compile
[DEBUG]       org.apache.maven:maven-repository-metadata:jar:3.9.9:compile
[DEBUG]       org.apache.maven:maven-model-builder:jar:3.9.9:compile
[DEBUG]       org.apache.maven:maven-resolver-provider:jar:3.9.9:compile
[DEBUG]       org.apache.maven.resolver:maven-resolver-impl:jar:1.9.22:compile
[DEBUG]          org.apache.maven.resolver:maven-resolver-named-locks:jar:1.9.22:compile
[DEBUG]       org.apache.maven.resolver:maven-resolver-api:jar:1.9.22:compile
[DEBUG]       org.apache.maven.resolver:maven-resolver-spi:jar:1.9.22:compile
[DEBUG]       org.apache.maven.resolver:maven-resolver-util:jar:1.9.22:compile
[DEBUG]       org.apache.maven.shared:maven-shared-utils:jar:3.4.2:compile
[DEBUG]       org.eclipse.sisu:org.eclipse.sisu.inject:jar:0.9.0.M3:compile
[DEBUG]       com.google.inject:guice:jar:5.1.0:compile
[DEBUG]          aopalliance:aopalliance:jar:1.0:compile
[DEBUG]       com.google.guava:guava:jar:33.2.1-jre:compile
[DEBUG]       com.google.guava:failureaccess:jar:1.0.2:compile
[DEBUG]       javax.inject:javax.inject:jar:1:compile
[DEBUG]       org.codehaus.plexus:plexus-interpolation:jar:1.27:compile
[DEBUG]       org.codehaus.plexus:plexus-component-annotations:jar:2.1.0:compile
[DEBUG]       org.slf4j:slf4j-api:jar:1.7.36:compile
[DEBUG]    io.smallrye:smallrye-open-api-core:jar:4.0.5:compile
[DEBUG]       org.eclipse.microprofile.openapi:microprofile-openapi-api:jar:4.0.2:compile (version managed from default)
[DEBUG]       org.eclipse.microprofile.config:microprofile-config-api:jar:3.0.3:compile (version managed from default)
[DEBUG]       io.smallrye:smallrye-open-api-model:jar:4.0.5:compile (version managed from default)
[DEBUG]       com.fasterxml.jackson.core:jackson-core:jar:2.18.2:compile (version managed from default)
[DEBUG]       com.fasterxml.jackson.core:jackson-databind:jar:2.18.2:compile (version managed from default)
[DEBUG]          com.fasterxml.jackson.core:jackson-annotations:jar:2.18.2:compile (version managed from default)
[DEBUG]       com.fasterxml.jackson.dataformat:jackson-dataformat-yaml:jar:2.18.2:compile (version managed from default)
[DEBUG]          org.yaml:snakeyaml:jar:2.3:compile
[DEBUG]       io.smallrye.common:smallrye-common-classloader:jar:2.8.0:compile (version managed from default)
[DEBUG]       org.jboss.logging:jboss-logging:jar:3.6.1.Final:compile (version managed from default)
[DEBUG]    io.smallrye:smallrye-open-api-jaxrs:jar:4.0.5:compile
[DEBUG]    io.smallrye:smallrye-open-api-spring:jar:4.0.5:compile
[DEBUG]    io.smallrye:smallrye-open-api-vertx:jar:4.0.5:compile
[DEBUG]    io.smallrye:jandex:jar:3.2.3:compile
[DEBUG]    io.smallrye.config:smallrye-config:jar:3.10.2:compile
[DEBUG]       io.smallrye.config:smallrye-config-core:jar:3.10.2:compile
[DEBUG]          jakarta.annotation:jakarta.annotation-api:jar:2.1.1:compile (version managed from default)
[DEBUG]          io.smallrye.common:smallrye-common-annotation:jar:2.8.0:compile
[DEBUG]          io.smallrye.common:smallrye-common-expression:jar:2.8.0:compile
[DEBUG]             io.smallrye.common:smallrye-common-function:jar:2.8.0:compile
[DEBUG]          io.smallrye.common:smallrye-common-constraint:jar:2.8.0:compile
[DEBUG]          org.ow2.asm:asm:jar:9.7.1:compile
[DEBUG]          io.smallrye.config:smallrye-config-common:jar:3.10.2:compile
[DEBUG] Created new class realm plugin>io.smallrye:smallrye-open-api-maven-plugin:4.0.5
[DEBUG] Importing foreign packages into class realm plugin>io.smallrye:smallrye-open-api-maven-plugin:4.0.5
[DEBUG]   Imported:  < maven.api
[DEBUG] Populating class realm plugin>io.smallrye:smallrye-open-api-maven-plugin:4.0.5
[DEBUG]   Included: io.smallrye:smallrye-open-api-maven-plugin:jar:4.0.5
[DEBUG]   Included: org.codehaus.plexus:plexus-xml:jar:3.0.0
[DEBUG]   Included: org.codehaus.plexus:plexus-utils:jar:3.5.1
[DEBUG]   Included: org.apache.maven.plugin-tools:maven-plugin-annotations:jar:3.15.1
[DEBUG]   Included: org.codehaus.plexus:plexus-sec-dispatcher:jar:2.0
[DEBUG]   Included: org.codehaus.plexus:plexus-cipher:jar:2.0
[DEBUG]   Included: org.apache.maven:maven-builder-support:jar:3.9.9
[DEBUG]   Included: org.apache.maven.resolver:maven-resolver-named-locks:jar:1.9.22
[DEBUG]   Included: org.apache.maven.shared:maven-shared-utils:jar:3.4.2
[DEBUG]   Included: org.eclipse.sisu:org.eclipse.sisu.inject:jar:0.9.0.M3
[DEBUG]   Included: com.google.inject:guice:jar:5.1.0
[DEBUG]   Included: aopalliance:aopalliance:jar:1.0
[DEBUG]   Included: com.google.guava:guava:jar:33.2.1-jre
[DEBUG]   Included: com.google.guava:failureaccess:jar:1.0.2
[DEBUG]   Included: org.codehaus.plexus:plexus-interpolation:jar:1.27
[DEBUG]   Included: org.codehaus.plexus:plexus-component-annotations:jar:2.1.0
[DEBUG]   Included: io.smallrye:smallrye-open-api-core:jar:4.0.5
[DEBUG]   Included: org.eclipse.microprofile.openapi:microprofile-openapi-api:jar:4.0.2
[DEBUG]   Included: org.eclipse.microprofile.config:microprofile-config-api:jar:3.0.3
[DEBUG]   Included: io.smallrye:smallrye-open-api-model:jar:4.0.5
[DEBUG]   Included: com.fasterxml.jackson.core:jackson-core:jar:2.18.2
[DEBUG]   Included: com.fasterxml.jackson.core:jackson-databind:jar:2.18.2
[DEBUG]   Included: com.fasterxml.jackson.core:jackson-annotations:jar:2.18.2
[DEBUG]   Included: com.fasterxml.jackson.dataformat:jackson-dataformat-yaml:jar:2.18.2
[DEBUG]   Included: org.yaml:snakeyaml:jar:2.3
[DEBUG]   Included: io.smallrye.common:smallrye-common-classloader:jar:2.8.0
[DEBUG]   Included: org.jboss.logging:jboss-logging:jar:3.6.1.Final
[DEBUG]   Included: io.smallrye:smallrye-open-api-jaxrs:jar:4.0.5
[DEBUG]   Included: io.smallrye:smallrye-open-api-spring:jar:4.0.5
[DEBUG]   Included: io.smallrye:smallrye-open-api-vertx:jar:4.0.5
[DEBUG]   Included: io.smallrye:jandex:jar:3.2.3
[DEBUG]   Included: io.smallrye.config:smallrye-config:jar:3.10.2
[DEBUG]   Included: io.smallrye.config:smallrye-config-core:jar:3.10.2
[DEBUG]   Included: jakarta.annotation:jakarta.annotation-api:jar:2.1.1
[DEBUG]   Included: io.smallrye.common:smallrye-common-annotation:jar:2.8.0
[DEBUG]   Included: io.smallrye.common:smallrye-common-expression:jar:2.8.0
[DEBUG]   Included: io.smallrye.common:smallrye-common-function:jar:2.8.0
[DEBUG]   Included: io.smallrye.common:smallrye-common-constraint:jar:2.8.0
[DEBUG]   Included: org.ow2.asm:asm:jar:9.7.1
[DEBUG]   Included: io.smallrye.config:smallrye-config-common:jar:3.10.2
[DEBUG] Loading mojo io.smallrye:smallrye-open-api-maven-plugin:4.0.5:generate-schema from plugin realm ClassRealm[plugin>io.smallrye:smallrye-open-api-maven-plugin:4.0.5, parent: jdk.internal.loader.ClassLoaders$AppClassLoader@c387f44]
[DEBUG] Configuring mojo execution 'io.smallrye:smallrye-open-api-maven-plugin:4.0.5:generate-schema:default' with basic configurator -->
[DEBUG]   (f) applicationPathDisable = false
[DEBUG]   (f) attachArtifacts = false
[DEBUG]   (f) includeDependenciesScopes = [compile, system]
[DEBUG]   (f) includeDependenciesTypes = [jar]
[DEBUG]   (f) includeStandardJavaModules = []
[DEBUG]   (f) infoTitle = Keycloak Multi-Tenancy
[DEBUG]   (f) infoVersion = 26.0.14
[DEBUG]   (f) mavenProject = MavenProject: dev.sultanov:keycloak-multi-tenancy:26.0.14 @ /app/pom.xml
[DEBUG]   (f) openApiVersion = 3.1.0
[DEBUG]   (f) operationServers = []
[DEBUG]   (f) outputDirectory = /app/docs
[DEBUG]   (f) outputFileTypeFilter = ALL
[DEBUG]   (f) pathServers = []
[DEBUG]   (f) scanDependenciesDisable = false
[DEBUG]   (f) scanExcludeProfiles = []
[DEBUG]   (f) scanProfiles = []
[DEBUG]   (f) scanResourceClasses = {dev.sultanov.keycloak.multitenancy.resource.TenantsResource=/tenants}
[DEBUG]   (f) scanners = []
[DEBUG]   (f) schemaFilename = openapi
[DEBUG]   (f) servers = [{{keycloakUrl}}/auth/realms/{{realmName}}]
[DEBUG]   (f) skip = false
[DEBUG] -- end configuration --
[DEBUG] Build output: /app/target/classes
[DEBUG] Indexed directories/artifacts for annotation scanning:
[DEBUG]   /app/target/classes (index time PT0.110443064S)
[DEBUG]   /home/jules/.m2/repository/commons-logging/commons-logging/1.2/commons-logging-1.2.jar (index time PT0.034847225S)
[DEBUG]   /home/jules/.m2/repository/commons-codec/commons-codec/1.11/commons-codec-1.11.jar (index time PT0.039894979S)
[DEBUG]   /home/jules/.m2/repository/org/apache/commons/commons-lang3/3.12.0/commons-lang3-3.12.0.jar (index time PT0.143712448S)
[DEBUG]   /home/jules/.m2/repository/org/jboss/logging/jboss-logging/3.6.0.Final/jboss-logging-3.6.0.Final.jar (index time PT0.017838284S)
[DEBUG]   /home/jules/.m2/repository/com/fasterxml/jackson/core/jackson-annotations/2.17.2/jackson-annotations-2.17.2.jar (index time PT0.013587699S)
[DEBUG]   /home/jules/.m2/repository/org/eclipse/microprofile/openapi/microprofile-openapi-api/3.1.1/microprofile-openapi-api-3.1.1.jar (index time PT0.021999695S)
[DEBUG]   /home/jules/.m2/repository/io/smallrye/smallrye-open-api-jaxrs/4.0.5/smallrye-open-api-jaxrs-4.0.5.jar (index time PT0.005422711S)
[DEBUG]   /home/jules/.m2/repository/io/smallrye/smallrye-open-api-core/4.0.5/smallrye-open-api-core-4.0.5.jar (index time PT0.089171569S)
[DEBUG]   /home/jules/.m2/repository/org/eclipse/microprofile/config/microprofile-config-api/3.0.3/microprofile-config-api-3.0.3.jar (index time PT0.005759644S)
[DEBUG]   /home/jules/.m2/repository/io/smallrye/smallrye-open-api-model/4.0.5/smallrye-open-api-model-4.0.5.jar (index time PT0.005893833S)
[DEBUG]   /home/jules/.m2/repository/com/fasterxml/jackson/dataformat/jackson-dataformat-yaml/2.18.2/jackson-dataformat-yaml-2.18.2.jar (index time PT0.00909782S)
[DEBUG]   /home/jules/.m2/repository/io/smallrye/jandex/3.2.3/jandex-3.2.3.jar (index time PT0.048658971S)
[DEBUG]   /home/jules/.m2/repository/io/smallrye/common/smallrye-common-classloader/2.8.0/smallrye-common-classloader-2.8.0.jar (index time PT0.00205807S)
[DEBUG] Adding directories/artifacts to annotation scanner class loader:
[DEBUG]   /app/target/classes
[DEBUG]   /home/jules/.m2/repository/org/apache/httpcomponents/httpclient/4.5.14/httpclient-4.5.14.jar
[DEBUG]   /home/jules/.m2/repository/org/apache/httpcomponents/httpcore/4.4.16/httpcore-4.4.16.jar
[DEBUG]   /home/jules/.m2/repository/commons-logging/commons-logging/1.2/commons-logging-1.2.jar
[DEBUG]   /home/jules/.m2/repository/commons-codec/commons-codec/1.11/commons-codec-1.11.jar
[DEBUG]   /home/jules/.m2/repository/org/apache/commons/commons-lang3/3.12.0/commons-lang3-3.12.0.jar
[DEBUG]   /home/jules/.m2/repository/org/keycloak/keycloak-server-spi/26.0.7/keycloak-server-spi-26.0.7.jar
[DEBUG]   /home/jules/.m2/repository/org/keycloak/keycloak-server-spi-private/26.0.7/keycloak-server-spi-private-26.0.7.jar
[DEBUG]   /home/jules/.m2/repository/org/keycloak/keycloak-services/26.0.7/keycloak-services-26.0.7.jar
[DEBUG]   /home/jules/.m2/repository/org/keycloak/keycloak-core/26.0.7/keycloak-core-26.0.7.jar
[DEBUG]   /home/jules/.m2/repository/jakarta/mail/jakarta.mail-api/2.1.1/jakarta.mail-api-2.1.1.jar
[DEBUG]   /home/jules/.m2/repository/jakarta/activation/jakarta.activation-api/2.1.1/jakarta.activation-api-2.1.1.jar
[DEBUG]   /home/jules/.m2/repository/org/eclipse/angus/angus-mail/2.0.3/angus-mail-2.0.3.jar
[DEBUG]   /home/jules/.m2/repository/org/eclipse/angus/angus-activation/2.0.2/angus-activation-2.0.2.jar
[DEBUG]   /home/jules/.m2/repository/org/keycloak/keycloak-common/26.0.7/keycloak-common-26.0.7.jar
[DEBUG]   /home/jules/.m2/repository/org/twitter4j/twitter4j-core/4.1.2/twitter4j-core-4.1.2.jar
[DEBUG]   /home/jules/.m2/repository/org/jboss/logging/jboss-logging/3.6.0.Final/jboss-logging-3.6.0.Final.jar
[DEBUG]   /home/jules/.m2/repository/org/jboss/logging/commons-logging-jboss-logging/1.0.0.Final/commons-logging-jboss-logging-1.0.0.Final.jar
[DEBUG]   /home/jules/.m2/repository/jakarta/ws/rs/jakarta.ws.rs-api/3.1.0/jakarta.ws.rs-api-3.1.0.jar
[DEBUG]   /home/jules/.m2/repository/jakarta/transaction/jakarta.transaction-api/2.0.1/jakarta.transaction-api-2.0.1.jar
[DEBUG]   /home/jules/.m2/repository/jakarta/xml/soap/jakarta.xml.soap-api/3.0.0/jakarta.xml.soap-api-3.0.0.jar
[DEBUG]   /home/jules/.m2/repository/com/googlecode/owasp-java-html-sanitizer/owasp-java-html-sanitizer/20240325.1/owasp-java-html-sanitizer-20240325.1.jar
[DEBUG]   /home/jules/.m2/repository/com/googlecode/owasp-java-html-sanitizer/java8-shim/20240325.1/java8-shim-20240325.1.jar
[DEBUG]   /home/jules/.m2/repository/com/googlecode/owasp-java-html-sanitizer/java10-shim/20240325.1/java10-shim-20240325.1.jar
[DEBUG]   /home/jules/.m2/repository/com/fasterxml/jackson/core/jackson-core/2.17.2/jackson-core-2.17.2.jar
[DEBUG]   /home/jules/.m2/repository/com/fasterxml/jackson/core/jackson-databind/2.17.2/jackson-databind-2.17.2.jar
[DEBUG]   /home/jules/.m2/repository/com/fasterxml/jackson/core/jackson-annotations/2.17.2/jackson-annotations-2.17.2.jar
[DEBUG]   /home/jules/.m2/repository/javax/annotation/javax.annotation-api/1.3.2/javax.annotation-api-1.3.2.jar
[DEBUG]   /home/jules/.m2/repository/com/fasterxml/jackson/datatype/jackson-datatype-jdk8/2.17.2/jackson-datatype-jdk8-2.17.2.jar
[DEBUG]   /home/jules/.m2/repository/com/google/zxing/javase/3.4.0/javase-3.4.0.jar
[DEBUG]   /home/jules/.m2/repository/com/google/zxing/core/3.4.0/core-3.4.0.jar
[DEBUG]   /home/jules/.m2/repository/com/github/jai-imageio/jai-imageio-core/1.4.0/jai-imageio-core-1.4.0.jar
[DEBUG]   /home/jules/.m2/repository/com/apicatalog/titanium-json-ld/1.3.3/titanium-json-ld-1.3.3.jar
[DEBUG]   /home/jules/.m2/repository/io/setl/rdf-urdna/1.1/rdf-urdna-1.1.jar
[DEBUG]   /home/jules/.m2/repository/com/webauthn4j/webauthn4j-core/0.21.5.RELEASE/webauthn4j-core-0.21.5.RELEASE.jar
[DEBUG]   /home/jules/.m2/repository/com/webauthn4j/webauthn4j-util/0.21.5.RELEASE/webauthn4j-util-0.21.5.RELEASE.jar
[DEBUG]   /home/jules/.m2/repository/org/apache/kerby/kerby-asn1/2.0.3/kerby-asn1-2.0.3.jar
[DEBUG]   /home/jules/.m2/repository/com/fasterxml/jackson/dataformat/jackson-dataformat-cbor/2.15.2/jackson-dataformat-cbor-2.15.2.jar
[DEBUG]   /home/jules/.m2/repository/org/checkerframework/checker-qual/3.36.0/checker-qual-3.36.0.jar
[DEBUG]   /home/jules/.m2/repository/com/github/ua-parser/uap-java/1.5.4/uap-java-1.5.4.jar
[DEBUG]   /home/jules/.m2/repository/org/apache/commons/commons-collections4/4.4/commons-collections4-4.4.jar
[DEBUG]   /home/jules/.m2/repository/org/eclipse/microprofile/openapi/microprofile-openapi-api/3.1.1/microprofile-openapi-api-3.1.1.jar
[DEBUG]   /home/jules/.m2/repository/io/smallrye/common/smallrye-common-annotation/2.6.0/smallrye-common-annotation-2.6.0.jar
[DEBUG]   /home/jules/.m2/repository/org/keycloak/keycloak-model-storage-private/26.0.7/keycloak-model-storage-private-26.0.7.jar
[DEBUG]   /home/jules/.m2/repository/org/keycloak/keycloak-config-api/26.0.7/keycloak-config-api-26.0.7.jar
[DEBUG]   /home/jules/.m2/repository/org/infinispan/infinispan-commons/15.0.11.Final/infinispan-commons-15.0.11.Final.jar
[DEBUG]   /home/jules/.m2/repository/org/infinispan/protostream/protostream/5.0.10.Final/protostream-5.0.10.Final.jar
[DEBUG]   /home/jules/.m2/repository/org/infinispan/protostream/protostream-types/5.0.10.Final/protostream-types-5.0.10.Final.jar
[DEBUG]   /home/jules/.m2/repository/org/infinispan/protostream/protostream-processor/5.0.10.Final/protostream-processor-5.0.10.Final.jar
[DEBUG]   /home/jules/.m2/repository/com/github/ben-manes/caffeine/caffeine/3.1.8/caffeine-3.1.8.jar
[DEBUG]   /home/jules/.m2/repository/io/reactivex/rxjava3/rxjava/3.1.8/rxjava-3.1.8.jar
[DEBUG]   /home/jules/.m2/repository/io/quarkus/quarkus-opentelemetry/3.15.1/quarkus-opentelemetry-3.15.1.jar
[DEBUG]   /home/jules/.m2/repository/io/quarkus/quarkus-core/3.15.1/quarkus-core-3.15.1.jar
[DEBUG]   /home/jules/.m2/repository/jakarta/enterprise/jakarta.enterprise.cdi-api/4.1.0/jakarta.enterprise.cdi-api-4.1.0.jar
[DEBUG]   /home/jules/.m2/repository/jakarta/enterprise/jakarta.enterprise.lang-model/4.1.0/jakarta.enterprise.lang-model-4.1.0.jar
[DEBUG]   /home/jules/.m2/repository/jakarta/el/jakarta.el-api/6.0.0/jakarta.el-api-6.0.0.jar
[DEBUG]   /home/jules/.m2/repository/jakarta/interceptor/jakarta.interceptor-api/2.2.0/jakarta.interceptor-api-2.2.0.jar
[DEBUG]   /home/jules/.m2/repository/io/smallrye/common/smallrye-common-os/2.6.0/smallrye-common-os-2.6.0.jar
[DEBUG]   /home/jules/.m2/repository/io/quarkus/quarkus-ide-launcher/3.15.1/quarkus-ide-launcher-3.15.1.jar
[DEBUG]   /home/jules/.m2/repository/io/quarkus/quarkus-development-mode-spi/3.15.1/quarkus-development-mode-spi-3.15.1.jar
[DEBUG]   /home/jules/.m2/repository/io/smallrye/config/smallrye-config/3.9.1/smallrye-config-3.9.1.jar
[DEBUG]   /home/jules/.m2/repository/io/smallrye/config/smallrye-config-core/3.9.1/smallrye-config-core-3.9.1.jar
[DEBUG]   /home/jules/.m2/repository/org/ow2/asm/asm/9.7/asm-9.7.jar
[DEBUG]   /home/jules/.m2/repository/io/smallrye/config/smallrye-config-common/3.9.1/smallrye-config-common-3.9.1.jar
[DEBUG]   /home/jules/.m2/repository/org/jboss/logmanager/jboss-logmanager/3.0.6.Final/jboss-logmanager-3.0.6.Final.jar
[DEBUG]   /home/jules/.m2/repository/io/smallrye/common/smallrye-common-cpu/2.2.0/smallrye-common-cpu-2.2.0.jar
[DEBUG]   /home/jules/.m2/repository/io/smallrye/common/smallrye-common-expression/2.2.0/smallrye-common-expression-2.2.0.jar
[DEBUG]   /home/jules/.m2/repository/io/smallrye/common/smallrye-common-function/2.2.0/smallrye-common-function-2.2.0.jar
[DEBUG]   /home/jules/.m2/repository/io/smallrye/common/smallrye-common-net/2.2.0/smallrye-common-net-2.2.0.jar
[DEBUG]   /home/jules/.m2/repository/io/smallrye/common/smallrye-common-ref/2.2.0/smallrye-common-ref-2.2.0.jar
[DEBUG]   /home/jules/.m2/repository/jakarta/json/jakarta.json-api/2.1.3/jakarta.json-api-2.1.3.jar
[DEBUG]   /home/jules/.m2/repository/org/eclipse/parsson/parsson/1.1.6/parsson-1.1.6.jar
[DEBUG]   /home/jules/.m2/repository/org/jboss/logging/jboss-logging-annotations/3.0.1.Final/jboss-logging-annotations-3.0.1.Final.jar
[DEBUG]   /home/jules/.m2/repository/org/jboss/threads/jboss-threads/3.6.1.Final/jboss-threads-3.6.1.Final.jar
[DEBUG]   /home/jules/.m2/repository/org/jboss/slf4j/slf4j-jboss-logmanager/2.0.0.Final/slf4j-jboss-logmanager-2.0.0.Final.jar
[DEBUG]   /home/jules/.m2/repository/org/wildfly/common/wildfly-common/1.7.0.Final/wildfly-common-1.7.0.Final.jar
[DEBUG]   /home/jules/.m2/repository/io/quarkus/quarkus-bootstrap-runner/3.15.1/quarkus-bootstrap-runner-3.15.1.jar
[DEBUG]   /home/jules/.m2/repository/io/quarkus/quarkus-classloader-commons/3.15.1/quarkus-classloader-commons-3.15.1.jar
[DEBUG]   /home/jules/.m2/repository/io/smallrye/common/smallrye-common-io/2.6.0/smallrye-common-io-2.6.0.jar
[DEBUG]   /home/jules/.m2/repository/io/github/crac/org-crac/0.1.3/org-crac-0.1.3.jar
[DEBUG]   /home/jules/.m2/repository/io/quarkus/quarkus-fs-util/0.0.10/quarkus-fs-util-0.0.10.jar
[DEBUG]   /home/jules/.m2/repository/io/quarkus/quarkus-tls-registry/3.15.1/quarkus-tls-registry-3.15.1.jar
[DEBUG]   /home/jules/.m2/repository/io/quarkus/quarkus-credentials/3.15.1/quarkus-credentials-3.15.1.jar
[DEBUG]   /home/jules/.m2/repository/io/quarkus/quarkus-arc/3.15.1/quarkus-arc-3.15.1.jar
[DEBUG]   /home/jules/.m2/repository/io/quarkus/arc/arc/3.15.1/arc-3.15.1.jar
[DEBUG]   /home/jules/.m2/repository/io/smallrye/reactive/mutiny/2.6.2/mutiny-2.6.2.jar
[DEBUG]   /home/jules/.m2/repository/org/jctools/jctools-core/4.0.5/jctools-core-4.0.5.jar
[DEBUG]   /home/jules/.m2/repository/org/eclipse/microprofile/context-propagation/microprofile-context-propagation-api/1.3/microprofile-context-propagation-api-1.3.jar
[DEBUG]   /home/jules/.m2/repository/io/quarkus/quarkus-vertx/3.15.1/quarkus-vertx-3.15.1.jar
[DEBUG]   /home/jules/.m2/repository/io/quarkus/quarkus-netty/3.15.1/quarkus-netty-3.15.1.jar
[DEBUG]   /home/jules/.m2/repository/io/netty/netty-codec/4.1.111.Final/netty-codec-4.1.111.Final.jar
[DEBUG]   /home/jules/.m2/repository/io/netty/netty-codec-http/4.1.111.Final/netty-codec-http-4.1.111.Final.jar
[DEBUG]   /home/jules/.m2/repository/io/netty/netty-codec-http2/4.1.111.Final/netty-codec-http2-4.1.111.Final.jar
[DEBUG]   /home/jules/.m2/repository/io/netty/netty-handler/4.1.111.Final/netty-handler-4.1.111.Final.jar
[DEBUG]   /home/jules/.m2/repository/io/netty/netty-transport-native-unix-common/4.1.111.Final/netty-transport-native-unix-common-4.1.111.Final.jar
[DEBUG]   /home/jules/.m2/repository/com/aayushatharva/brotli4j/brotli4j/1.16.0/brotli4j-1.16.0.jar
[DEBUG]   /home/jules/.m2/repository/com/aayushatharva/brotli4j/service/1.16.0/service-1.16.0.jar
[DEBUG]   /home/jules/.m2/repository/com/aayushatharva/brotli4j/native-linux-x86_64/1.16.0/native-linux-x86_64-1.16.0.jar
[DEBUG]   /home/jules/.m2/repository/io/netty/netty-codec-haproxy/4.1.111.Final/netty-codec-haproxy-4.1.111.Final.jar
[DEBUG]   /home/jules/.m2/repository/io/netty/netty-buffer/4.1.111.Final/netty-buffer-4.1.111.Final.jar
[DEBUG]   /home/jules/.m2/repository/io/netty/netty-transport/4.1.111.Final/netty-transport-4.1.111.Final.jar
[DEBUG]   /home/jules/.m2/repository/io/quarkus/quarkus-mutiny/3.15.1/quarkus-mutiny-3.15.1.jar
[DEBUG]   /home/jules/.m2/repository/io/quarkus/quarkus-smallrye-context-propagation/3.15.1/quarkus-smallrye-context-propagation-3.15.1.jar
[DEBUG]   /home/jules/.m2/repository/io/smallrye/smallrye-context-propagation/2.1.2/smallrye-context-propagation-2.1.2.jar
[DEBUG]   /home/jules/.m2/repository/io/smallrye/smallrye-context-propagation-api/2.1.2/smallrye-context-propagation-api-2.1.2.jar
[DEBUG]   /home/jules/.m2/repository/io/smallrye/smallrye-context-propagation-storage/2.1.2/smallrye-context-propagation-storage-2.1.2.jar
[DEBUG]   /home/jules/.m2/repository/io/smallrye/reactive/mutiny-smallrye-context-propagation/2.6.2/mutiny-smallrye-context-propagation-2.6.2.jar
[DEBUG]   /home/jules/.m2/repository/io/quarkus/quarkus-virtual-threads/3.15.1/quarkus-virtual-threads-3.15.1.jar
[DEBUG]   /home/jules/.m2/repository/io/quarkus/quarkus-vertx-latebound-mdc-provider/3.15.1/quarkus-vertx-latebound-mdc-provider-3.15.1.jar
[DEBUG]   /home/jules/.m2/repository/io/smallrye/reactive/smallrye-mutiny-vertx-core/3.15.0/smallrye-mutiny-vertx-core-3.15.0.jar
[DEBUG]   /home/jules/.m2/repository/io/smallrye/reactive/smallrye-mutiny-vertx-runtime/3.15.0/smallrye-mutiny-vertx-runtime-3.15.0.jar
[DEBUG]   /home/jules/.m2/repository/io/smallrye/reactive/vertx-mutiny-generator/3.15.0/vertx-mutiny-generator-3.15.0.jar
[DEBUG]   /home/jules/.m2/repository/io/vertx/vertx-codegen/4.5.10/vertx-codegen-4.5.10.jar
[DEBUG]   /home/jules/.m2/repository/io/smallrye/smallrye-fault-tolerance-vertx/6.4.0/smallrye-fault-tolerance-vertx-6.4.0.jar
[DEBUG]   /home/jules/.m2/repository/io/quarkus/quarkus-security-runtime-spi/3.15.1/quarkus-security-runtime-spi-3.15.1.jar
[DEBUG]   /home/jules/.m2/repository/io/quarkus/security/quarkus-security/2.1.0/quarkus-security-2.1.0.jar
[DEBUG]   /home/jules/.m2/repository/io/quarkus/quarkus-grpc-common/3.15.1/quarkus-grpc-common-3.15.1.jar
[DEBUG]   /home/jules/.m2/repository/com/google/code/findbugs/jsr305/3.0.2/jsr305-3.0.2.jar
[DEBUG]   /home/jules/.m2/repository/io/vertx/vertx-grpc/4.5.10/vertx-grpc-4.5.10.jar
[DEBUG]   /home/jules/.m2/repository/io/grpc/grpc-netty/1.65.0/grpc-netty-1.65.0.jar
[DEBUG]   /home/jules/.m2/repository/io/grpc/grpc-util/1.65.0/grpc-util-1.65.0.jar
[DEBUG]   /home/jules/.m2/repository/io/grpc/grpc-protobuf/1.65.0/grpc-protobuf-1.65.0.jar
[DEBUG]   /home/jules/.m2/repository/com/google/protobuf/protobuf-java/3.25.1/protobuf-java-3.25.1.jar
[DEBUG]   /home/jules/.m2/repository/com/google/api/grpc/proto-google-common-protos/2.29.0/proto-google-common-protos-2.29.0.jar
[DEBUG]   /home/jules/.m2/repository/io/grpc/grpc-protobuf-lite/1.65.0/grpc-protobuf-lite-1.65.0.jar
[DEBUG]   /home/jules/.m2/repository/com/google/guava/guava/32.1.2-jre/guava-32.1.2-jre.jar
[DEBUG]   /home/jules/.m2/repository/com/google/guava/failureaccess/1.0.1/failureaccess-1.0.1.jar
[DEBUG]   /home/jules/.m2/repository/com/google/guava/listenablefuture/9999.0-empty-to-avoid-conflict-with-guava/listenablefuture-9999.0-empty-to-avoid-conflict-with-guava.jar
[DEBUG]   /home/jules/.m2/repository/com/google/j2objc/j2objc-annotations/2.8/j2objc-annotations-2.8.jar
[DEBUG]   /home/jules/.m2/repository/io/vertx/vertx-grpc-server/4.5.10/vertx-grpc-server-4.5.10.jar
[DEBUG]   /home/jules/.m2/repository/io/grpc/grpc-core/1.65.1/grpc-core-1.65.1.jar
[DEBUG]   /home/jules/.m2/repository/io/perfmark/perfmark-api/0.26.0/perfmark-api-0.26.0.jar
[DEBUG]   /home/jules/.m2/repository/io/grpc/grpc-context/1.65.1/grpc-context-1.65.1.jar
[DEBUG]   /home/jules/.m2/repository/io/smallrye/common/smallrye-common-vertx-context/2.6.0/smallrye-common-vertx-context-2.6.0.jar
[DEBUG]   /home/jules/.m2/repository/io/vertx/vertx-core/4.5.9/vertx-core-4.5.9.jar
[DEBUG]   /home/jules/.m2/repository/io/netty/netty-common/4.1.111.Final/netty-common-4.1.111.Final.jar
[DEBUG]   /home/jules/.m2/repository/io/netty/netty-handler-proxy/4.1.111.Final/netty-handler-proxy-4.1.111.Final.jar
[DEBUG]   /home/jules/.m2/repository/io/netty/netty-codec-socks/4.1.111.Final/netty-codec-socks-4.1.111.Final.jar
[DEBUG]   /home/jules/.m2/repository/io/netty/netty-resolver/4.1.111.Final/netty-resolver-4.1.111.Final.jar
[DEBUG]   /home/jules/.m2/repository/io/netty/netty-resolver-dns/4.1.111.Final/netty-resolver-dns-4.1.111.Final.jar
[DEBUG]   /home/jules/.m2/repository/io/netty/netty-codec-dns/4.1.111.Final/netty-codec-dns-4.1.111.Final.jar
[DEBUG]   /home/jules/.m2/repository/io/smallrye/common/smallrye-common-constraint/2.6.0/smallrye-common-constraint-2.6.0.jar
[DEBUG]   /home/jules/.m2/repository/io/opentelemetry/opentelemetry-sdk-extension-autoconfigure/1.39.0/opentelemetry-sdk-extension-autoconfigure-1.39.0.jar
[DEBUG]   /home/jules/.m2/repository/io/opentelemetry/opentelemetry-sdk/1.39.0/opentelemetry-sdk-1.39.0.jar
[DEBUG]   /home/jules/.m2/repository/io/opentelemetry/opentelemetry-api/1.39.0/opentelemetry-api-1.39.0.jar
[DEBUG]   /home/jules/.m2/repository/io/opentelemetry/opentelemetry-context/1.39.0/opentelemetry-context-1.39.0.jar
[DEBUG]   /home/jules/.m2/repository/io/opentelemetry/opentelemetry-sdk-common/1.39.0/opentelemetry-sdk-common-1.39.0.jar
[DEBUG]   /home/jules/.m2/repository/io/opentelemetry/opentelemetry-sdk-trace/1.39.0/opentelemetry-sdk-trace-1.39.0.jar
[DEBUG]   /home/jules/.m2/repository/io/opentelemetry/opentelemetry-sdk-metrics/1.39.0/opentelemetry-sdk-metrics-1.39.0.jar
[DEBUG]   /home/jules/.m2/repository/io/opentelemetry/opentelemetry-sdk-logs/1.39.0/opentelemetry-sdk-logs-1.39.0.jar
[DEBUG]   /home/jules/.m2/repository/io/opentelemetry/opentelemetry-sdk-extension-autoconfigure-spi/1.39.0/opentelemetry-sdk-extension-autoconfigure-spi-1.39.0.jar
[DEBUG]   /home/jules/.m2/repository/io/opentelemetry/semconv/opentelemetry-semconv/1.26.0-alpha/opentelemetry-semconv-1.26.0-alpha.jar
[DEBUG]   /home/jules/.m2/repository/io/opentelemetry/opentelemetry-api-incubator/1.39.0-alpha/opentelemetry-api-incubator-1.39.0-alpha.jar
[DEBUG]   /home/jules/.m2/repository/io/opentelemetry/instrumentation/opentelemetry-instrumentation-api/2.5.0/opentelemetry-instrumentation-api-2.5.0.jar
[DEBUG]   /home/jules/.m2/repository/io/opentelemetry/instrumentation/opentelemetry-instrumentation-annotations/2.5.0/opentelemetry-instrumentation-annotations-2.5.0.jar
[DEBUG]   /home/jules/.m2/repository/io/opentelemetry/instrumentation/opentelemetry-instrumentation-annotations-support/2.5.0-alpha/opentelemetry-instrumentation-annotations-support-2.5.0-alpha.jar
[DEBUG]   /home/jules/.m2/repository/io/opentelemetry/semconv/opentelemetry-semconv-incubating/1.25.0-alpha/opentelemetry-semconv-incubating-1.25.0-alpha.jar
[DEBUG]   /home/jules/.m2/repository/io/opentelemetry/instrumentation/opentelemetry-instrumentation-api-incubator/2.5.0-alpha/opentelemetry-instrumentation-api-incubator-2.5.0-alpha.jar
[DEBUG]   /home/jules/.m2/repository/io/opentelemetry/opentelemetry-exporter-otlp-common/1.39.0/opentelemetry-exporter-otlp-common-1.39.0.jar
[DEBUG]   /home/jules/.m2/repository/io/opentelemetry/opentelemetry-exporter-common/1.39.0/opentelemetry-exporter-common-1.39.0.jar
[DEBUG]   /home/jules/.m2/repository/io/opentelemetry/opentelemetry-exporter-otlp/1.39.0/opentelemetry-exporter-otlp-1.39.0.jar
[DEBUG]   /home/jules/.m2/repository/io/opentelemetry/opentelemetry-exporter-sender-okhttp/1.39.0/opentelemetry-exporter-sender-okhttp-1.39.0.jar
[DEBUG]   /home/jules/.m2/repository/io/vertx/vertx-grpc-client/4.5.10/vertx-grpc-client-4.5.10.jar
[DEBUG]   /home/jules/.m2/repository/io/vertx/vertx-grpc-common/4.5.10/vertx-grpc-common-4.5.10.jar
[DEBUG]   /home/jules/.m2/repository/io/grpc/grpc-stub/1.65.0/grpc-stub-1.65.0.jar
[DEBUG]   /home/jules/.m2/repository/io/grpc/grpc-api/1.65.0/grpc-api-1.65.0.jar
[DEBUG]   /home/jules/.m2/repository/org/keycloak/keycloak-model-jpa/26.0.7/keycloak-model-jpa-26.0.7.jar
[DEBUG]   /home/jules/.m2/repository/org/keycloak/keycloak-model-storage/26.0.7/keycloak-model-storage-26.0.7.jar
[DEBUG]   /home/jules/.m2/repository/org/liquibase/liquibase-core/4.29.1/liquibase-core-4.29.1.jar
[DEBUG]   /home/jules/.m2/repository/com/opencsv/opencsv/5.9/opencsv-5.9.jar
[DEBUG]   /home/jules/.m2/repository/javax/xml/bind/jaxb-api/2.3.1/jaxb-api-2.3.1.jar
[DEBUG]   /home/jules/.m2/repository/commons-io/commons-io/2.16.1/commons-io-2.16.1.jar
[DEBUG]   /home/jules/.m2/repository/jakarta/persistence/jakarta.persistence-api/3.1.0/jakarta.persistence-api-3.1.0.jar
[DEBUG]   /home/jules/.m2/repository/org/hibernate/orm/hibernate-core/6.6.0.Final/hibernate-core-6.6.0.Final.jar
[DEBUG]   /home/jules/.m2/repository/org/hibernate/common/hibernate-commons-annotations/7.0.1.Final/hibernate-commons-annotations-7.0.1.Final.jar
[DEBUG]   /home/jules/.m2/repository/com/fasterxml/classmate/1.5.1/classmate-1.5.1.jar
[DEBUG]   /home/jules/.m2/repository/jakarta/xml/bind/jakarta.xml.bind-api/4.0.0/jakarta.xml.bind-api-4.0.0.jar
[DEBUG]   /home/jules/.m2/repository/org/glassfish/jaxb/jaxb-runtime/4.0.2/jaxb-runtime-4.0.2.jar
[DEBUG]   /home/jules/.m2/repository/jakarta/inject/jakarta.inject-api/2.0.1/jakarta.inject-api-2.0.1.jar
[DEBUG]   /home/jules/.m2/repository/org/antlr/antlr4-runtime/4.13.0/antlr4-runtime-4.13.0.jar
[DEBUG]   /home/jules/.m2/repository/org/slf4j/slf4j-api/2.0.6/slf4j-api-2.0.6.jar
[DEBUG]   /home/jules/.m2/repository/org/keycloak/keycloak-admin-client/26.0.3/keycloak-admin-client-26.0.3.jar
[DEBUG]   /home/jules/.m2/repository/org/keycloak/keycloak-client-common-synced/26.0.3/keycloak-client-common-synced-26.0.3.jar
[DEBUG]   /home/jules/.m2/repository/com/fasterxml/jackson/datatype/jackson-datatype-jsr310/2.17.2/jackson-datatype-jsr310-2.17.2.jar
[DEBUG]   /home/jules/.m2/repository/org/jboss/resteasy/resteasy-client/6.2.9.Final/resteasy-client-6.2.9.Final.jar
[DEBUG]   /home/jules/.m2/repository/org/jboss/resteasy/resteasy-client-api/6.2.9.Final/resteasy-client-api-6.2.9.Final.jar
[DEBUG]   /home/jules/.m2/repository/org/jboss/resteasy/resteasy-core-spi/6.2.9.Final/resteasy-core-spi-6.2.9.Final.jar
[DEBUG]   /home/jules/.m2/repository/jakarta/annotation/jakarta.annotation-api/2.1.1/jakarta.annotation-api-2.1.1.jar
[DEBUG]   /home/jules/.m2/repository/jakarta/validation/jakarta.validation-api/3.0.2/jakarta.validation-api-3.0.2.jar
[DEBUG]   /home/jules/.m2/repository/org/jboss/resteasy/resteasy-core/6.2.9.Final/resteasy-core-6.2.9.Final.jar
[DEBUG]   /home/jules/.m2/repository/org/jboss/jandex/2.4.5.Final/jandex-2.4.5.Final.jar
[DEBUG]   /home/jules/.m2/repository/com/ibm/async/asyncutil/0.1.0/asyncutil-0.1.0.jar
[DEBUG]   /home/jules/.m2/repository/org/reactivestreams/reactive-streams/1.0.4/reactive-streams-1.0.4.jar
[DEBUG]   /home/jules/.m2/repository/org/jboss/resteasy/resteasy-multipart-provider/6.2.9.Final/resteasy-multipart-provider-6.2.9.Final.jar
[DEBUG]   /home/jules/.m2/repository/org/apache/james/apache-mime4j-dom/0.8.11/apache-mime4j-dom-0.8.11.jar
[DEBUG]   /home/jules/.m2/repository/org/apache/james/apache-mime4j-core/0.8.11/apache-mime4j-core-0.8.11.jar
[DEBUG]   /home/jules/.m2/repository/org/apache/james/apache-mime4j-storage/0.8.11/apache-mime4j-storage-0.8.11.jar
[DEBUG]   /home/jules/.m2/repository/org/jboss/resteasy/resteasy-jackson2-provider/6.2.9.Final/resteasy-jackson2-provider-6.2.9.Final.jar
[DEBUG]   /home/jules/.m2/repository/com/fasterxml/jackson/jakarta/rs/jackson-jakarta-rs-base/2.15.4/jackson-jakarta-rs-base-2.15.4.jar
[DEBUG]   /home/jules/.m2/repository/com/fasterxml/jackson/jakarta/rs/jackson-jakarta-rs-json-provider/2.15.4/jackson-jakarta-rs-json-provider-2.15.4.jar
[DEBUG]   /home/jules/.m2/repository/com/fasterxml/jackson/module/jackson-module-jakarta-xmlbind-annotations/2.15.4/jackson-module-jakarta-xmlbind-annotations-2.15.4.jar
[DEBUG]   /home/jules/.m2/repository/com/github/java-json-tools/json-patch/1.13/json-patch-1.13.jar
[DEBUG]   /home/jules/.m2/repository/com/github/java-json-tools/msg-simple/1.2/msg-simple-1.2.jar
[DEBUG]   /home/jules/.m2/repository/com/github/java-json-tools/btf/1.3/btf-1.3.jar
[DEBUG]   /home/jules/.m2/repository/com/github/java-json-tools/jackson-coreutils/2.0/jackson-coreutils-2.0.jar
[DEBUG]   /home/jules/.m2/repository/org/jboss/resteasy/resteasy-jaxb-provider/6.2.9.Final/resteasy-jaxb-provider-6.2.9.Final.jar
[DEBUG]   /home/jules/.m2/repository/org/glassfish/jaxb/codemodel/4.0.3/codemodel-4.0.3.jar
[DEBUG]   /home/jules/.m2/repository/org/glassfish/jaxb/jaxb-core/4.0.3/jaxb-core-4.0.3.jar
[DEBUG]   /home/jules/.m2/repository/org/glassfish/jaxb/jaxb-jxc/4.0.3/jaxb-jxc-4.0.3.jar
[DEBUG]   /home/jules/.m2/repository/org/glassfish/jaxb/txw2/4.0.3/txw2-4.0.3.jar
[DEBUG]   /home/jules/.m2/repository/org/glassfish/jaxb/jaxb-xjc/4.0.3/jaxb-xjc-4.0.3.jar
[DEBUG]   /home/jules/.m2/repository/org/glassfish/jaxb/xsom/4.0.3/xsom-4.0.3.jar
[DEBUG]   /home/jules/.m2/repository/com/sun/istack/istack-commons-runtime/4.1.2/istack-commons-runtime-4.1.2.jar
[DEBUG]   /home/jules/.m2/repository/com/sun/istack/istack-commons-tools/4.1.2/istack-commons-tools-4.1.2.jar
[DEBUG]   /home/jules/.m2/repository/com/sun/xml/bind/external/relaxng-datatype/4.0.3/relaxng-datatype-4.0.3.jar
[DEBUG]   /home/jules/.m2/repository/com/sun/xml/bind/external/rngom/4.0.3/rngom-4.0.3.jar
[DEBUG]   /home/jules/.m2/repository/org/projectlombok/lombok/1.18.36/lombok-1.18.36.jar
[DEBUG]   /home/jules/.m2/repository/io/smallrye/smallrye-open-api-jaxrs/4.0.5/smallrye-open-api-jaxrs-4.0.5.jar
[DEBUG]   /home/jules/.m2/repository/io/smallrye/smallrye-open-api-core/4.0.5/smallrye-open-api-core-4.0.5.jar
[DEBUG]   /home/jules/.m2/repository/org/eclipse/microprofile/config/microprofile-config-api/3.0.3/microprofile-config-api-3.0.3.jar
[DEBUG]   /home/jules/.m2/repository/io/smallrye/smallrye-open-api-model/4.0.5/smallrye-open-api-model-4.0.5.jar
[DEBUG]   /home/jules/.m2/repository/com/fasterxml/jackson/dataformat/jackson-dataformat-yaml/2.18.2/jackson-dataformat-yaml-2.18.2.jar
[DEBUG]   /home/jules/.m2/repository/org/yaml/snakeyaml/2.3/snakeyaml-2.3.jar
[DEBUG]   /home/jules/.m2/repository/io/smallrye/jandex/3.2.3/jandex-3.2.3.jar
[DEBUG]   /home/jules/.m2/repository/io/smallrye/common/smallrye-common-classloader/2.8.0/smallrye-common-classloader-2.8.0.jar
[DEBUG]   /home/jules/.m2/repository/com/google/code/gson/gson/2.11.0/gson-2.11.0.jar
[DEBUG]   /home/jules/.m2/repository/com/google/errorprone/error_prone_annotations/2.27.0/error_prone_annotations-2.27.0.jar
[DEBUG]   /home/jules/.m2/repository/net/bytebuddy/byte-buddy/1.15.11/byte-buddy-1.15.11.jar
[INFO] Wrote the schema files to /app/docs
[INFO]
[INFO] --- resources:3.3.1:testResources (default-testResources) @ keycloak-multi-tenancy ---
[DEBUG] Loading mojo org.apache.maven.plugins:maven-resources-plugin:3.3.1:testResources from plugin realm ClassRealm[plugin>org.apache.maven.plugins:maven-resources-plugin:3.3.1, parent: jdk.internal.loader.ClassLoaders$AppClassLoader@c387f44]
[DEBUG] Configuring mojo execution 'org.apache.maven.plugins:maven-resources-plugin:3.3.1:testResources:default-testResources' with basic configurator -->
[DEBUG]   (f) addDefaultExcludes = true
[DEBUG]   (f) buildFilters = []
[DEBUG]   (f) escapeWindowsPaths = true
[DEBUG]   (f) fileNameFiltering = false
[DEBUG]   (s) includeEmptyDirs = false
[DEBUG]   (s) outputDirectory = /app/target/test-classes
[DEBUG]   (s) overwrite = false
[DEBUG]   (f) project = MavenProject: dev.sultanov:keycloak-multi-tenancy:26.0.14 @ /app/pom.xml
[DEBUG]   (s) resources = [Resource {targetPath: null, filtering: false, FileSet {directory: /app/src/test/resources, PatternSet [includes: {}, excludes: {}]}}]
[DEBUG]   (f) session = org.apache.maven.execution.MavenSession@7f7b6639
[DEBUG]   (f) skip = false
[DEBUG]   (f) supportMultiLineFiltering = false
[DEBUG]   (f) useBuildFilters = true
[DEBUG]   (s) useDefaultDelimiters = true
[DEBUG] -- end configuration --
[DEBUG] properties used:
[DEBUG] classworlds.conf: /usr/share/maven/bin/m2.conf
[DEBUG] env.ANDROID_HOME: /opt/android-sdk
[DEBUG] env.BUN_INSTALL: /usr/local/bun
[DEBUG] env.CHROME_EXECUTABLE: /usr/bin/google-chrome
[DEBUG] env.DEBUGINFOD_URLS: https://debuginfod.ubuntu.com
[DEBUG] env.DOTNET_BUNDLE_EXTRACT_BASE_DIR: /home/jules/.cache/dotnet_bundle_extract
[DEBUG] env.DOTNET_ROOT: /usr/lib/dotnet
[DEBUG] env.FLUTTER_HOME: /opt/flutter
[DEBUG] env.GIT_TERMINAL_PROMPT: 0
[DEBUG] env.HOME: /home/jules
[DEBUG] env.JAVA_HOME: /usr/lib/jvm/java-21-openjdk-amd64
[DEBUG] env.JULES_SESSION_ID: 498961684973938647
[DEBUG] env.LANG: C.UTF-8
[DEBUG] env.LESSCLOSE: /usr/bin/lesspipe %s %s
[DEBUG] env.LESSOPEN: | /usr/bin/lesspipe %s
[DEBUG] env.LOGNAME: jules
[DEBUG] env.LS_COLORS: rs=0:di=01;34:ln=01;36:mh=00:pi=40;33:so=01;35:do=01;35:bd=40;33;01:cd=40;33;01:or=40;31;01:mi=00:su=37;41:sg=30;43:ca=00:tw=30;42:ow=34;42:st=37;44:ex=01;32:*.tar=01;31:*.tgz=01;31:*.arc=01;31:*.arj=01;31:*.taz=01;31:*.lha=01;31:*.lz4=01;31:*.lzh=01;31:*.lzma=01;31:*.tlz=01;31:*.txz=01;31:*.tzo=01;31:*.t7z=01;31:*.zip=01;31:*.z=01;31:*.dz=01;31:*.gz=01;31:*.lrz=01;31:*.lz=01;31:*.lzo=01;31:*.xz=01;31:*.zst=01;31:*.tzst=01;31:*.bz2=01;31:*.bz=01;31:*.tbz=01;31:*.tbz2=01;31:*.tz=01;31:*.deb=01;31:*.rpm=01;31:*.jar=01;31:*.war=01;31:*.ear=01;31:*.sar=01;31:*.rar=01;31:*.alz=01;31:*.ace=01;31:*.zoo=01;31:*.cpio=01;31:*.7z=01;31:*.rz=01;31:*.cab=01;31:*.wim=01;31:*.swm=01;31:*.dwm=01;31:*.esd=01;31:*.avif=01;35:*.jpg=01;35:*.jpeg=01;35:*.mjpg=01;35:*.mjpeg=01;35:*.gif=01;35:*.bmp=01;35:*.pbm=01;35:*.pgm=01;35:*.ppm=01;35:*.tga=01;35:*.xbm=01;35:*.xpm=01;35:*.tif=01;35:*.tiff=01;35:*.png=01;35:*.svg=01;35:*.svgz=01;35:*.mng=01;35:*.pcx=01;35:*.mov=01;35:*.mpg=01;35:*.mpeg=01;35:*.m2v=01;35:*.mkv=01;35:*.webm=01;35:*.webp=01;35:*.ogm=01;35:*.mp4=01;35:*.m4v=01;35:*.mp4v=01;35:*.vob=01;35:*.qt=01;35:*.nuv=01;35:*.wmv=01;35:*.asf=01;35:*.rm=01;35:*.rmvb=01;35:*.flc=01;35:*.avi=01;35:*.fli=01;35:*.flv=01;35:*.gl=01;35:*.dl=01;35:*.xcf=01;35:*.xwd=01;35:*.yuv=01;35:*.cgm=01;35:*.emf=01;35:*.ogv=01;35:*.ogx=01;35:*.aac=00;36:*.au=00;36:*.flac=00;36:*.m4a=00;36:*.mid=00;36:*.midi=00;36:*.mka=00;36:*.mp3=00;36:*.mpc=00;36:*.ogg=00;36:*.ra=00;36:*.wav=00;36:*.oga=00;36:*.opus=00;36:*.spx=00;36:*.xspf=00;36:*~=00;90:*#=00;90:*.bak=00;90:*.crdownload=00;90:*.dpkg-dist=00;90:*.dpkg-new=00;90:*.dpkg-old=00;90:*.dpkg-tmp=00;90:*.old=00;90:*.orig=00;90:*.part=00;90:*.rej=00;90:*.rpmnew=00;90:*.rpmorig=00;90:*.rpmsave=00;90:*.swp=00;90:*.tmp=00;90:*.ucf-dist=00;90:*.ucf-new=00;90:*.ucf-old=00;90:
[DEBUG] env.MAIL: /var/mail/jules
[DEBUG] env.MAVEN_CMD_LINE_ARGS:  test -Dtest=ApiIntegrationTest -X
[DEBUG] env.MAVEN_PROJECTBASEDIR: /app
[DEBUG] env.NVM_BIN: /home/jules/.nvm/versions/node/v22.22.0/bin
[DEBUG] env.NVM_CD_FLAGS:
[DEBUG] env.NVM_DIR: /home/jules/.nvm
[DEBUG] env.NVM_INC: /home/jules/.nvm/versions/node/v22.22.0/include/node
[DEBUG] env.OLDPWD: /app
[DEBUG] env.PATH: /home/jules/.nvm/versions/node/v22.22.0/bin:/home/jules/.pyenv/shims:/home/jules/.pyenv/bin:/home/jules/.local/bin:/opt/flutter/bin:/usr/lib/dotnet:/opt/android-sdk/cmdline-tools/latest/bin:/opt/android-sdk/platform-tools:/go/bin:/usr/local/go/bin:/usr/share/gradle/bin:/usr/share/maven/bin:/home/jules/.local/bin:/home/jules/.cargo/bin:/usr/local/bun/bin:/usr/local/sbin:/usr/local/bin:/usr/sbin:/usr/bin:/sbin:/bin:/snap/bin:/home/jules/.dotnet/tools
[DEBUG] env.PWD: /app
[DEBUG] env.SHELL: /bin/bash
[DEBUG] env.SHLVL: 2
[DEBUG] env.SUDO_COMMAND: /usr/bin/bash -c echo "${BASHPID}"
tmux new-session -d -s 'default' -c /app -e JULES_SESSION_ID=498961684973938647 -e GIT_TERMINAL_PROMPT=0 && tmux set-option remain-on-exit on
[DEBUG] env.SUDO_GID: 1001
[DEBUG] env.SUDO_UID: 1001
[DEBUG] env.SUDO_USER: jules
[DEBUG] env.TERM: tmux-256color
[DEBUG] env.TERM_PROGRAM: tmux
[DEBUG] env.TERM_PROGRAM_VERSION: 3.4
[DEBUG] env.TMUX: /tmp/tmux-1001/default,1358,0
[DEBUG] env.TMUX_PANE: %0
[DEBUG] env.USER: jules
[DEBUG] env._: /usr/share/maven/bin/mvn
[DEBUG] file.encoding: UTF-8
[DEBUG] file.separator: /
[DEBUG] java.class.path: /usr/share/maven/boot/plexus-classworlds-2.9.0.jar
[DEBUG] java.class.version: 65.0
[DEBUG] java.home: /usr/lib/jvm/java-21-openjdk-amd64
[DEBUG] java.io.tmpdir: /tmp
[DEBUG] java.library.path: /usr/java/packages/lib:/usr/lib/x86_64-linux-gnu/jni:/lib/x86_64-linux-gnu:/usr/lib/x86_64-linux-gnu:/usr/lib/jni:/lib:/usr/lib
[DEBUG] java.runtime.name: OpenJDK Runtime Environment
[DEBUG] java.runtime.version: 21.0.9+10-Ubuntu-124.04
[DEBUG] java.specification.name: Java Platform API Specification
[DEBUG] java.specification.vendor: Oracle Corporation
[DEBUG] java.specification.version: 21
[DEBUG] java.vendor: Ubuntu
[DEBUG] java.vendor.url: https://ubuntu.com/
[DEBUG] java.vendor.url.bug: https://bugs.launchpad.net/ubuntu/+source/openjdk-21
[DEBUG] java.version: 21.0.9
[DEBUG] java.version.date: 2025-10-21
[DEBUG] java.vm.compressedOopsMode: 32-bit
[DEBUG] java.vm.info: mixed mode, sharing
[DEBUG] java.vm.name: OpenJDK 64-Bit Server VM
[DEBUG] java.vm.specification.name: Java Virtual Machine Specification
[DEBUG] java.vm.specification.vendor: Oracle Corporation
[DEBUG] java.vm.specification.version: 21
[DEBUG] java.vm.vendor: Ubuntu
[DEBUG] java.vm.version: 21.0.9+10-Ubuntu-124.04
[DEBUG] jdk.debug: release
[DEBUG] keycloak.client.version: 26.0.3
[DEBUG] keycloak.version: 26.0.7
[DEBUG] library.jansi.path: /usr/share/maven/lib/jansi-native
[DEBUG] line.separator:

[DEBUG] maven.build.timestamp: 2026-01-26T17:36:45Z
[DEBUG] maven.build.version: Apache Maven 3.9.12 (848fbb4bf2d427b72bdb2471c22fced7ebd9a7a1)
[DEBUG] maven.conf: /usr/share/maven/conf
[DEBUG] maven.home: /usr/share/maven
[DEBUG] maven.multiModuleProjectDirectory: /app
[DEBUG] maven.version: 3.9.12
[DEBUG] native.encoding: UTF-8
[DEBUG] os.arch: amd64
[DEBUG] os.name: Linux
[DEBUG] os.version: 6.8.0
[DEBUG] path.separator: :
[DEBUG] project.baseUri: file:/app/
[DEBUG] stderr.encoding: UTF-8
[DEBUG] stdout.encoding: UTF-8
[DEBUG] sun.arch.data.model: 64
[DEBUG] sun.boot.library.path: /usr/lib/jvm/java-21-openjdk-amd64/lib
[DEBUG] sun.cpu.endian: little
[DEBUG] sun.io.unicode.encoding: UnicodeLittle
[DEBUG] sun.java.command: org.codehaus.plexus.classworlds.launcher.Launcher test -Dtest=ApiIntegrationTest -X
[DEBUG] sun.java.launcher: SUN_STANDARD
[DEBUG] sun.jnu.encoding: UTF-8
[DEBUG] sun.management.compiler: HotSpot 64-Bit Tiered Compilers
[DEBUG] test: ApiIntegrationTest
[DEBUG] user.dir: /app
[DEBUG] user.home: /home/jules
[DEBUG] user.language: en
[DEBUG] user.name: jules
[WARNING] Using platform encoding (UTF-8 actually) to copy filtered resources, i.e. build is platform dependent!
[DEBUG] Using 'null' encoding to copy filtered properties files.
[DEBUG] resource with targetPath null
directory /app/src/test/resources
excludes []
includes []
[DEBUG] ignoreDelta true
[INFO] Copying 2 resources from src/test/resources to target/test-classes
[DEBUG] Copying file realm-export.json
[DEBUG] file realm-export.json has a filtered file extension
[DEBUG] Using 'null' encoding to copy filtered resource 'realm-export.json'.
[DEBUG] copy /app/src/test/resources/realm-export.json to /app/target/test-classes/realm-export.json
[DEBUG] Copying file idp-realm-export.json
[DEBUG] file idp-realm-export.json has a filtered file extension
[DEBUG] Using 'null' encoding to copy filtered resource 'idp-realm-export.json'.
[DEBUG] copy /app/src/test/resources/idp-realm-export.json to /app/target/test-classes/idp-realm-export.json
[DEBUG] no user filter components
[INFO]
[INFO] --- compiler:3.13.0:testCompile (default-testCompile) @ keycloak-multi-tenancy ---
[DEBUG] Loading mojo org.apache.maven.plugins:maven-compiler-plugin:3.13.0:testCompile from plugin realm ClassRealm[plugin>org.apache.maven.plugins:maven-compiler-plugin:3.13.0, parent: jdk.internal.loader.ClassLoaders$AppClassLoader@c387f44]
[DEBUG] Configuring mojo execution 'org.apache.maven.plugins:maven-compiler-plugin:3.13.0:testCompile:default-testCompile' with basic configurator -->
[DEBUG]   (f) annotationProcessorPathsUseDepMgmt = false
[DEBUG]   (f) basedir = /app
[DEBUG]   (f) buildDirectory = /app/target
[DEBUG]   (f) compileSourceRoots = [/app/src/test/java]
[DEBUG]   (f) compilerId = javac
[DEBUG]   (f) createMissingPackageInfoClass = true
[DEBUG]   (f) debug = true
[DEBUG]   (f) debugFileName = javac-test
[DEBUG]   (f) enablePreview = false
[DEBUG]   (f) failOnError = true
[DEBUG]   (f) failOnWarning = false
[DEBUG]   (f) fileExtensions = [jar, class]
[DEBUG]   (f) forceJavacCompilerUse = false
[DEBUG]   (f) forceLegacyJavacApi = false
[DEBUG]   (f) fork = false
[DEBUG]   (f) generatedTestSourcesDirectory = /app/target/generated-test-sources/test-annotations
[DEBUG]   (f) mojoExecution = org.apache.maven.plugins:maven-compiler-plugin:3.13.0:testCompile {execution: default-testCompile}
[DEBUG]   (f) optimize = false
[DEBUG]   (f) outputDirectory = /app/target/test-classes
[DEBUG]   (f) parameters = false
[DEBUG]   (f) project = MavenProject: dev.sultanov:keycloak-multi-tenancy:26.0.14 @ /app/pom.xml
[DEBUG]   (f) session = org.apache.maven.execution.MavenSession@7f7b6639
[DEBUG]   (f) showCompilationChanges = false
[DEBUG]   (f) showDeprecation = false
[DEBUG]   (f) showWarnings = true
[DEBUG]   (f) skipMultiThreadWarning = false
[DEBUG]   (f) source = 17
[DEBUG]   (f) staleMillis = 0
[DEBUG]   (s) target = 17
[DEBUG]   (f) testPath = [/app/target/test-classes, /app/target/classes, /home/jules/.m2/repository/org/apache/httpcomponents/httpclient/4.5.14/httpclient-4.5.14.jar, /home/jules/.m2/repository/org/apache/httpcomponents/httpcore/4.4.16/httpcore-4.4.16.jar, /home/jules/.m2/repository/commons-logging/commons-logging/1.2/commons-logging-1.2.jar, /home/jules/.m2/repository/commons-codec/commons-codec/1.11/commons-codec-1.11.jar, /home/jules/.m2/repository/org/apache/commons/commons-lang3/3.12.0/commons-lang3-3.12.0.jar, /home/jules/.m2/repository/org/keycloak/keycloak-server-spi/26.0.7/keycloak-server-spi-26.0.7.jar, /home/jules/.m2/repository/org/keycloak/keycloak-server-spi-private/26.0.7/keycloak-server-spi-private-26.0.7.jar, /home/jules/.m2/repository/org/keycloak/keycloak-services/26.0.7/keycloak-services-26.0.7.jar, /home/jules/.m2/repository/org/keycloak/keycloak-core/26.0.7/keycloak-core-26.0.7.jar, /home/jules/.m2/repository/jakarta/mail/jakarta.mail-api/2.1.1/jakarta.mail-api-2.1.1.jar, /home/jules/.m2/repository/jakarta/activation/jakarta.activation-api/2.1.1/jakarta.activation-api-2.1.1.jar, /home/jules/.m2/repository/org/eclipse/angus/angus-mail/2.0.3/angus-mail-2.0.3.jar, /home/jules/.m2/repository/org/eclipse/angus/angus-activation/2.0.2/angus-activation-2.0.2.jar, /home/jules/.m2/repository/org/keycloak/keycloak-common/26.0.7/keycloak-common-26.0.7.jar, /home/jules/.m2/repository/org/twitter4j/twitter4j-core/4.1.2/twitter4j-core-4.1.2.jar, /home/jules/.m2/repository/org/jboss/logging/jboss-logging/3.6.0.Final/jboss-logging-3.6.0.Final.jar, /home/jules/.m2/repository/org/jboss/logging/commons-logging-jboss-logging/1.0.0.Final/commons-logging-jboss-logging-1.0.0.Final.jar, /home/jules/.m2/repository/jakarta/ws/rs/jakarta.ws.rs-api/3.1.0/jakarta.ws.rs-api-3.1.0.jar, /home/jules/.m2/repository/jakarta/transaction/jakarta.transaction-api/2.0.1/jakarta.transaction-api-2.0.1.jar, /home/jules/.m2/repository/jakarta/xml/soap/jakarta.xml.soap-api/3.0.0/jakarta.xml.soap-api-3.0.0.jar, /home/jules/.m2/repository/com/googlecode/owasp-java-html-sanitizer/owasp-java-html-sanitizer/20240325.1/owasp-java-html-sanitizer-20240325.1.jar, /home/jules/.m2/repository/com/googlecode/owasp-java-html-sanitizer/java8-shim/20240325.1/java8-shim-20240325.1.jar, /home/jules/.m2/repository/com/googlecode/owasp-java-html-sanitizer/java10-shim/20240325.1/java10-shim-20240325.1.jar, /home/jules/.m2/repository/com/fasterxml/jackson/core/jackson-core/2.17.2/jackson-core-2.17.2.jar, /home/jules/.m2/repository/com/fasterxml/jackson/core/jackson-databind/2.17.2/jackson-databind-2.17.2.jar, /home/jules/.m2/repository/com/fasterxml/jackson/core/jackson-annotations/2.17.2/jackson-annotations-2.17.2.jar, /home/jules/.m2/repository/javax/annotation/javax.annotation-api/1.3.2/javax.annotation-api-1.3.2.jar, /home/jules/.m2/repository/com/fasterxml/jackson/datatype/jackson-datatype-jdk8/2.17.2/jackson-datatype-jdk8-2.17.2.jar, /home/jules/.m2/repository/com/google/zxing/javase/3.4.0/javase-3.4.0.jar, /home/jules/.m2/repository/com/google/zxing/core/3.4.0/core-3.4.0.jar, /home/jules/.m2/repository/com/github/jai-imageio/jai-imageio-core/1.4.0/jai-imageio-core-1.4.0.jar, /home/jules/.m2/repository/com/apicatalog/titanium-json-ld/1.3.3/titanium-json-ld-1.3.3.jar, /home/jules/.m2/repository/io/setl/rdf-urdna/1.1/rdf-urdna-1.1.jar, /home/jules/.m2/repository/com/webauthn4j/webauthn4j-core/0.21.5.RELEASE/webauthn4j-core-0.21.5.RELEASE.jar, /home/jules/.m2/repository/com/webauthn4j/webauthn4j-util/0.21.5.RELEASE/webauthn4j-util-0.21.5.RELEASE.jar, /home/jules/.m2/repository/org/apache/kerby/kerby-asn1/2.0.3/kerby-asn1-2.0.3.jar, /home/jules/.m2/repository/com/fasterxml/jackson/dataformat/jackson-dataformat-cbor/2.15.2/jackson-dataformat-cbor-2.15.2.jar, /home/jules/.m2/repository/org/checkerframework/checker-qual/3.36.0/checker-qual-3.36.0.jar, /home/jules/.m2/repository/com/github/ua-parser/uap-java/1.5.4/uap-java-1.5.4.jar, /home/jules/.m2/repository/org/apache/commons/commons-collections4/4.4/commons-collections4-4.4.jar, /home/jules/.m2/repository/org/eclipse/microprofile/openapi/microprofile-openapi-api/3.1.1/microprofile-openapi-api-3.1.1.jar, /home/jules/.m2/repository/io/smallrye/common/smallrye-common-annotation/2.6.0/smallrye-common-annotation-2.6.0.jar, /home/jules/.m2/repository/org/keycloak/keycloak-model-storage-private/26.0.7/keycloak-model-storage-private-26.0.7.jar, /home/jules/.m2/repository/org/keycloak/keycloak-config-api/26.0.7/keycloak-config-api-26.0.7.jar, /home/jules/.m2/repository/org/infinispan/infinispan-commons/15.0.11.Final/infinispan-commons-15.0.11.Final.jar, /home/jules/.m2/repository/org/infinispan/protostream/protostream/5.0.10.Final/protostream-5.0.10.Final.jar, /home/jules/.m2/repository/org/infinispan/protostream/protostream-types/5.0.10.Final/protostream-types-5.0.10.Final.jar, /home/jules/.m2/repository/org/infinispan/protostream/protostream-processor/5.0.10.Final/protostream-processor-5.0.10.Final.jar, /home/jules/.m2/repository/com/github/ben-manes/caffeine/caffeine/3.1.8/caffeine-3.1.8.jar, /home/jules/.m2/repository/io/reactivex/rxjava3/rxjava/3.1.8/rxjava-3.1.8.jar, /home/jules/.m2/repository/io/quarkus/quarkus-opentelemetry/3.15.1/quarkus-opentelemetry-3.15.1.jar, /home/jules/.m2/repository/io/quarkus/quarkus-core/3.15.1/quarkus-core-3.15.1.jar, /home/jules/.m2/repository/jakarta/enterprise/jakarta.enterprise.cdi-api/4.1.0/jakarta.enterprise.cdi-api-4.1.0.jar, /home/jules/.m2/repository/jakarta/enterprise/jakarta.enterprise.lang-model/4.1.0/jakarta.enterprise.lang-model-4.1.0.jar, /home/jules/.m2/repository/jakarta/el/jakarta.el-api/6.0.0/jakarta.el-api-6.0.0.jar, /home/jules/.m2/repository/jakarta/interceptor/jakarta.interceptor-api/2.2.0/jakarta.interceptor-api-2.2.0.jar, /home/jules/.m2/repository/io/smallrye/common/smallrye-common-os/2.6.0/smallrye-common-os-2.6.0.jar, /home/jules/.m2/repository/io/quarkus/quarkus-ide-launcher/3.15.1/quarkus-ide-launcher-3.15.1.jar, /home/jules/.m2/repository/io/quarkus/quarkus-development-mode-spi/3.15.1/quarkus-development-mode-spi-3.15.1.jar, /home/jules/.m2/repository/io/smallrye/config/smallrye-config/3.9.1/smallrye-config-3.9.1.jar, /home/jules/.m2/repository/io/smallrye/config/smallrye-config-core/3.9.1/smallrye-config-core-3.9.1.jar, /home/jules/.m2/repository/org/ow2/asm/asm/9.7/asm-9.7.jar, /home/jules/.m2/repository/io/smallrye/config/smallrye-config-common/3.9.1/smallrye-config-common-3.9.1.jar, /home/jules/.m2/repository/org/jboss/logmanager/jboss-logmanager/3.0.6.Final/jboss-logmanager-3.0.6.Final.jar, /home/jules/.m2/repository/io/smallrye/common/smallrye-common-cpu/2.2.0/smallrye-common-cpu-2.2.0.jar, /home/jules/.m2/repository/io/smallrye/common/smallrye-common-expression/2.2.0/smallrye-common-expression-2.2.0.jar, /home/jules/.m2/repository/io/smallrye/common/smallrye-common-function/2.2.0/smallrye-common-function-2.2.0.jar, /home/jules/.m2/repository/io/smallrye/common/smallrye-common-net/2.2.0/smallrye-common-net-2.2.0.jar, /home/jules/.m2/repository/io/smallrye/common/smallrye-common-ref/2.2.0/smallrye-common-ref-2.2.0.jar, /home/jules/.m2/repository/jakarta/json/jakarta.json-api/2.1.3/jakarta.json-api-2.1.3.jar, /home/jules/.m2/repository/org/eclipse/parsson/parsson/1.1.6/parsson-1.1.6.jar, /home/jules/.m2/repository/org/jboss/logging/jboss-logging-annotations/3.0.1.Final/jboss-logging-annotations-3.0.1.Final.jar, /home/jules/.m2/repository/org/jboss/threads/jboss-threads/3.6.1.Final/jboss-threads-3.6.1.Final.jar, /home/jules/.m2/repository/org/jboss/slf4j/slf4j-jboss-logmanager/2.0.0.Final/slf4j-jboss-logmanager-2.0.0.Final.jar, /home/jules/.m2/repository/org/wildfly/common/wildfly-common/1.7.0.Final/wildfly-common-1.7.0.Final.jar, /home/jules/.m2/repository/io/quarkus/quarkus-bootstrap-runner/3.15.1/quarkus-bootstrap-runner-3.15.1.jar, /home/jules/.m2/repository/io/quarkus/quarkus-classloader-commons/3.15.1/quarkus-classloader-commons-3.15.1.jar, /home/jules/.m2/repository/io/smallrye/common/smallrye-common-io/2.6.0/smallrye-common-io-2.6.0.jar, /home/jules/.m2/repository/io/github/crac/org-crac/0.1.3/org-crac-0.1.3.jar, /home/jules/.m2/repository/io/quarkus/quarkus-fs-util/0.0.10/quarkus-fs-util-0.0.10.jar, /home/jules/.m2/repository/io/quarkus/quarkus-tls-registry/3.15.1/quarkus-tls-registry-3.15.1.jar, /home/jules/.m2/repository/io/quarkus/quarkus-credentials/3.15.1/quarkus-credentials-3.15.1.jar, /home/jules/.m2/repository/io/quarkus/quarkus-arc/3.15.1/quarkus-arc-3.15.1.jar, /home/jules/.m2/repository/io/quarkus/arc/arc/3.15.1/arc-3.15.1.jar, /home/jules/.m2/repository/io/smallrye/reactive/mutiny/2.6.2/mutiny-2.6.2.jar, /home/jules/.m2/repository/org/jctools/jctools-core/4.0.5/jctools-core-4.0.5.jar, /home/jules/.m2/repository/org/eclipse/microprofile/context-propagation/microprofile-context-propagation-api/1.3/microprofile-context-propagation-api-1.3.jar, /home/jules/.m2/repository/io/quarkus/quarkus-vertx/3.15.1/quarkus-vertx-3.15.1.jar, /home/jules/.m2/repository/io/quarkus/quarkus-netty/3.15.1/quarkus-netty-3.15.1.jar, /home/jules/.m2/repository/io/netty/netty-codec/4.1.111.Final/netty-codec-4.1.111.Final.jar, /home/jules/.m2/repository/io/netty/netty-codec-http/4.1.111.Final/netty-codec-http-4.1.111.Final.jar, /home/jules/.m2/repository/io/netty/netty-codec-http2/4.1.111.Final/netty-codec-http2-4.1.111.Final.jar, /home/jules/.m2/repository/io/netty/netty-handler/4.1.111.Final/netty-handler-4.1.111.Final.jar, /home/jules/.m2/repository/io/netty/netty-transport-native-unix-common/4.1.111.Final/netty-transport-native-unix-common-4.1.111.Final.jar, /home/jules/.m2/repository/com/aayushatharva/brotli4j/brotli4j/1.16.0/brotli4j-1.16.0.jar, /home/jules/.m2/repository/com/aayushatharva/brotli4j/service/1.16.0/service-1.16.0.jar, /home/jules/.m2/repository/com/aayushatharva/brotli4j/native-linux-x86_64/1.16.0/native-linux-x86_64-1.16.0.jar, /home/jules/.m2/repository/io/netty/netty-codec-haproxy/4.1.111.Final/netty-codec-haproxy-4.1.111.Final.jar, /home/jules/.m2/repository/io/netty/netty-buffer/4.1.111.Final/netty-buffer-4.1.111.Final.jar, /home/jules/.m2/repository/io/netty/netty-transport/4.1.111.Final/netty-transport-4.1.111.Final.jar, /home/jules/.m2/repository/io/quarkus/quarkus-mutiny/3.15.1/quarkus-mutiny-3.15.1.jar, /home/jules/.m2/repository/io/quarkus/quarkus-smallrye-context-propagation/3.15.1/quarkus-smallrye-context-propagation-3.15.1.jar, /home/jules/.m2/repository/io/smallrye/smallrye-context-propagation/2.1.2/smallrye-context-propagation-2.1.2.jar, /home/jules/.m2/repository/io/smallrye/smallrye-context-propagation-api/2.1.2/smallrye-context-propagation-api-2.1.2.jar, /home/jules/.m2/repository/io/smallrye/smallrye-context-propagation-storage/2.1.2/smallrye-context-propagation-storage-2.1.2.jar, /home/jules/.m2/repository/io/smallrye/reactive/mutiny-smallrye-context-propagation/2.6.2/mutiny-smallrye-context-propagation-2.6.2.jar, /home/jules/.m2/repository/io/quarkus/quarkus-virtual-threads/3.15.1/quarkus-virtual-threads-3.15.1.jar, /home/jules/.m2/repository/io/quarkus/quarkus-vertx-latebound-mdc-provider/3.15.1/quarkus-vertx-latebound-mdc-provider-3.15.1.jar, /home/jules/.m2/repository/io/smallrye/reactive/smallrye-mutiny-vertx-core/3.15.0/smallrye-mutiny-vertx-core-3.15.0.jar, /home/jules/.m2/repository/io/smallrye/reactive/smallrye-mutiny-vertx-runtime/3.15.0/smallrye-mutiny-vertx-runtime-3.15.0.jar, /home/jules/.m2/repository/io/smallrye/reactive/vertx-mutiny-generator/3.15.0/vertx-mutiny-generator-3.15.0.jar, /home/jules/.m2/repository/io/vertx/vertx-codegen/4.5.10/vertx-codegen-4.5.10.jar, /home/jules/.m2/repository/io/smallrye/smallrye-fault-tolerance-vertx/6.4.0/smallrye-fault-tolerance-vertx-6.4.0.jar, /home/jules/.m2/repository/io/quarkus/quarkus-security-runtime-spi/3.15.1/quarkus-security-runtime-spi-3.15.1.jar, /home/jules/.m2/repository/io/quarkus/security/quarkus-security/2.1.0/quarkus-security-2.1.0.jar, /home/jules/.m2/repository/io/quarkus/quarkus-grpc-common/3.15.1/quarkus-grpc-common-3.15.1.jar, /home/jules/.m2/repository/com/google/code/findbugs/jsr305/3.0.2/jsr305-3.0.2.jar, /home/jules/.m2/repository/io/vertx/vertx-grpc/4.5.10/vertx-grpc-4.5.10.jar, /home/jules/.m2/repository/io/grpc/grpc-netty/1.65.0/grpc-netty-1.65.0.jar, /home/jules/.m2/repository/io/grpc/grpc-util/1.65.0/grpc-util-1.65.0.jar, /home/jules/.m2/repository/io/grpc/grpc-protobuf/1.65.0/grpc-protobuf-1.65.0.jar, /home/jules/.m2/repository/com/google/protobuf/protobuf-java/3.25.1/protobuf-java-3.25.1.jar, /home/jules/.m2/repository/com/google/api/grpc/proto-google-common-protos/2.29.0/proto-google-common-protos-2.29.0.jar, /home/jules/.m2/repository/io/grpc/grpc-protobuf-lite/1.65.0/grpc-protobuf-lite-1.65.0.jar, /home/jules/.m2/repository/com/google/guava/guava/32.1.2-jre/guava-32.1.2-jre.jar, /home/jules/.m2/repository/com/google/guava/failureaccess/1.0.1/failureaccess-1.0.1.jar, /home/jules/.m2/repository/com/google/guava/listenablefuture/9999.0-empty-to-avoid-conflict-with-guava/listenablefuture-9999.0-empty-to-avoid-conflict-with-guava.jar, /home/jules/.m2/repository/com/google/j2objc/j2objc-annotations/2.8/j2objc-annotations-2.8.jar, /home/jules/.m2/repository/io/vertx/vertx-grpc-server/4.5.10/vertx-grpc-server-4.5.10.jar, /home/jules/.m2/repository/io/grpc/grpc-core/1.65.1/grpc-core-1.65.1.jar, /home/jules/.m2/repository/io/perfmark/perfmark-api/0.26.0/perfmark-api-0.26.0.jar, /home/jules/.m2/repository/io/grpc/grpc-context/1.65.1/grpc-context-1.65.1.jar, /home/jules/.m2/repository/io/smallrye/common/smallrye-common-vertx-context/2.6.0/smallrye-common-vertx-context-2.6.0.jar, /home/jules/.m2/repository/io/vertx/vertx-core/4.5.9/vertx-core-4.5.9.jar, /home/jules/.m2/repository/io/netty/netty-common/4.1.111.Final/netty-common-4.1.111.Final.jar, /home/jules/.m2/repository/io/netty/netty-handler-proxy/4.1.111.Final/netty-handler-proxy-4.1.111.Final.jar, /home/jules/.m2/repository/io/netty/netty-codec-socks/4.1.111.Final/netty-codec-socks-4.1.111.Final.jar, /home/jules/.m2/repository/io/netty/netty-resolver/4.1.111.Final/netty-resolver-4.1.111.Final.jar, /home/jules/.m2/repository/io/netty/netty-resolver-dns/4.1.111.Final/netty-resolver-dns-4.1.111.Final.jar, /home/jules/.m2/repository/io/netty/netty-codec-dns/4.1.111.Final/netty-codec-dns-4.1.111.Final.jar, /home/jules/.m2/repository/io/smallrye/common/smallrye-common-constraint/2.6.0/smallrye-common-constraint-2.6.0.jar, /home/jules/.m2/repository/io/opentelemetry/opentelemetry-sdk-extension-autoconfigure/1.39.0/opentelemetry-sdk-extension-autoconfigure-1.39.0.jar, /home/jules/.m2/repository/io/opentelemetry/opentelemetry-sdk/1.39.0/opentelemetry-sdk-1.39.0.jar, /home/jules/.m2/repository/io/opentelemetry/opentelemetry-api/1.39.0/opentelemetry-api-1.39.0.jar, /home/jules/.m2/repository/io/opentelemetry/opentelemetry-context/1.39.0/opentelemetry-context-1.39.0.jar, /home/jules/.m2/repository/io/opentelemetry/opentelemetry-sdk-common/1.39.0/opentelemetry-sdk-common-1.39.0.jar, /home/jules/.m2/repository/io/opentelemetry/opentelemetry-sdk-trace/1.39.0/opentelemetry-sdk-trace-1.39.0.jar, /home/jules/.m2/repository/io/opentelemetry/opentelemetry-sdk-metrics/1.39.0/opentelemetry-sdk-metrics-1.39.0.jar, /home/jules/.m2/repository/io/opentelemetry/opentelemetry-sdk-logs/1.39.0/opentelemetry-sdk-logs-1.39.0.jar, /home/jules/.m2/repository/io/opentelemetry/opentelemetry-sdk-extension-autoconfigure-spi/1.39.0/opentelemetry-sdk-extension-autoconfigure-spi-1.39.0.jar, /home/jules/.m2/repository/io/opentelemetry/semconv/opentelemetry-semconv/1.26.0-alpha/opentelemetry-semconv-1.26.0-alpha.jar, /home/jules/.m2/repository/io/opentelemetry/opentelemetry-api-incubator/1.39.0-alpha/opentelemetry-api-incubator-1.39.0-alpha.jar, /home/jules/.m2/repository/io/opentelemetry/instrumentation/opentelemetry-instrumentation-api/2.5.0/opentelemetry-instrumentation-api-2.5.0.jar, /home/jules/.m2/repository/io/opentelemetry/instrumentation/opentelemetry-instrumentation-annotations/2.5.0/opentelemetry-instrumentation-annotations-2.5.0.jar, /home/jules/.m2/repository/io/opentelemetry/instrumentation/opentelemetry-instrumentation-annotations-support/2.5.0-alpha/opentelemetry-instrumentation-annotations-support-2.5.0-alpha.jar, /home/jules/.m2/repository/io/opentelemetry/semconv/opentelemetry-semconv-incubating/1.25.0-alpha/opentelemetry-semconv-incubating-1.25.0-alpha.jar, /home/jules/.m2/repository/io/opentelemetry/instrumentation/opentelemetry-instrumentation-api-incubator/2.5.0-alpha/opentelemetry-instrumentation-api-incubator-2.5.0-alpha.jar, /home/jules/.m2/repository/io/opentelemetry/opentelemetry-exporter-otlp-common/1.39.0/opentelemetry-exporter-otlp-common-1.39.0.jar, /home/jules/.m2/repository/io/opentelemetry/opentelemetry-exporter-common/1.39.0/opentelemetry-exporter-common-1.39.0.jar, /home/jules/.m2/repository/io/opentelemetry/opentelemetry-exporter-otlp/1.39.0/opentelemetry-exporter-otlp-1.39.0.jar, /home/jules/.m2/repository/io/opentelemetry/opentelemetry-exporter-sender-okhttp/1.39.0/opentelemetry-exporter-sender-okhttp-1.39.0.jar, /home/jules/.m2/repository/io/vertx/vertx-grpc-client/4.5.10/vertx-grpc-client-4.5.10.jar, /home/jules/.m2/repository/io/vertx/vertx-grpc-common/4.5.10/vertx-grpc-common-4.5.10.jar, /home/jules/.m2/repository/io/grpc/grpc-stub/1.65.0/grpc-stub-1.65.0.jar, /home/jules/.m2/repository/io/grpc/grpc-api/1.65.0/grpc-api-1.65.0.jar, /home/jules/.m2/repository/org/keycloak/keycloak-model-jpa/26.0.7/keycloak-model-jpa-26.0.7.jar, /home/jules/.m2/repository/org/keycloak/keycloak-model-storage/26.0.7/keycloak-model-storage-26.0.7.jar, /home/jules/.m2/repository/org/liquibase/liquibase-core/4.29.1/liquibase-core-4.29.1.jar, /home/jules/.m2/repository/com/opencsv/opencsv/5.9/opencsv-5.9.jar, /home/jules/.m2/repository/javax/xml/bind/jaxb-api/2.3.1/jaxb-api-2.3.1.jar, /home/jules/.m2/repository/commons-io/commons-io/2.16.1/commons-io-2.16.1.jar, /home/jules/.m2/repository/jakarta/persistence/jakarta.persistence-api/3.1.0/jakarta.persistence-api-3.1.0.jar, /home/jules/.m2/repository/org/hibernate/orm/hibernate-core/6.6.0.Final/hibernate-core-6.6.0.Final.jar, /home/jules/.m2/repository/org/hibernate/common/hibernate-commons-annotations/7.0.1.Final/hibernate-commons-annotations-7.0.1.Final.jar, /home/jules/.m2/repository/com/fasterxml/classmate/1.5.1/classmate-1.5.1.jar, /home/jules/.m2/repository/jakarta/xml/bind/jakarta.xml.bind-api/4.0.0/jakarta.xml.bind-api-4.0.0.jar, /home/jules/.m2/repository/org/glassfish/jaxb/jaxb-runtime/4.0.2/jaxb-runtime-4.0.2.jar, /home/jules/.m2/repository/jakarta/inject/jakarta.inject-api/2.0.1/jakarta.inject-api-2.0.1.jar, /home/jules/.m2/repository/org/antlr/antlr4-runtime/4.13.0/antlr4-runtime-4.13.0.jar, /home/jules/.m2/repository/org/slf4j/slf4j-api/2.0.6/slf4j-api-2.0.6.jar, /home/jules/.m2/repository/org/keycloak/keycloak-admin-client/26.0.3/keycloak-admin-client-26.0.3.jar, /home/jules/.m2/repository/org/keycloak/keycloak-client-common-synced/26.0.3/keycloak-client-common-synced-26.0.3.jar, /home/jules/.m2/repository/com/fasterxml/jackson/datatype/jackson-datatype-jsr310/2.17.2/jackson-datatype-jsr310-2.17.2.jar, /home/jules/.m2/repository/org/jboss/resteasy/resteasy-client/6.2.9.Final/resteasy-client-6.2.9.Final.jar, /home/jules/.m2/repository/org/jboss/resteasy/resteasy-client-api/6.2.9.Final/resteasy-client-api-6.2.9.Final.jar, /home/jules/.m2/repository/org/jboss/resteasy/resteasy-core-spi/6.2.9.Final/resteasy-core-spi-6.2.9.Final.jar, /home/jules/.m2/repository/jakarta/annotation/jakarta.annotation-api/2.1.1/jakarta.annotation-api-2.1.1.jar, /home/jules/.m2/repository/jakarta/validation/jakarta.validation-api/3.0.2/jakarta.validation-api-3.0.2.jar, /home/jules/.m2/repository/org/jboss/resteasy/resteasy-core/6.2.9.Final/resteasy-core-6.2.9.Final.jar, /home/jules/.m2/repository/org/jboss/jandex/2.4.5.Final/jandex-2.4.5.Final.jar, /home/jules/.m2/repository/com/ibm/async/asyncutil/0.1.0/asyncutil-0.1.0.jar, /home/jules/.m2/repository/org/reactivestreams/reactive-streams/1.0.4/reactive-streams-1.0.4.jar, /home/jules/.m2/repository/org/jboss/resteasy/resteasy-multipart-provider/6.2.9.Final/resteasy-multipart-provider-6.2.9.Final.jar, /home/jules/.m2/repository/org/apache/james/apache-mime4j-dom/0.8.11/apache-mime4j-dom-0.8.11.jar, /home/jules/.m2/repository/org/apache/james/apache-mime4j-core/0.8.11/apache-mime4j-core-0.8.11.jar, /home/jules/.m2/repository/org/apache/james/apache-mime4j-storage/0.8.11/apache-mime4j-storage-0.8.11.jar, /home/jules/.m2/repository/org/jboss/resteasy/resteasy-jackson2-provider/6.2.9.Final/resteasy-jackson2-provider-6.2.9.Final.jar, /home/jules/.m2/repository/com/fasterxml/jackson/jakarta/rs/jackson-jakarta-rs-base/2.15.4/jackson-jakarta-rs-base-2.15.4.jar, /home/jules/.m2/repository/com/fasterxml/jackson/jakarta/rs/jackson-jakarta-rs-json-provider/2.15.4/jackson-jakarta-rs-json-provider-2.15.4.jar, /home/jules/.m2/repository/com/fasterxml/jackson/module/jackson-module-jakarta-xmlbind-annotations/2.15.4/jackson-module-jakarta-xmlbind-annotations-2.15.4.jar, /home/jules/.m2/repository/com/github/java-json-tools/json-patch/1.13/json-patch-1.13.jar, /home/jules/.m2/repository/com/github/java-json-tools/msg-simple/1.2/msg-simple-1.2.jar, /home/jules/.m2/repository/com/github/java-json-tools/btf/1.3/btf-1.3.jar, /home/jules/.m2/repository/com/github/java-json-tools/jackson-coreutils/2.0/jackson-coreutils-2.0.jar, /home/jules/.m2/repository/org/jboss/resteasy/resteasy-jaxb-provider/6.2.9.Final/resteasy-jaxb-provider-6.2.9.Final.jar, /home/jules/.m2/repository/org/glassfish/jaxb/codemodel/4.0.3/codemodel-4.0.3.jar, /home/jules/.m2/repository/org/glassfish/jaxb/jaxb-core/4.0.3/jaxb-core-4.0.3.jar, /home/jules/.m2/repository/org/glassfish/jaxb/jaxb-jxc/4.0.3/jaxb-jxc-4.0.3.jar, /home/jules/.m2/repository/org/glassfish/jaxb/txw2/4.0.3/txw2-4.0.3.jar, /home/jules/.m2/repository/org/glassfish/jaxb/jaxb-xjc/4.0.3/jaxb-xjc-4.0.3.jar, /home/jules/.m2/repository/org/glassfish/jaxb/xsom/4.0.3/xsom-4.0.3.jar, /home/jules/.m2/repository/com/sun/istack/istack-commons-runtime/4.1.2/istack-commons-runtime-4.1.2.jar, /home/jules/.m2/repository/com/sun/istack/istack-commons-tools/4.1.2/istack-commons-tools-4.1.2.jar, /home/jules/.m2/repository/com/sun/xml/bind/external/relaxng-datatype/4.0.3/relaxng-datatype-4.0.3.jar, /home/jules/.m2/repository/com/sun/xml/bind/external/rngom/4.0.3/rngom-4.0.3.jar, /home/jules/.m2/repository/org/projectlombok/lombok/1.18.36/lombok-1.18.36.jar, /home/jules/.m2/repository/io/smallrye/smallrye-open-api-jaxrs/4.0.5/smallrye-open-api-jaxrs-4.0.5.jar, /home/jules/.m2/repository/io/smallrye/smallrye-open-api-core/4.0.5/smallrye-open-api-core-4.0.5.jar, /home/jules/.m2/repository/org/eclipse/microprofile/config/microprofile-config-api/3.0.3/microprofile-config-api-3.0.3.jar, /home/jules/.m2/repository/io/smallrye/smallrye-open-api-model/4.0.5/smallrye-open-api-model-4.0.5.jar, /home/jules/.m2/repository/com/fasterxml/jackson/dataformat/jackson-dataformat-yaml/2.18.2/jackson-dataformat-yaml-2.18.2.jar, /home/jules/.m2/repository/org/yaml/snakeyaml/2.3/snakeyaml-2.3.jar, /home/jules/.m2/repository/io/smallrye/jandex/3.2.3/jandex-3.2.3.jar, /home/jules/.m2/repository/io/smallrye/common/smallrye-common-classloader/2.8.0/smallrye-common-classloader-2.8.0.jar, /home/jules/.m2/repository/com/microsoft/playwright/playwright/1.49.0/playwright-1.49.0.jar, /home/jules/.m2/repository/com/google/code/gson/gson/2.11.0/gson-2.11.0.jar, /home/jules/.m2/repository/com/google/errorprone/error_prone_annotations/2.27.0/error_prone_annotations-2.27.0.jar, /home/jules/.m2/repository/org/opentest4j/opentest4j/1.3.0/opentest4j-1.3.0.jar, /home/jules/.m2/repository/com/microsoft/playwright/driver/1.49.0/driver-1.49.0.jar, /home/jules/.m2/repository/com/microsoft/playwright/driver-bundle/1.49.0/driver-bundle-1.49.0.jar, /home/jules/.m2/repository/org/junit/jupiter/junit-jupiter/5.11.4/junit-jupiter-5.11.4.jar, /home/jules/.m2/repository/org/junit/jupiter/junit-jupiter-api/5.11.4/junit-jupiter-api-5.11.4.jar, /home/jules/.m2/repository/org/junit/platform/junit-platform-commons/1.11.4/junit-platform-commons-1.11.4.jar, /home/jules/.m2/repository/org/apiguardian/apiguardian-api/1.1.2/apiguardian-api-1.1.2.jar, /home/jules/.m2/repository/org/junit/jupiter/junit-jupiter-params/5.11.4/junit-jupiter-params-5.11.4.jar, /home/jules/.m2/repository/org/junit/jupiter/junit-jupiter-engine/5.11.4/junit-jupiter-engine-5.11.4.jar, /home/jules/.m2/repository/org/junit/platform/junit-platform-engine/1.11.4/junit-platform-engine-1.11.4.jar, /home/jules/.m2/repository/org/assertj/assertj-core/3.27.2/assertj-core-3.27.2.jar, /home/jules/.m2/repository/net/bytebuddy/byte-buddy/1.15.11/byte-buddy-1.15.11.jar, /home/jules/.m2/repository/org/testcontainers/junit-jupiter/1.20.4/junit-jupiter-1.20.4.jar, /home/jules/.m2/repository/org/testcontainers/testcontainers/1.20.4/testcontainers-1.20.4.jar, /home/jules/.m2/repository/junit/junit/4.13.2/junit-4.13.2.jar, /home/jules/.m2/repository/org/hamcrest/hamcrest-core/1.3/hamcrest-core-1.3.jar, /home/jules/.m2/repository/org/apache/commons/commons-compress/1.24.0/commons-compress-1.24.0.jar, /home/jules/.m2/repository/org/rnorth/duct-tape/duct-tape/1.0.8/duct-tape-1.0.8.jar, /home/jules/.m2/repository/org/jetbrains/annotations/17.0.0/annotations-17.0.0.jar, /home/jules/.m2/repository/com/github/docker-java/docker-java-api/3.4.0/docker-java-api-3.4.0.jar, /home/jules/.m2/repository/com/github/docker-java/docker-java-transport-zerodep/3.4.0/docker-java-transport-zerodep-3.4.0.jar, /home/jules/.m2/repository/com/github/docker-java/docker-java-transport/3.4.0/docker-java-transport-3.4.0.jar, /home/jules/.m2/repository/net/java/dev/jna/jna/5.13.0/jna-5.13.0.jar, /home/jules/.m2/repository/com/github/dasniko/testcontainers-keycloak/3.5.1/testcontainers-keycloak-3.5.1.jar, /home/jules/.m2/repository/io/quarkus/quarkus-junit4-mock/3.15.1/quarkus-junit4-mock-3.15.1.jar, /home/jules/.m2/repository/org/jboss/shrinkwrap/shrinkwrap-api/2.0.0-beta-2/shrinkwrap-api-2.0.0-beta-2.jar, /home/jules/.m2/repository/org/jboss/shrinkwrap/shrinkwrap-impl-base/2.0.0-beta-2/shrinkwrap-impl-base-2.0.0-beta-2.jar, /home/jules/.m2/repository/org/jboss/shrinkwrap/shrinkwrap-spi/2.0.0-beta-2/shrinkwrap-spi-2.0.0-beta-2.jar, /home/jules/.m2/repository/com/github/javafaker/javafaker/1.0.2/javafaker-1.0.2.jar, /home/jules/.m2/repository/org/yaml/snakeyaml/1.23/snakeyaml-1.23-android.jar, /home/jules/.m2/repository/com/github/mifmif/generex/1.0.2/generex-1.0.2.jar, /home/jules/.m2/repository/dk/brics/automaton/automaton/1.11-8/automaton-1.11-8.jar]
[DEBUG]   (f) useIncrementalCompilation = true
[DEBUG]   (f) useModulePath = true
[DEBUG]   (f) verbose = false
[DEBUG] -- end configuration --
[DEBUG] Using compiler 'javac'.
[DEBUG] Adding /app/target/generated-test-sources/test-annotations to test-compile source roots:
  /app/src/test/java
[DEBUG] New test-compile source roots:
  /app/src/test/java
  /app/target/generated-test-sources/test-annotations
[DEBUG] CompilerReuseStrategy: reuseCreated
[DEBUG] useIncrementalCompilation enabled
[INFO] Nothing to compile - all classes are up to date.
[INFO]
[INFO] --- surefire:3.5.2:test (default-test) @ keycloak-multi-tenancy ---
[DEBUG] Dependency collection stats {ConflictMarker.analyzeTime=168735, ConflictMarker.markTime=96344, ConflictMarker.nodeCount=26, ConflictIdSorter.graphTime=79122, ConflictIdSorter.topsortTime=49854, ConflictIdSorter.conflictIdCount=16, ConflictIdSorter.conflictIdCycleCount=0, ConflictResolver.totalTime=785774, ConflictResolver.conflictItemCount=26, DfDependencyCollector.collectTime=42277540, DfDependencyCollector.transformTime=1219654}
[DEBUG] org.apache.maven.plugins:maven-surefire-plugin:jar:3.5.2
[DEBUG]    me.fabriciorby:maven-surefire-junit5-tree-reporter:jar:1.4.0:runtime
[DEBUG]    org.apache.maven.surefire:surefire-api:jar:3.5.2:compile
[DEBUG]       org.apache.maven.surefire:surefire-logger-api:jar:3.5.2:compile
[DEBUG]       org.apache.maven.surefire:surefire-shared-utils:jar:3.5.2:compile
[DEBUG]    org.apache.maven.surefire:surefire-extensions-api:jar:3.5.2:compile
[DEBUG]    org.apache.maven.surefire:maven-surefire-common:jar:3.5.2:compile
[DEBUG]       org.apache.maven.surefire:surefire-booter:jar:3.5.2:compile
[DEBUG]          org.apache.maven.surefire:surefire-extensions-spi:jar:3.5.2:compile
[DEBUG]       org.apache.maven.resolver:maven-resolver-util:jar:1.4.1:compile
[DEBUG]          org.apache.maven.resolver:maven-resolver-api:jar:1.4.1:compile
[DEBUG]       org.apache.maven.shared:maven-common-artifact-filters:jar:3.4.0:compile (version managed from default)
[DEBUG]          org.slf4j:slf4j-api:jar:1.7.36:compile
[DEBUG]       org.codehaus.plexus:plexus-java:jar:1.3.0:compile (version managed from default)
[DEBUG]          org.ow2.asm:asm:jar:9.7:compile
[DEBUG]          com.thoughtworks.qdox:qdox:jar:2.1.0:compile
[DEBUG] Created new class realm plugin>org.apache.maven.plugins:maven-surefire-plugin:3.5.2
[DEBUG] Importing foreign packages into class realm plugin>org.apache.maven.plugins:maven-surefire-plugin:3.5.2
[DEBUG]   Imported:  < maven.api
[DEBUG] Populating class realm plugin>org.apache.maven.plugins:maven-surefire-plugin:3.5.2
[DEBUG]   Included: org.apache.maven.plugins:maven-surefire-plugin:jar:3.5.2
[DEBUG]   Included: me.fabriciorby:maven-surefire-junit5-tree-reporter:jar:1.4.0
[DEBUG]   Included: org.apache.maven.surefire:surefire-api:jar:3.5.2
[DEBUG]   Included: org.apache.maven.surefire:surefire-logger-api:jar:3.5.2
[DEBUG]   Included: org.apache.maven.surefire:surefire-shared-utils:jar:3.5.2
[DEBUG]   Included: org.apache.maven.surefire:surefire-extensions-api:jar:3.5.2
[DEBUG]   Included: org.apache.maven.surefire:maven-surefire-common:jar:3.5.2
[DEBUG]   Included: org.apache.maven.surefire:surefire-booter:jar:3.5.2
[DEBUG]   Included: org.apache.maven.surefire:surefire-extensions-spi:jar:3.5.2
[DEBUG]   Included: org.apache.maven.shared:maven-common-artifact-filters:jar:3.4.0
[DEBUG]   Included: org.codehaus.plexus:plexus-java:jar:1.3.0
[DEBUG]   Included: org.ow2.asm:asm:jar:9.7
[DEBUG]   Included: com.thoughtworks.qdox:qdox:jar:2.1.0
[DEBUG] Loading mojo org.apache.maven.plugins:maven-surefire-plugin:3.5.2:test from plugin realm ClassRealm[plugin>org.apache.maven.plugins:maven-surefire-plugin:3.5.2, parent: jdk.internal.loader.ClassLoaders$AppClassLoader@c387f44]
[DEBUG] Configuring mojo execution 'org.apache.maven.plugins:maven-surefire-plugin:3.5.2:test:default-test' with basic configurator -->
[DEBUG]   (f) additionalClasspathDependencies = []
[DEBUG]   (s) additionalClasspathElements = []
[DEBUG]   (s) basedir = /app
[DEBUG]   (s) childDelegation = false
[DEBUG]   (f) classesDirectory = /app/target/classes
[DEBUG]   (s) classpathDependencyExcludes = []
[DEBUG]   (s) disable = true
[DEBUG]   (f) consoleOutputReporter = SurefireConsoleOutputReporter{disable=true, encoding=UTF-8}
[DEBUG]   (s) dependenciesToScan = []
[DEBUG]   (s) disableXmlReport = false
[DEBUG]   (s) enableAssertions = true
[DEBUG]   (s) enableOutErrElements = true
[DEBUG]   (s) enablePropertiesElement = true
[DEBUG]   (s) excludeJUnit5Engines = []
[DEBUG]   (f) excludedEnvironmentVariables = []
[DEBUG]   (s) excludes = []
[DEBUG]   (s) failIfNoSpecifiedTests = true
[DEBUG]   (s) failIfNoTests = false
[DEBUG]   (s) failOnFlakeCount = 0
[DEBUG]   (f) forkCount = 1
[DEBUG]   (s) forkedProcessExitTimeoutInSeconds = 30
[DEBUG]   (s) includeJUnit5Engines = []
[DEBUG]   (s) includes = []
[DEBUG]   (s) junitArtifactName = junit:junit
[DEBUG]   (f) parallelMavenExecution = false
[DEBUG]   (s) parallelOptimized = true
[DEBUG]   (s) perCoreThreadCount = true
[DEBUG]   (s) pluginArtifactMap = {org.apache.maven.plugins:maven-surefire-plugin=org.apache.maven.plugins:maven-surefire-plugin:maven-plugin:3.5.2:, me.fabriciorby:maven-surefire-junit5-tree-reporter=me.fabriciorby:maven-surefire-junit5-tree-reporter:jar:1.4.0:runtime, org.apache.maven.surefire:surefire-api=org.apache.maven.surefire:surefire-api:jar:3.5.2:compile, org.apache.maven.surefire:surefire-logger-api=org.apache.maven.surefire:surefire-logger-api:jar:3.5.2:compile, org.apache.maven.surefire:surefire-shared-utils=org.apache.maven.surefire:surefire-shared-utils:jar:3.5.2:compile, org.apache.maven.surefire:surefire-extensions-api=org.apache.maven.surefire:surefire-extensions-api:jar:3.5.2:compile, org.apache.maven.surefire:maven-surefire-common=org.apache.maven.surefire:maven-surefire-common:jar:3.5.2:compile, org.apache.maven.surefire:surefire-booter=org.apache.maven.surefire:surefire-booter:jar:3.5.2:compile, org.apache.maven.surefire:surefire-extensions-spi=org.apache.maven.surefire:surefire-extensions-spi:jar:3.5.2:compile, org.apache.maven.resolver:maven-resolver-util=org.apache.maven.resolver:maven-resolver-util:jar:1.4.1:compile, org.apache.maven.resolver:maven-resolver-api=org.apache.maven.resolver:maven-resolver-api:jar:1.4.1:compile, org.apache.maven.shared:maven-common-artifact-filters=org.apache.maven.shared:maven-common-artifact-filters:jar:3.4.0:compile, org.slf4j:slf4j-api=org.slf4j:slf4j-api:jar:1.7.36:compile, org.codehaus.plexus:plexus-java=org.codehaus.plexus:plexus-java:jar:1.3.0:compile, org.ow2.asm:asm=org.ow2.asm:asm:jar:9.7:compile, com.thoughtworks.qdox:qdox=com.thoughtworks.qdox:qdox:jar:2.1.0:compile}
[DEBUG]   (f) pluginDescriptor = Component Descriptor: role: 'org.apache.maven.plugin.Mojo', implementation: 'org.apache.maven.plugins.maven_surefire_plugin.HelpMojo', role hint: 'org.apache.maven.plugins:maven-surefire-plugin:3.5.2:help'
role: 'org.apache.maven.plugin.Mojo', implementation: 'org.apache.maven.plugin.surefire.SurefireMojo', role hint: 'org.apache.maven.plugins:maven-surefire-plugin:3.5.2:test'
---
[DEBUG]   (s) printSummary = true
[DEBUG]   (s) project = MavenProject: dev.sultanov:keycloak-multi-tenancy:26.0.14 @ /app/pom.xml
[DEBUG]   (s) projectArtifactMap = {org.apache.httpcomponents:httpclient=org.apache.httpcomponents:httpclient:jar:4.5.14:compile, org.apache.httpcomponents:httpcore=org.apache.httpcomponents:httpcore:jar:4.4.16:compile, commons-logging:commons-logging=commons-logging:commons-logging:jar:1.2:compile, commons-codec:commons-codec=commons-codec:commons-codec:jar:1.11:compile, org.apache.commons:commons-lang3=org.apache.commons:commons-lang3:jar:3.12.0:compile, org.keycloak:keycloak-server-spi=org.keycloak:keycloak-server-spi:jar:26.0.7:provided, org.keycloak:keycloak-server-spi-private=org.keycloak:keycloak-server-spi-private:jar:26.0.7:provided, org.keycloak:keycloak-services=org.keycloak:keycloak-services:jar:26.0.7:provided, org.keycloak:keycloak-core=org.keycloak:keycloak-core:jar:26.0.7:provided, jakarta.mail:jakarta.mail-api=jakarta.mail:jakarta.mail-api:jar:2.1.1:provided, jakarta.activation:jakarta.activation-api=jakarta.activation:jakarta.activation-api:jar:2.1.1:provided, org.eclipse.angus:angus-mail=org.eclipse.angus:angus-mail:jar:2.0.3:provided, org.eclipse.angus:angus-activation=org.eclipse.angus:angus-activation:jar:2.0.2:provided, org.keycloak:keycloak-common=org.keycloak:keycloak-common:jar:26.0.7:provided, org.twitter4j:twitter4j-core=org.twitter4j:twitter4j-core:jar:4.1.2:provided, org.jboss.logging:jboss-logging=org.jboss.logging:jboss-logging:jar:3.6.0.Final:compile, org.jboss.logging:commons-logging-jboss-logging=org.jboss.logging:commons-logging-jboss-logging:jar:1.0.0.Final:provided, jakarta.ws.rs:jakarta.ws.rs-api=jakarta.ws.rs:jakarta.ws.rs-api:jar:3.1.0:provided, jakarta.transaction:jakarta.transaction-api=jakarta.transaction:jakarta.transaction-api:jar:2.0.1:provided, jakarta.xml.soap:jakarta.xml.soap-api=jakarta.xml.soap:jakarta.xml.soap-api:jar:3.0.0:provided, com.googlecode.owasp-java-html-sanitizer:owasp-java-html-sanitizer=com.googlecode.owasp-java-html-sanitizer:owasp-java-html-sanitizer:jar:20240325.1:provided, com.googlecode.owasp-java-html-sanitizer:java8-shim=com.googlecode.owasp-java-html-sanitizer:java8-shim:jar:20240325.1:provided, com.googlecode.owasp-java-html-sanitizer:java10-shim=com.googlecode.owasp-java-html-sanitizer:java10-shim:jar:20240325.1:provided, com.fasterxml.jackson.core:jackson-core=com.fasterxml.jackson.core:jackson-core:jar:2.17.2:compile, com.fasterxml.jackson.core:jackson-databind=com.fasterxml.jackson.core:jackson-databind:jar:2.17.2:compile, com.fasterxml.jackson.core:jackson-annotations=com.fasterxml.jackson.core:jackson-annotations:jar:2.17.2:compile, javax.annotation:javax.annotation-api=javax.annotation:javax.annotation-api:jar:1.3.2:provided, com.fasterxml.jackson.datatype:jackson-datatype-jdk8=com.fasterxml.jackson.datatype:jackson-datatype-jdk8:jar:2.17.2:provided, com.google.zxing:javase=com.google.zxing:javase:jar:3.4.0:provided, com.google.zxing:core=com.google.zxing:core:jar:3.4.0:provided, com.github.jai-imageio:jai-imageio-core=com.github.jai-imageio:jai-imageio-core:jar:1.4.0:provided, com.apicatalog:titanium-json-ld=com.apicatalog:titanium-json-ld:jar:1.3.3:provided, io.setl:rdf-urdna=io.setl:rdf-urdna:jar:1.1:provided, com.webauthn4j:webauthn4j-core=com.webauthn4j:webauthn4j-core:jar:0.21.5.RELEASE:provided, com.webauthn4j:webauthn4j-util=com.webauthn4j:webauthn4j-util:jar:0.21.5.RELEASE:provided, org.apache.kerby:kerby-asn1=org.apache.kerby:kerby-asn1:jar:2.0.3:provided, com.fasterxml.jackson.dataformat:jackson-dataformat-cbor=com.fasterxml.jackson.dataformat:jackson-dataformat-cbor:jar:2.15.2:provided, org.checkerframework:checker-qual=org.checkerframework:checker-qual:jar:3.36.0:provided, com.github.ua-parser:uap-java=com.github.ua-parser:uap-java:jar:1.5.4:provided, org.apache.commons:commons-collections4=org.apache.commons:commons-collections4:jar:4.4:provided, org.eclipse.microprofile.openapi:microprofile-openapi-api=org.eclipse.microprofile.openapi:microprofile-openapi-api:jar:3.1.1:compile, io.smallrye.common:smallrye-common-annotation=io.smallrye.common:smallrye-common-annotation:jar:2.6.0:provided, org.keycloak:keycloak-model-storage-private=org.keycloak:keycloak-model-storage-private:jar:26.0.7:provided, org.keycloak:keycloak-config-api=org.keycloak:keycloak-config-api:jar:26.0.7:provided, org.infinispan:infinispan-commons=org.infinispan:infinispan-commons:jar:15.0.11.Final:provided, org.infinispan.protostream:protostream=org.infinispan.protostream:protostream:jar:5.0.10.Final:provided, org.infinispan.protostream:protostream-types=org.infinispan.protostream:protostream-types:jar:5.0.10.Final:provided, org.infinispan.protostream:protostream-processor=org.infinispan.protostream:protostream-processor:jar:5.0.10.Final:provided, com.github.ben-manes.caffeine:caffeine=com.github.ben-manes.caffeine:caffeine:jar:3.1.8:provided, io.reactivex.rxjava3:rxjava=io.reactivex.rxjava3:rxjava:jar:3.1.8:provided, io.quarkus:quarkus-opentelemetry=io.quarkus:quarkus-opentelemetry:jar:3.15.1:provided, io.quarkus:quarkus-core=io.quarkus:quarkus-core:jar:3.15.1:provided, jakarta.enterprise:jakarta.enterprise.cdi-api=jakarta.enterprise:jakarta.enterprise.cdi-api:jar:4.1.0:provided, jakarta.enterprise:jakarta.enterprise.lang-model=jakarta.enterprise:jakarta.enterprise.lang-model:jar:4.1.0:provided, jakarta.el:jakarta.el-api=jakarta.el:jakarta.el-api:jar:6.0.0:provided, jakarta.interceptor:jakarta.interceptor-api=jakarta.interceptor:jakarta.interceptor-api:jar:2.2.0:provided, io.smallrye.common:smallrye-common-os=io.smallrye.common:smallrye-common-os:jar:2.6.0:provided, io.quarkus:quarkus-ide-launcher=io.quarkus:quarkus-ide-launcher:jar:3.15.1:provided, io.quarkus:quarkus-development-mode-spi=io.quarkus:quarkus-development-mode-spi:jar:3.15.1:provided, io.smallrye.config:smallrye-config=io.smallrye.config:smallrye-config:jar:3.9.1:provided, io.smallrye.config:smallrye-config-core=io.smallrye.config:smallrye-config-core:jar:3.9.1:provided, org.ow2.asm:asm=org.ow2.asm:asm:jar:9.7:provided, io.smallrye.config:smallrye-config-common=io.smallrye.config:smallrye-config-common:jar:3.9.1:provided, org.jboss.logmanager:jboss-logmanager=org.jboss.logmanager:jboss-logmanager:jar:3.0.6.Final:provided, io.smallrye.common:smallrye-common-cpu=io.smallrye.common:smallrye-common-cpu:jar:2.2.0:provided, io.smallrye.common:smallrye-common-expression=io.smallrye.common:smallrye-common-expression:jar:2.2.0:provided, io.smallrye.common:smallrye-common-function=io.smallrye.common:smallrye-common-function:jar:2.2.0:provided, io.smallrye.common:smallrye-common-net=io.smallrye.common:smallrye-common-net:jar:2.2.0:provided, io.smallrye.common:smallrye-common-ref=io.smallrye.common:smallrye-common-ref:jar:2.2.0:provided, jakarta.json:jakarta.json-api=jakarta.json:jakarta.json-api:jar:2.1.3:provided, org.eclipse.parsson:parsson=org.eclipse.parsson:parsson:jar:1.1.6:provided, org.jboss.logging:jboss-logging-annotations=org.jboss.logging:jboss-logging-annotations:jar:3.0.1.Final:provided, org.jboss.threads:jboss-threads=org.jboss.threads:jboss-threads:jar:3.6.1.Final:provided, org.jboss.slf4j:slf4j-jboss-logmanager=org.jboss.slf4j:slf4j-jboss-logmanager:jar:2.0.0.Final:provided, org.wildfly.common:wildfly-common=org.wildfly.common:wildfly-common:jar:1.7.0.Final:provided, io.quarkus:quarkus-bootstrap-runner=io.quarkus:quarkus-bootstrap-runner:jar:3.15.1:provided, io.quarkus:quarkus-classloader-commons=io.quarkus:quarkus-classloader-commons:jar:3.15.1:provided, io.smallrye.common:smallrye-common-io=io.smallrye.common:smallrye-common-io:jar:2.6.0:provided, io.github.crac:org-crac=io.github.crac:org-crac:jar:0.1.3:provided, io.quarkus:quarkus-fs-util=io.quarkus:quarkus-fs-util:jar:0.0.10:provided, io.quarkus:quarkus-tls-registry=io.quarkus:quarkus-tls-registry:jar:3.15.1:provided, io.quarkus:quarkus-credentials=io.quarkus:quarkus-credentials:jar:3.15.1:provided, io.quarkus:quarkus-arc=io.quarkus:quarkus-arc:jar:3.15.1:provided, io.quarkus.arc:arc=io.quarkus.arc:arc:jar:3.15.1:provided, io.smallrye.reactive:mutiny=io.smallrye.reactive:mutiny:jar:2.6.2:provided, org.jctools:jctools-core=org.jctools:jctools-core:jar:4.0.5:provided, org.eclipse.microprofile.context-propagation:microprofile-context-propagation-api=org.eclipse.microprofile.context-propagation:microprofile-context-propagation-api:jar:1.3:provided, io.quarkus:quarkus-vertx=io.quarkus:quarkus-vertx:jar:3.15.1:provided, io.quarkus:quarkus-netty=io.quarkus:quarkus-netty:jar:3.15.1:provided, io.netty:netty-codec=io.netty:netty-codec:jar:4.1.111.Final:provided, io.netty:netty-codec-http=io.netty:netty-codec-http:jar:4.1.111.Final:provided, io.netty:netty-codec-http2=io.netty:netty-codec-http2:jar:4.1.111.Final:provided, io.netty:netty-handler=io.netty:netty-handler:jar:4.1.111.Final:provided, io.netty:netty-transport-native-unix-common=io.netty:netty-transport-native-unix-common:jar:4.1.111.Final:provided, com.aayushatharva.brotli4j:brotli4j=com.aayushatharva.brotli4j:brotli4j:jar:1.16.0:provided, com.aayushatharva.brotli4j:service=com.aayushatharva.brotli4j:service:jar:1.16.0:provided, com.aayushatharva.brotli4j:native-linux-x86_64=com.aayushatharva.brotli4j:native-linux-x86_64:jar:1.16.0:provided, io.netty:netty-codec-haproxy=io.netty:netty-codec-haproxy:jar:4.1.111.Final:provided, io.netty:netty-buffer=io.netty:netty-buffer:jar:4.1.111.Final:provided, io.netty:netty-transport=io.netty:netty-transport:jar:4.1.111.Final:provided, io.quarkus:quarkus-mutiny=io.quarkus:quarkus-mutiny:jar:3.15.1:provided, io.quarkus:quarkus-smallrye-context-propagation=io.quarkus:quarkus-smallrye-context-propagation:jar:3.15.1:provided, io.smallrye:smallrye-context-propagation=io.smallrye:smallrye-context-propagation:jar:2.1.2:provided, io.smallrye:smallrye-context-propagation-api=io.smallrye:smallrye-context-propagation-api:jar:2.1.2:provided, io.smallrye:smallrye-context-propagation-storage=io.smallrye:smallrye-context-propagation-storage:jar:2.1.2:provided, io.smallrye.reactive:mutiny-smallrye-context-propagation=io.smallrye.reactive:mutiny-smallrye-context-propagation:jar:2.6.2:provided, io.quarkus:quarkus-virtual-threads=io.quarkus:quarkus-virtual-threads:jar:3.15.1:provided, io.quarkus:quarkus-vertx-latebound-mdc-provider=io.quarkus:quarkus-vertx-latebound-mdc-provider:jar:3.15.1:provided, io.smallrye.reactive:smallrye-mutiny-vertx-core=io.smallrye.reactive:smallrye-mutiny-vertx-core:jar:3.15.0:provided, io.smallrye.reactive:smallrye-mutiny-vertx-runtime=io.smallrye.reactive:smallrye-mutiny-vertx-runtime:jar:3.15.0:provided, io.smallrye.reactive:vertx-mutiny-generator=io.smallrye.reactive:vertx-mutiny-generator:jar:3.15.0:provided, io.vertx:vertx-codegen=io.vertx:vertx-codegen:jar:4.5.10:provided, io.smallrye:smallrye-fault-tolerance-vertx=io.smallrye:smallrye-fault-tolerance-vertx:jar:6.4.0:provided, io.quarkus:quarkus-security-runtime-spi=io.quarkus:quarkus-security-runtime-spi:jar:3.15.1:provided, io.quarkus.security:quarkus-security=io.quarkus.security:quarkus-security:jar:2.1.0:provided, io.quarkus:quarkus-grpc-common=io.quarkus:quarkus-grpc-common:jar:3.15.1:provided, com.google.code.findbugs:jsr305=com.google.code.findbugs:jsr305:jar:3.0.2:provided, io.vertx:vertx-grpc=io.vertx:vertx-grpc:jar:4.5.10:provided, io.grpc:grpc-netty=io.grpc:grpc-netty:jar:1.65.0:provided, io.grpc:grpc-util=io.grpc:grpc-util:jar:1.65.0:provided, io.grpc:grpc-protobuf=io.grpc:grpc-protobuf:jar:1.65.0:provided, com.google.protobuf:protobuf-java=com.google.protobuf:protobuf-java:jar:3.25.1:provided, com.google.api.grpc:proto-google-common-protos=com.google.api.grpc:proto-google-common-protos:jar:2.29.0:provided, io.grpc:grpc-protobuf-lite=io.grpc:grpc-protobuf-lite:jar:1.65.0:provided, com.google.guava:guava=com.google.guava:guava:jar:32.1.2-jre:provided, com.google.guava:failureaccess=com.google.guava:failureaccess:jar:1.0.1:provided, com.google.guava:listenablefuture=com.google.guava:listenablefuture:jar:9999.0-empty-to-avoid-conflict-with-guava:provided, com.google.j2objc:j2objc-annotations=com.google.j2objc:j2objc-annotations:jar:2.8:provided, io.vertx:vertx-grpc-server=io.vertx:vertx-grpc-server:jar:4.5.10:provided, io.grpc:grpc-core=io.grpc:grpc-core:jar:1.65.1:provided, io.perfmark:perfmark-api=io.perfmark:perfmark-api:jar:0.26.0:provided, io.grpc:grpc-context=io.grpc:grpc-context:jar:1.65.1:provided, io.smallrye.common:smallrye-common-vertx-context=io.smallrye.common:smallrye-common-vertx-context:jar:2.6.0:provided, io.vertx:vertx-core=io.vertx:vertx-core:jar:4.5.9:provided, io.netty:netty-common=io.netty:netty-common:jar:4.1.111.Final:provided, io.netty:netty-handler-proxy=io.netty:netty-handler-proxy:jar:4.1.111.Final:provided, io.netty:netty-codec-socks=io.netty:netty-codec-socks:jar:4.1.111.Final:provided, io.netty:netty-resolver=io.netty:netty-resolver:jar:4.1.111.Final:provided, io.netty:netty-resolver-dns=io.netty:netty-resolver-dns:jar:4.1.111.Final:provided, io.netty:netty-codec-dns=io.netty:netty-codec-dns:jar:4.1.111.Final:provided, io.smallrye.common:smallrye-common-constraint=io.smallrye.common:smallrye-common-constraint:jar:2.6.0:provided, io.opentelemetry:opentelemetry-sdk-extension-autoconfigure=io.opentelemetry:opentelemetry-sdk-extension-autoconfigure:jar:1.39.0:provided, io.opentelemetry:opentelemetry-sdk=io.opentelemetry:opentelemetry-sdk:jar:1.39.0:provided, io.opentelemetry:opentelemetry-api=io.opentelemetry:opentelemetry-api:jar:1.39.0:provided, io.opentelemetry:opentelemetry-context=io.opentelemetry:opentelemetry-context:jar:1.39.0:provided, io.opentelemetry:opentelemetry-sdk-common=io.opentelemetry:opentelemetry-sdk-common:jar:1.39.0:provided, io.opentelemetry:opentelemetry-sdk-trace=io.opentelemetry:opentelemetry-sdk-trace:jar:1.39.0:provided, io.opentelemetry:opentelemetry-sdk-metrics=io.opentelemetry:opentelemetry-sdk-metrics:jar:1.39.0:provided, io.opentelemetry:opentelemetry-sdk-logs=io.opentelemetry:opentelemetry-sdk-logs:jar:1.39.0:provided, io.opentelemetry:opentelemetry-sdk-extension-autoconfigure-spi=io.opentelemetry:opentelemetry-sdk-extension-autoconfigure-spi:jar:1.39.0:provided, io.opentelemetry.semconv:opentelemetry-semconv=io.opentelemetry.semconv:opentelemetry-semconv:jar:1.26.0-alpha:provided, io.opentelemetry:opentelemetry-api-incubator=io.opentelemetry:opentelemetry-api-incubator:jar:1.39.0-alpha:provided, io.opentelemetry.instrumentation:opentelemetry-instrumentation-api=io.opentelemetry.instrumentation:opentelemetry-instrumentation-api:jar:2.5.0:provided, io.opentelemetry.instrumentation:opentelemetry-instrumentation-annotations=io.opentelemetry.instrumentation:opentelemetry-instrumentation-annotations:jar:2.5.0:provided, io.opentelemetry.instrumentation:opentelemetry-instrumentation-annotations-support=io.opentelemetry.instrumentation:opentelemetry-instrumentation-annotations-support:jar:2.5.0-alpha:provided, io.opentelemetry.semconv:opentelemetry-semconv-incubating=io.opentelemetry.semconv:opentelemetry-semconv-incubating:jar:1.25.0-alpha:provided, io.opentelemetry.instrumentation:opentelemetry-instrumentation-api-incubator=io.opentelemetry.instrumentation:opentelemetry-instrumentation-api-incubator:jar:2.5.0-alpha:provided, io.opentelemetry:opentelemetry-exporter-otlp-common=io.opentelemetry:opentelemetry-exporter-otlp-common:jar:1.39.0:provided, io.opentelemetry:opentelemetry-exporter-common=io.opentelemetry:opentelemetry-exporter-common:jar:1.39.0:provided, io.opentelemetry:opentelemetry-exporter-otlp=io.opentelemetry:opentelemetry-exporter-otlp:jar:1.39.0:provided, io.opentelemetry:opentelemetry-exporter-sender-okhttp=io.opentelemetry:opentelemetry-exporter-sender-okhttp:jar:1.39.0:provided, io.vertx:vertx-grpc-client=io.vertx:vertx-grpc-client:jar:4.5.10:provided, io.vertx:vertx-grpc-common=io.vertx:vertx-grpc-common:jar:4.5.10:provided, io.grpc:grpc-stub=io.grpc:grpc-stub:jar:1.65.0:provided, io.grpc:grpc-api=io.grpc:grpc-api:jar:1.65.0:provided, org.keycloak:keycloak-model-jpa=org.keycloak:keycloak-model-jpa:jar:26.0.7:provided, org.keycloak:keycloak-model-storage=org.keycloak:keycloak-model-storage:jar:26.0.7:provided, org.liquibase:liquibase-core=org.liquibase:liquibase-core:jar:4.29.1:provided, com.opencsv:opencsv=com.opencsv:opencsv:jar:5.9:provided, javax.xml.bind:jaxb-api=javax.xml.bind:jaxb-api:jar:2.3.1:provided, commons-io:commons-io=commons-io:commons-io:jar:2.16.1:provided, jakarta.persistence:jakarta.persistence-api=jakarta.persistence:jakarta.persistence-api:jar:3.1.0:provided, org.hibernate.orm:hibernate-core=org.hibernate.orm:hibernate-core:jar:6.6.0.Final:provided, org.hibernate.common:hibernate-commons-annotations=org.hibernate.common:hibernate-commons-annotations:jar:7.0.1.Final:provided, com.fasterxml:classmate=com.fasterxml:classmate:jar:1.5.1:provided, jakarta.xml.bind:jakarta.xml.bind-api=jakarta.xml.bind:jakarta.xml.bind-api:jar:4.0.0:provided, org.glassfish.jaxb:jaxb-runtime=org.glassfish.jaxb:jaxb-runtime:jar:4.0.2:provided, jakarta.inject:jakarta.inject-api=jakarta.inject:jakarta.inject-api:jar:2.0.1:provided, org.antlr:antlr4-runtime=org.antlr:antlr4-runtime:jar:4.13.0:provided, org.slf4j:slf4j-api=org.slf4j:slf4j-api:jar:2.0.6:provided, org.keycloak:keycloak-admin-client=org.keycloak:keycloak-admin-client:jar:26.0.3:provided, org.keycloak:keycloak-client-common-synced=org.keycloak:keycloak-client-common-synced:jar:26.0.3:provided, com.fasterxml.jackson.datatype:jackson-datatype-jsr310=com.fasterxml.jackson.datatype:jackson-datatype-jsr310:jar:2.17.2:provided, org.jboss.resteasy:resteasy-client=org.jboss.resteasy:resteasy-client:jar:6.2.9.Final:provided, org.jboss.resteasy:resteasy-client-api=org.jboss.resteasy:resteasy-client-api:jar:6.2.9.Final:provided, org.jboss.resteasy:resteasy-core-spi=org.jboss.resteasy:resteasy-core-spi:jar:6.2.9.Final:provided, jakarta.annotation:jakarta.annotation-api=jakarta.annotation:jakarta.annotation-api:jar:2.1.1:provided, jakarta.validation:jakarta.validation-api=jakarta.validation:jakarta.validation-api:jar:3.0.2:provided, org.jboss.resteasy:resteasy-core=org.jboss.resteasy:resteasy-core:jar:6.2.9.Final:provided, org.jboss:jandex=org.jboss:jandex:jar:2.4.5.Final:provided, com.ibm.async:asyncutil=com.ibm.async:asyncutil:jar:0.1.0:provided, org.reactivestreams:reactive-streams=org.reactivestreams:reactive-streams:jar:1.0.4:provided, org.jboss.resteasy:resteasy-multipart-provider=org.jboss.resteasy:resteasy-multipart-provider:jar:6.2.9.Final:provided, org.apache.james:apache-mime4j-dom=org.apache.james:apache-mime4j-dom:jar:0.8.11:provided, org.apache.james:apache-mime4j-core=org.apache.james:apache-mime4j-core:jar:0.8.11:provided, org.apache.james:apache-mime4j-storage=org.apache.james:apache-mime4j-storage:jar:0.8.11:provided, org.jboss.resteasy:resteasy-jackson2-provider=org.jboss.resteasy:resteasy-jackson2-provider:jar:6.2.9.Final:provided, com.fasterxml.jackson.jakarta.rs:jackson-jakarta-rs-base=com.fasterxml.jackson.jakarta.rs:jackson-jakarta-rs-base:jar:2.15.4:provided, com.fasterxml.jackson.jakarta.rs:jackson-jakarta-rs-json-provider=com.fasterxml.jackson.jakarta.rs:jackson-jakarta-rs-json-provider:jar:2.15.4:provided, com.fasterxml.jackson.module:jackson-module-jakarta-xmlbind-annotations=com.fasterxml.jackson.module:jackson-module-jakarta-xmlbind-annotations:jar:2.15.4:provided, com.github.java-json-tools:json-patch=com.github.java-json-tools:json-patch:jar:1.13:provided, com.github.java-json-tools:msg-simple=com.github.java-json-tools:msg-simple:jar:1.2:provided, com.github.java-json-tools:btf=com.github.java-json-tools:btf:jar:1.3:provided, com.github.java-json-tools:jackson-coreutils=com.github.java-json-tools:jackson-coreutils:jar:2.0:provided, org.jboss.resteasy:resteasy-jaxb-provider=org.jboss.resteasy:resteasy-jaxb-provider:jar:6.2.9.Final:provided, org.glassfish.jaxb:codemodel=org.glassfish.jaxb:codemodel:jar:4.0.3:provided, org.glassfish.jaxb:jaxb-core=org.glassfish.jaxb:jaxb-core:jar:4.0.3:provided, org.glassfish.jaxb:jaxb-jxc=org.glassfish.jaxb:jaxb-jxc:jar:4.0.3:provided, org.glassfish.jaxb:txw2=org.glassfish.jaxb:txw2:jar:4.0.3:provided, org.glassfish.jaxb:jaxb-xjc=org.glassfish.jaxb:jaxb-xjc:jar:4.0.3:provided, org.glassfish.jaxb:xsom=org.glassfish.jaxb:xsom:jar:4.0.3:provided, com.sun.istack:istack-commons-runtime=com.sun.istack:istack-commons-runtime:jar:4.1.2:provided, com.sun.istack:istack-commons-tools=com.sun.istack:istack-commons-tools:jar:4.1.2:provided, com.sun.xml.bind.external:relaxng-datatype=com.sun.xml.bind.external:relaxng-datatype:jar:4.0.3:provided, com.sun.xml.bind.external:rngom=com.sun.xml.bind.external:rngom:jar:4.0.3:provided, org.projectlombok:lombok=org.projectlombok:lombok:jar:1.18.36:provided, io.smallrye:smallrye-open-api-jaxrs=io.smallrye:smallrye-open-api-jaxrs:jar:4.0.5:compile, io.smallrye:smallrye-open-api-core=io.smallrye:smallrye-open-api-core:jar:4.0.5:compile, org.eclipse.microprofile.config:microprofile-config-api=org.eclipse.microprofile.config:microprofile-config-api:jar:3.0.3:compile, io.smallrye:smallrye-open-api-model=io.smallrye:smallrye-open-api-model:jar:4.0.5:compile, com.fasterxml.jackson.dataformat:jackson-dataformat-yaml=com.fasterxml.jackson.dataformat:jackson-dataformat-yaml:jar:2.18.2:compile, org.yaml:snakeyaml=org.yaml:snakeyaml:jar:android:1.23:test, io.smallrye:jandex=io.smallrye:jandex:jar:3.2.3:compile, io.smallrye.common:smallrye-common-classloader=io.smallrye.common:smallrye-common-classloader:jar:2.8.0:compile, com.microsoft.playwright:playwright=com.microsoft.playwright:playwright:jar:1.49.0:test, com.google.code.gson:gson=com.google.code.gson:gson:jar:2.11.0:provided, com.google.errorprone:error_prone_annotations=com.google.errorprone:error_prone_annotations:jar:2.27.0:provided, org.opentest4j:opentest4j=org.opentest4j:opentest4j:jar:1.3.0:test, com.microsoft.playwright:driver=com.microsoft.playwright:driver:jar:1.49.0:test, com.microsoft.playwright:driver-bundle=com.microsoft.playwright:driver-bundle:jar:1.49.0:test, org.junit.jupiter:junit-jupiter=org.junit.jupiter:junit-jupiter:jar:5.11.4:test, org.junit.jupiter:junit-jupiter-api=org.junit.jupiter:junit-jupiter-api:jar:5.11.4:test, org.junit.platform:junit-platform-commons=org.junit.platform:junit-platform-commons:jar:1.11.4:test, org.apiguardian:apiguardian-api=org.apiguardian:apiguardian-api:jar:1.1.2:test, org.junit.jupiter:junit-jupiter-params=org.junit.jupiter:junit-jupiter-params:jar:5.11.4:test, org.junit.jupiter:junit-jupiter-engine=org.junit.jupiter:junit-jupiter-engine:jar:5.11.4:test, org.junit.platform:junit-platform-engine=org.junit.platform:junit-platform-engine:jar:1.11.4:test, org.assertj:assertj-core=org.assertj:assertj-core:jar:3.27.2:test, net.bytebuddy:byte-buddy=net.bytebuddy:byte-buddy:jar:1.15.11:provided, org.testcontainers:junit-jupiter=org.testcontainers:junit-jupiter:jar:1.20.4:test, org.testcontainers:testcontainers=org.testcontainers:testcontainers:jar:1.20.4:test, junit:junit=junit:junit:jar:4.13.2:test, org.hamcrest:hamcrest-core=org.hamcrest:hamcrest-core:jar:1.3:test, org.apache.commons:commons-compress=org.apache.commons:commons-compress:jar:1.24.0:test, org.rnorth.duct-tape:duct-tape=org.rnorth.duct-tape:duct-tape:jar:1.0.8:test, org.jetbrains:annotations=org.jetbrains:annotations:jar:17.0.0:test, com.github.docker-java:docker-java-api=com.github.docker-java:docker-java-api:jar:3.4.0:test, com.github.docker-java:docker-java-transport-zerodep=com.github.docker-java:docker-java-transport-zerodep:jar:3.4.0:test, com.github.docker-java:docker-java-transport=com.github.docker-java:docker-java-transport:jar:3.4.0:test, net.java.dev.jna:jna=net.java.dev.jna:jna:jar:5.13.0:test, com.github.dasniko:testcontainers-keycloak=com.github.dasniko:testcontainers-keycloak:jar:3.5.1:test, io.quarkus:quarkus-junit4-mock=io.quarkus:quarkus-junit4-mock:jar:3.15.1:test, org.jboss.shrinkwrap:shrinkwrap-api=org.jboss.shrinkwrap:shrinkwrap-api:jar:2.0.0-beta-2:test, org.jboss.shrinkwrap:shrinkwrap-impl-base=org.jboss.shrinkwrap:shrinkwrap-impl-base:jar:2.0.0-beta-2:test, org.jboss.shrinkwrap:shrinkwrap-spi=org.jboss.shrinkwrap:shrinkwrap-spi:jar:2.0.0-beta-2:test, com.github.javafaker:javafaker=com.github.javafaker:javafaker:jar:1.0.2:test, com.github.mifmif:generex=com.github.mifmif:generex:jar:1.0.2:test, dk.brics.automaton:automaton=dk.brics.automaton:automaton:jar:1.11-8:test}
[DEBUG]   (s) projectBuildDirectory = /app/target
[DEBUG]   (f) promoteUserPropertiesToSystemProperties = true
[DEBUG]   (s) redirectTestOutputToFile = false
[DEBUG]   (s) reportFormat = plain
[DEBUG]   (s) reportsDirectory = /app/target/surefire-reports
[DEBUG]   (f) rerunFailingTestsCount = 0
[DEBUG]   (f) reuseForks = true
[DEBUG]   (s) runOrder = filesystem
[DEBUG]   (s) session = org.apache.maven.execution.MavenSession@7f7b6639
[DEBUG]   (f) shutdown = exit
[DEBUG]   (s) skip = false
[DEBUG]   (f) skipAfterFailureCount = 0
[DEBUG]   (s) skipTests = false
[DEBUG]   (f) statelessTestsetInfoReporter = JUnit5StatelessTestsetInfoTreeReporter{disable=false, usePhrasedFileName=false, usePhrasedClassNameInRunning=false, usePhrasedClassNameInTestCaseSummary=false}
[DEBUG]   (s) suiteXmlFiles = []
[DEBUG]   (s) tempDir = surefire
[DEBUG]   (s) test = ApiIntegrationTest
[DEBUG]   (s) testClassesDirectory = /app/target/test-classes
[DEBUG]   (s) testFailureIgnore = false
[DEBUG]   (s) testNGArtifactName = org.testng:testng
[DEBUG]   (s) testSourceDirectory = /app/src/test/java
[DEBUG]   (s) threadCountClasses = 0
[DEBUG]   (s) threadCountMethods = 0
[DEBUG]   (s) threadCountSuites = 0
[DEBUG]   (s) trimStackTrace = false
[DEBUG]   (s) useFile = true
[DEBUG]   (s) useManifestOnlyJar = true
[DEBUG]   (f) useModulePath = true
[DEBUG]   (s) useSystemClassLoader = true
[DEBUG]   (s) useUnlimitedThreads = false
[DEBUG]   (s) workingDirectory = /app
[DEBUG] -- end configuration --
[DEBUG] Using JVM: /usr/lib/jvm/java-21-openjdk-amd64/bin/java with Java version 21.0
[DEBUG] Resolved included and excluded patterns: ApiIntegrationTest
[DEBUG] Surefire report directory: /app/target/surefire-reports
[INFO] Using auto detected provider org.apache.maven.surefire.junitplatform.JUnitPlatformProvider
[DEBUG] Using the provider org.apache.maven.surefire.junitplatform.JUnitPlatformProvider
[DEBUG] Setting system property [basedir]=[/app]
[DEBUG] Setting system property [test]=[ApiIntegrationTest]
[DEBUG] Setting system property [localRepository]=[/home/jules/.m2/repository]
[DEBUG] Dependency collection stats {ConflictMarker.analyzeTime=22780, ConflictMarker.markTime=23469, ConflictMarker.nodeCount=9, ConflictIdSorter.graphTime=6551, ConflictIdSorter.topsortTime=11956, ConflictIdSorter.conflictIdCount=5, ConflictIdSorter.conflictIdCycleCount=0, ConflictResolver.totalTime=173087, ConflictResolver.conflictItemCount=8, DfDependencyCollector.collectTime=3266292, DfDependencyCollector.transformTime=257403}
[DEBUG] Found implementation of fork node factory: org.apache.maven.plugin.surefire.extensions.LegacyForkNodeFactory
[DEBUG] Using fork starter with configuration implementation org.apache.maven.plugin.surefire.booterclient.JarManifestForkConfiguration
[DEBUG] Dependency collection stats {ConflictMarker.analyzeTime=20994, ConflictMarker.markTime=27547, ConflictMarker.nodeCount=17, ConflictIdSorter.graphTime=9315, ConflictIdSorter.topsortTime=14687, ConflictIdSorter.conflictIdCount=10, ConflictIdSorter.conflictIdCycleCount=0, ConflictResolver.totalTime=126642, ConflictResolver.conflictItemCount=16, DfDependencyCollector.collectTime=7245442, DfDependencyCollector.transformTime=217603}
[DEBUG] Dependency collection stats {ConflictMarker.analyzeTime=7847, ConflictMarker.markTime=21758, ConflictMarker.nodeCount=2, ConflictIdSorter.graphTime=2443, ConflictIdSorter.topsortTime=7879, ConflictIdSorter.conflictIdCount=1, ConflictIdSorter.conflictIdCycleCount=0, ConflictResolver.totalTime=33997, ConflictResolver.conflictItemCount=1, DfDependencyCollector.collectTime=130922, DfDependencyCollector.transformTime=87630}
[DEBUG] Resolving artifact org.junit.platform:junit-platform-launcher:1.11.4
[DEBUG] Dependency collection stats {ConflictMarker.analyzeTime=10485, ConflictMarker.markTime=20470, ConflictMarker.nodeCount=8, ConflictIdSorter.graphTime=5280, ConflictIdSorter.topsortTime=10172, ConflictIdSorter.conflictIdCount=5, ConflictIdSorter.conflictIdCycleCount=0, ConflictResolver.totalTime=68267, ConflictResolver.conflictItemCount=7, DfDependencyCollector.collectTime=921942, DfDependencyCollector.transformTime=127956}
[DEBUG] Resolved artifact org.junit.platform:junit-platform-launcher:1.11.4 to [org.junit.platform:junit-platform-launcher:jar:1.11.4, org.junit.platform:junit-platform-engine:jar:1.11.4, org.opentest4j:opentest4j:jar:1.3.0, org.junit.platform:junit-platform-commons:jar:1.11.4, org.apiguardian:apiguardian-api:jar:1.1.2]
[DEBUG] test classpath:  /app/target/test-classes  /app/target/classes  /home/jules/.m2/repository/org/apache/httpcomponents/httpclient/4.5.14/httpclient-4.5.14.jar  /home/jules/.m2/repository/org/apache/httpcomponents/httpcore/4.4.16/httpcore-4.4.16.jar  /home/jules/.m2/repository/commons-logging/commons-logging/1.2/commons-logging-1.2.jar  /home/jules/.m2/repository/commons-codec/commons-codec/1.11/commons-codec-1.11.jar  /home/jules/.m2/repository/org/apache/commons/commons-lang3/3.12.0/commons-lang3-3.12.0.jar  /home/jules/.m2/repository/org/keycloak/keycloak-server-spi/26.0.7/keycloak-server-spi-26.0.7.jar  /home/jules/.m2/repository/org/keycloak/keycloak-server-spi-private/26.0.7/keycloak-server-spi-private-26.0.7.jar  /home/jules/.m2/repository/org/keycloak/keycloak-services/26.0.7/keycloak-services-26.0.7.jar  /home/jules/.m2/repository/org/keycloak/keycloak-core/26.0.7/keycloak-core-26.0.7.jar  /home/jules/.m2/repository/jakarta/mail/jakarta.mail-api/2.1.1/jakarta.mail-api-2.1.1.jar  /home/jules/.m2/repository/jakarta/activation/jakarta.activation-api/2.1.1/jakarta.activation-api-2.1.1.jar  /home/jules/.m2/repository/org/eclipse/angus/angus-mail/2.0.3/angus-mail-2.0.3.jar  /home/jules/.m2/repository/org/eclipse/angus/angus-activation/2.0.2/angus-activation-2.0.2.jar  /home/jules/.m2/repository/org/keycloak/keycloak-common/26.0.7/keycloak-common-26.0.7.jar  /home/jules/.m2/repository/org/twitter4j/twitter4j-core/4.1.2/twitter4j-core-4.1.2.jar  /home/jules/.m2/repository/org/jboss/logging/jboss-logging/3.6.0.Final/jboss-logging-3.6.0.Final.jar  /home/jules/.m2/repository/org/jboss/logging/commons-logging-jboss-logging/1.0.0.Final/commons-logging-jboss-logging-1.0.0.Final.jar  /home/jules/.m2/repository/jakarta/ws/rs/jakarta.ws.rs-api/3.1.0/jakarta.ws.rs-api-3.1.0.jar  /home/jules/.m2/repository/jakarta/transaction/jakarta.transaction-api/2.0.1/jakarta.transaction-api-2.0.1.jar  /home/jules/.m2/repository/jakarta/xml/soap/jakarta.xml.soap-api/3.0.0/jakarta.xml.soap-api-3.0.0.jar  /home/jules/.m2/repository/com/googlecode/owasp-java-html-sanitizer/owasp-java-html-sanitizer/20240325.1/owasp-java-html-sanitizer-20240325.1.jar  /home/jules/.m2/repository/com/googlecode/owasp-java-html-sanitizer/java8-shim/20240325.1/java8-shim-20240325.1.jar  /home/jules/.m2/repository/com/googlecode/owasp-java-html-sanitizer/java10-shim/20240325.1/java10-shim-20240325.1.jar  /home/jules/.m2/repository/com/fasterxml/jackson/core/jackson-core/2.17.2/jackson-core-2.17.2.jar  /home/jules/.m2/repository/com/fasterxml/jackson/core/jackson-databind/2.17.2/jackson-databind-2.17.2.jar  /home/jules/.m2/repository/com/fasterxml/jackson/core/jackson-annotations/2.17.2/jackson-annotations-2.17.2.jar  /home/jules/.m2/repository/javax/annotation/javax.annotation-api/1.3.2/javax.annotation-api-1.3.2.jar  /home/jules/.m2/repository/com/fasterxml/jackson/datatype/jackson-datatype-jdk8/2.17.2/jackson-datatype-jdk8-2.17.2.jar  /home/jules/.m2/repository/com/google/zxing/javase/3.4.0/javase-3.4.0.jar  /home/jules/.m2/repository/com/google/zxing/core/3.4.0/core-3.4.0.jar  /home/jules/.m2/repository/com/github/jai-imageio/jai-imageio-core/1.4.0/jai-imageio-core-1.4.0.jar  /home/jules/.m2/repository/com/apicatalog/titanium-json-ld/1.3.3/titanium-json-ld-1.3.3.jar  /home/jules/.m2/repository/io/setl/rdf-urdna/1.1/rdf-urdna-1.1.jar  /home/jules/.m2/repository/com/webauthn4j/webauthn4j-core/0.21.5.RELEASE/webauthn4j-core-0.21.5.RELEASE.jar  /home/jules/.m2/repository/com/webauthn4j/webauthn4j-util/0.21.5.RELEASE/webauthn4j-util-0.21.5.RELEASE.jar  /home/jules/.m2/repository/org/apache/kerby/kerby-asn1/2.0.3/kerby-asn1-2.0.3.jar  /home/jules/.m2/repository/com/fasterxml/jackson/dataformat/jackson-dataformat-cbor/2.15.2/jackson-dataformat-cbor-2.15.2.jar  /home/jules/.m2/repository/org/checkerframework/checker-qual/3.36.0/checker-qual-3.36.0.jar  /home/jules/.m2/repository/com/github/ua-parser/uap-java/1.5.4/uap-java-1.5.4.jar  /home/jules/.m2/repository/org/apache/commons/commons-collections4/4.4/commons-collections4-4.4.jar  /home/jules/.m2/repository/org/eclipse/microprofile/openapi/microprofile-openapi-api/3.1.1/microprofile-openapi-api-3.1.1.jar  /home/jules/.m2/repository/io/smallrye/common/smallrye-common-annotation/2.6.0/smallrye-common-annotation-2.6.0.jar  /home/jules/.m2/repository/org/keycloak/keycloak-model-storage-private/26.0.7/keycloak-model-storage-private-26.0.7.jar  /home/jules/.m2/repository/org/keycloak/keycloak-config-api/26.0.7/keycloak-config-api-26.0.7.jar  /home/jules/.m2/repository/org/infinispan/infinispan-commons/15.0.11.Final/infinispan-commons-15.0.11.Final.jar  /home/jules/.m2/repository/org/infinispan/protostream/protostream/5.0.10.Final/protostream-5.0.10.Final.jar  /home/jules/.m2/repository/org/infinispan/protostream/protostream-types/5.0.10.Final/protostream-types-5.0.10.Final.jar  /home/jules/.m2/repository/org/infinispan/protostream/protostream-processor/5.0.10.Final/protostream-processor-5.0.10.Final.jar  /home/jules/.m2/repository/com/github/ben-manes/caffeine/caffeine/3.1.8/caffeine-3.1.8.jar  /home/jules/.m2/repository/io/reactivex/rxjava3/rxjava/3.1.8/rxjava-3.1.8.jar  /home/jules/.m2/repository/io/quarkus/quarkus-opentelemetry/3.15.1/quarkus-opentelemetry-3.15.1.jar  /home/jules/.m2/repository/io/quarkus/quarkus-core/3.15.1/quarkus-core-3.15.1.jar  /home/jules/.m2/repository/jakarta/enterprise/jakarta.enterprise.cdi-api/4.1.0/jakarta.enterprise.cdi-api-4.1.0.jar  /home/jules/.m2/repository/jakarta/enterprise/jakarta.enterprise.lang-model/4.1.0/jakarta.enterprise.lang-model-4.1.0.jar  /home/jules/.m2/repository/jakarta/el/jakarta.el-api/6.0.0/jakarta.el-api-6.0.0.jar  /home/jules/.m2/repository/jakarta/interceptor/jakarta.interceptor-api/2.2.0/jakarta.interceptor-api-2.2.0.jar  /home/jules/.m2/repository/io/smallrye/common/smallrye-common-os/2.6.0/smallrye-common-os-2.6.0.jar  /home/jules/.m2/repository/io/quarkus/quarkus-ide-launcher/3.15.1/quarkus-ide-launcher-3.15.1.jar  /home/jules/.m2/repository/io/quarkus/quarkus-development-mode-spi/3.15.1/quarkus-development-mode-spi-3.15.1.jar  /home/jules/.m2/repository/io/smallrye/config/smallrye-config/3.9.1/smallrye-config-3.9.1.jar  /home/jules/.m2/repository/io/smallrye/config/smallrye-config-core/3.9.1/smallrye-config-core-3.9.1.jar  /home/jules/.m2/repository/org/ow2/asm/asm/9.7/asm-9.7.jar  /home/jules/.m2/repository/io/smallrye/config/smallrye-config-common/3.9.1/smallrye-config-common-3.9.1.jar  /home/jules/.m2/repository/org/jboss/logmanager/jboss-logmanager/3.0.6.Final/jboss-logmanager-3.0.6.Final.jar  /home/jules/.m2/repository/io/smallrye/common/smallrye-common-cpu/2.2.0/smallrye-common-cpu-2.2.0.jar  /home/jules/.m2/repository/io/smallrye/common/smallrye-common-expression/2.2.0/smallrye-common-expression-2.2.0.jar  /home/jules/.m2/repository/io/smallrye/common/smallrye-common-function/2.2.0/smallrye-common-function-2.2.0.jar  /home/jules/.m2/repository/io/smallrye/common/smallrye-common-net/2.2.0/smallrye-common-net-2.2.0.jar  /home/jules/.m2/repository/io/smallrye/common/smallrye-common-ref/2.2.0/smallrye-common-ref-2.2.0.jar  /home/jules/.m2/repository/jakarta/json/jakarta.json-api/2.1.3/jakarta.json-api-2.1.3.jar  /home/jules/.m2/repository/org/eclipse/parsson/parsson/1.1.6/parsson-1.1.6.jar  /home/jules/.m2/repository/org/jboss/logging/jboss-logging-annotations/3.0.1.Final/jboss-logging-annotations-3.0.1.Final.jar  /home/jules/.m2/repository/org/jboss/threads/jboss-threads/3.6.1.Final/jboss-threads-3.6.1.Final.jar  /home/jules/.m2/repository/org/jboss/slf4j/slf4j-jboss-logmanager/2.0.0.Final/slf4j-jboss-logmanager-2.0.0.Final.jar  /home/jules/.m2/repository/org/wildfly/common/wildfly-common/1.7.0.Final/wildfly-common-1.7.0.Final.jar  /home/jules/.m2/repository/io/quarkus/quarkus-bootstrap-runner/3.15.1/quarkus-bootstrap-runner-3.15.1.jar  /home/jules/.m2/repository/io/quarkus/quarkus-classloader-commons/3.15.1/quarkus-classloader-commons-3.15.1.jar  /home/jules/.m2/repository/io/smallrye/common/smallrye-common-io/2.6.0/smallrye-common-io-2.6.0.jar  /home/jules/.m2/repository/io/github/crac/org-crac/0.1.3/org-crac-0.1.3.jar  /home/jules/.m2/repository/io/quarkus/quarkus-fs-util/0.0.10/quarkus-fs-util-0.0.10.jar  /home/jules/.m2/repository/io/quarkus/quarkus-tls-registry/3.15.1/quarkus-tls-registry-3.15.1.jar  /home/jules/.m2/repository/io/quarkus/quarkus-credentials/3.15.1/quarkus-credentials-3.15.1.jar  /home/jules/.m2/repository/io/quarkus/quarkus-arc/3.15.1/quarkus-arc-3.15.1.jar  /home/jules/.m2/repository/io/quarkus/arc/arc/3.15.1/arc-3.15.1.jar  /home/jules/.m2/repository/io/smallrye/reactive/mutiny/2.6.2/mutiny-2.6.2.jar  /home/jules/.m2/repository/org/jctools/jctools-core/4.0.5/jctools-core-4.0.5.jar  /home/jules/.m2/repository/org/eclipse/microprofile/context-propagation/microprofile-context-propagation-api/1.3/microprofile-context-propagation-api-1.3.jar  /home/jules/.m2/repository/io/quarkus/quarkus-vertx/3.15.1/quarkus-vertx-3.15.1.jar  /home/jules/.m2/repository/io/quarkus/quarkus-netty/3.15.1/quarkus-netty-3.15.1.jar  /home/jules/.m2/repository/io/netty/netty-codec/4.1.111.Final/netty-codec-4.1.111.Final.jar  /home/jules/.m2/repository/io/netty/netty-codec-http/4.1.111.Final/netty-codec-http-4.1.111.Final.jar  /home/jules/.m2/repository/io/netty/netty-codec-http2/4.1.111.Final/netty-codec-http2-4.1.111.Final.jar  /home/jules/.m2/repository/io/netty/netty-handler/4.1.111.Final/netty-handler-4.1.111.Final.jar  /home/jules/.m2/repository/io/netty/netty-transport-native-unix-common/4.1.111.Final/netty-transport-native-unix-common-4.1.111.Final.jar  /home/jules/.m2/repository/com/aayushatharva/brotli4j/brotli4j/1.16.0/brotli4j-1.16.0.jar  /home/jules/.m2/repository/com/aayushatharva/brotli4j/service/1.16.0/service-1.16.0.jar  /home/jules/.m2/repository/com/aayushatharva/brotli4j/native-linux-x86_64/1.16.0/native-linux-x86_64-1.16.0.jar  /home/jules/.m2/repository/io/netty/netty-codec-haproxy/4.1.111.Final/netty-codec-haproxy-4.1.111.Final.jar  /home/jules/.m2/repository/io/netty/netty-buffer/4.1.111.Final/netty-buffer-4.1.111.Final.jar  /home/jules/.m2/repository/io/netty/netty-transport/4.1.111.Final/netty-transport-4.1.111.Final.jar  /home/jules/.m2/repository/io/quarkus/quarkus-mutiny/3.15.1/quarkus-mutiny-3.15.1.jar  /home/jules/.m2/repository/io/quarkus/quarkus-smallrye-context-propagation/3.15.1/quarkus-smallrye-context-propagation-3.15.1.jar  /home/jules/.m2/repository/io/smallrye/smallrye-context-propagation/2.1.2/smallrye-context-propagation-2.1.2.jar  /home/jules/.m2/repository/io/smallrye/smallrye-context-propagation-api/2.1.2/smallrye-context-propagation-api-2.1.2.jar  /home/jules/.m2/repository/io/smallrye/smallrye-context-propagation-storage/2.1.2/smallrye-context-propagation-storage-2.1.2.jar  /home/jules/.m2/repository/io/smallrye/reactive/mutiny-smallrye-context-propagation/2.6.2/mutiny-smallrye-context-propagation-2.6.2.jar  /home/jules/.m2/repository/io/quarkus/quarkus-virtual-threads/3.15.1/quarkus-virtual-threads-3.15.1.jar  /home/jules/.m2/repository/io/quarkus/quarkus-vertx-latebound-mdc-provider/3.15.1/quarkus-vertx-latebound-mdc-provider-3.15.1.jar  /home/jules/.m2/repository/io/smallrye/reactive/smallrye-mutiny-vertx-core/3.15.0/smallrye-mutiny-vertx-core-3.15.0.jar  /home/jules/.m2/repository/io/smallrye/reactive/smallrye-mutiny-vertx-runtime/3.15.0/smallrye-mutiny-vertx-runtime-3.15.0.jar  /home/jules/.m2/repository/io/smallrye/reactive/vertx-mutiny-generator/3.15.0/vertx-mutiny-generator-3.15.0.jar  /home/jules/.m2/repository/io/vertx/vertx-codegen/4.5.10/vertx-codegen-4.5.10.jar  /home/jules/.m2/repository/io/smallrye/smallrye-fault-tolerance-vertx/6.4.0/smallrye-fault-tolerance-vertx-6.4.0.jar  /home/jules/.m2/repository/io/quarkus/quarkus-security-runtime-spi/3.15.1/quarkus-security-runtime-spi-3.15.1.jar  /home/jules/.m2/repository/io/quarkus/security/quarkus-security/2.1.0/quarkus-security-2.1.0.jar  /home/jules/.m2/repository/io/quarkus/quarkus-grpc-common/3.15.1/quarkus-grpc-common-3.15.1.jar  /home/jules/.m2/repository/com/google/code/findbugs/jsr305/3.0.2/jsr305-3.0.2.jar  /home/jules/.m2/repository/io/vertx/vertx-grpc/4.5.10/vertx-grpc-4.5.10.jar  /home/jules/.m2/repository/io/grpc/grpc-netty/1.65.0/grpc-netty-1.65.0.jar  /home/jules/.m2/repository/io/grpc/grpc-util/1.65.0/grpc-util-1.65.0.jar  /home/jules/.m2/repository/io/grpc/grpc-protobuf/1.65.0/grpc-protobuf-1.65.0.jar  /home/jules/.m2/repository/com/google/protobuf/protobuf-java/3.25.1/protobuf-java-3.25.1.jar  /home/jules/.m2/repository/com/google/api/grpc/proto-google-common-protos/2.29.0/proto-google-common-protos-2.29.0.jar  /home/jules/.m2/repository/io/grpc/grpc-protobuf-lite/1.65.0/grpc-protobuf-lite-1.65.0.jar  /home/jules/.m2/repository/com/google/guava/guava/32.1.2-jre/guava-32.1.2-jre.jar  /home/jules/.m2/repository/com/google/guava/failureaccess/1.0.1/failureaccess-1.0.1.jar  /home/jules/.m2/repository/com/google/guava/listenablefuture/9999.0-empty-to-avoid-conflict-with-guava/listenablefuture-9999.0-empty-to-avoid-conflict-with-guava.jar  /home/jules/.m2/repository/com/google/j2objc/j2objc-annotations/2.8/j2objc-annotations-2.8.jar  /home/jules/.m2/repository/io/vertx/vertx-grpc-server/4.5.10/vertx-grpc-server-4.5.10.jar  /home/jules/.m2/repository/io/grpc/grpc-core/1.65.1/grpc-core-1.65.1.jar  /home/jules/.m2/repository/io/perfmark/perfmark-api/0.26.0/perfmark-api-0.26.0.jar  /home/jules/.m2/repository/io/grpc/grpc-context/1.65.1/grpc-context-1.65.1.jar  /home/jules/.m2/repository/io/smallrye/common/smallrye-common-vertx-context/2.6.0/smallrye-common-vertx-context-2.6.0.jar  /home/jules/.m2/repository/io/vertx/vertx-core/4.5.9/vertx-core-4.5.9.jar  /home/jules/.m2/repository/io/netty/netty-common/4.1.111.Final/netty-common-4.1.111.Final.jar  /home/jules/.m2/repository/io/netty/netty-handler-proxy/4.1.111.Final/netty-handler-proxy-4.1.111.Final.jar  /home/jules/.m2/repository/io/netty/netty-codec-socks/4.1.111.Final/netty-codec-socks-4.1.111.Final.jar  /home/jules/.m2/repository/io/netty/netty-resolver/4.1.111.Final/netty-resolver-4.1.111.Final.jar  /home/jules/.m2/repository/io/netty/netty-resolver-dns/4.1.111.Final/netty-resolver-dns-4.1.111.Final.jar  /home/jules/.m2/repository/io/netty/netty-codec-dns/4.1.111.Final/netty-codec-dns-4.1.111.Final.jar  /home/jules/.m2/repository/io/smallrye/common/smallrye-common-constraint/2.6.0/smallrye-common-constraint-2.6.0.jar  /home/jules/.m2/repository/io/opentelemetry/opentelemetry-sdk-extension-autoconfigure/1.39.0/opentelemetry-sdk-extension-autoconfigure-1.39.0.jar  /home/jules/.m2/repository/io/opentelemetry/opentelemetry-sdk/1.39.0/opentelemetry-sdk-1.39.0.jar  /home/jules/.m2/repository/io/opentelemetry/opentelemetry-api/1.39.0/opentelemetry-api-1.39.0.jar  /home/jules/.m2/repository/io/opentelemetry/opentelemetry-context/1.39.0/opentelemetry-context-1.39.0.jar  /home/jules/.m2/repository/io/opentelemetry/opentelemetry-sdk-common/1.39.0/opentelemetry-sdk-common-1.39.0.jar  /home/jules/.m2/repository/io/opentelemetry/opentelemetry-sdk-trace/1.39.0/opentelemetry-sdk-trace-1.39.0.jar  /home/jules/.m2/repository/io/opentelemetry/opentelemetry-sdk-metrics/1.39.0/opentelemetry-sdk-metrics-1.39.0.jar  /home/jules/.m2/repository/io/opentelemetry/opentelemetry-sdk-logs/1.39.0/opentelemetry-sdk-logs-1.39.0.jar  /home/jules/.m2/repository/io/opentelemetry/opentelemetry-sdk-extension-autoconfigure-spi/1.39.0/opentelemetry-sdk-extension-autoconfigure-spi-1.39.0.jar  /home/jules/.m2/repository/io/opentelemetry/semconv/opentelemetry-semconv/1.26.0-alpha/opentelemetry-semconv-1.26.0-alpha.jar  /home/jules/.m2/repository/io/opentelemetry/opentelemetry-api-incubator/1.39.0-alpha/opentelemetry-api-incubator-1.39.0-alpha.jar  /home/jules/.m2/repository/io/opentelemetry/instrumentation/opentelemetry-instrumentation-api/2.5.0/opentelemetry-instrumentation-api-2.5.0.jar  /home/jules/.m2/repository/io/opentelemetry/instrumentation/opentelemetry-instrumentation-annotations/2.5.0/opentelemetry-instrumentation-annotations-2.5.0.jar  /home/jules/.m2/repository/io/opentelemetry/instrumentation/opentelemetry-instrumentation-annotations-support/2.5.0-alpha/opentelemetry-instrumentation-annotations-support-2.5.0-alpha.jar  /home/jules/.m2/repository/io/opentelemetry/semconv/opentelemetry-semconv-incubating/1.25.0-alpha/opentelemetry-semconv-incubating-1.25.0-alpha.jar  /home/jules/.m2/repository/io/opentelemetry/instrumentation/opentelemetry-instrumentation-api-incubator/2.5.0-alpha/opentelemetry-instrumentation-api-incubator-2.5.0-alpha.jar  /home/jules/.m2/repository/io/opentelemetry/opentelemetry-exporter-otlp-common/1.39.0/opentelemetry-exporter-otlp-common-1.39.0.jar  /home/jules/.m2/repository/io/opentelemetry/opentelemetry-exporter-common/1.39.0/opentelemetry-exporter-common-1.39.0.jar  /home/jules/.m2/repository/io/opentelemetry/opentelemetry-exporter-otlp/1.39.0/opentelemetry-exporter-otlp-1.39.0.jar  /home/jules/.m2/repository/io/opentelemetry/opentelemetry-exporter-sender-okhttp/1.39.0/opentelemetry-exporter-sender-okhttp-1.39.0.jar  /home/jules/.m2/repository/io/vertx/vertx-grpc-client/4.5.10/vertx-grpc-client-4.5.10.jar  /home/jules/.m2/repository/io/vertx/vertx-grpc-common/4.5.10/vertx-grpc-common-4.5.10.jar  /home/jules/.m2/repository/io/grpc/grpc-stub/1.65.0/grpc-stub-1.65.0.jar  /home/jules/.m2/repository/io/grpc/grpc-api/1.65.0/grpc-api-1.65.0.jar  /home/jules/.m2/repository/org/keycloak/keycloak-model-jpa/26.0.7/keycloak-model-jpa-26.0.7.jar  /home/jules/.m2/repository/org/keycloak/keycloak-model-storage/26.0.7/keycloak-model-storage-26.0.7.jar  /home/jules/.m2/repository/org/liquibase/liquibase-core/4.29.1/liquibase-core-4.29.1.jar  /home/jules/.m2/repository/com/opencsv/opencsv/5.9/opencsv-5.9.jar  /home/jules/.m2/repository/javax/xml/bind/jaxb-api/2.3.1/jaxb-api-2.3.1.jar  /home/jules/.m2/repository/commons-io/commons-io/2.16.1/commons-io-2.16.1.jar  /home/jules/.m2/repository/jakarta/persistence/jakarta.persistence-api/3.1.0/jakarta.persistence-api-3.1.0.jar  /home/jules/.m2/repository/org/hibernate/orm/hibernate-core/6.6.0.Final/hibernate-core-6.6.0.Final.jar  /home/jules/.m2/repository/org/hibernate/common/hibernate-commons-annotations/7.0.1.Final/hibernate-commons-annotations-7.0.1.Final.jar  /home/jules/.m2/repository/com/fasterxml/classmate/1.5.1/classmate-1.5.1.jar  /home/jules/.m2/repository/jakarta/xml/bind/jakarta.xml.bind-api/4.0.0/jakarta.xml.bind-api-4.0.0.jar  /home/jules/.m2/repository/org/glassfish/jaxb/jaxb-runtime/4.0.2/jaxb-runtime-4.0.2.jar  /home/jules/.m2/repository/jakarta/inject/jakarta.inject-api/2.0.1/jakarta.inject-api-2.0.1.jar  /home/jules/.m2/repository/org/antlr/antlr4-runtime/4.13.0/antlr4-runtime-4.13.0.jar  /home/jules/.m2/repository/org/slf4j/slf4j-api/2.0.6/slf4j-api-2.0.6.jar  /home/jules/.m2/repository/org/keycloak/keycloak-admin-client/26.0.3/keycloak-admin-client-26.0.3.jar  /home/jules/.m2/repository/org/keycloak/keycloak-client-common-synced/26.0.3/keycloak-client-common-synced-26.0.3.jar  /home/jules/.m2/repository/com/fasterxml/jackson/datatype/jackson-datatype-jsr310/2.17.2/jackson-datatype-jsr310-2.17.2.jar  /home/jules/.m2/repository/org/jboss/resteasy/resteasy-client/6.2.9.Final/resteasy-client-6.2.9.Final.jar  /home/jules/.m2/repository/org/jboss/resteasy/resteasy-client-api/6.2.9.Final/resteasy-client-api-6.2.9.Final.jar  /home/jules/.m2/repository/org/jboss/resteasy/resteasy-core-spi/6.2.9.Final/resteasy-core-spi-6.2.9.Final.jar  /home/jules/.m2/repository/jakarta/annotation/jakarta.annotation-api/2.1.1/jakarta.annotation-api-2.1.1.jar  /home/jules/.m2/repository/jakarta/validation/jakarta.validation-api/3.0.2/jakarta.validation-api-3.0.2.jar  /home/jules/.m2/repository/org/jboss/resteasy/resteasy-core/6.2.9.Final/resteasy-core-6.2.9.Final.jar  /home/jules/.m2/repository/org/jboss/jandex/2.4.5.Final/jandex-2.4.5.Final.jar  /home/jules/.m2/repository/com/ibm/async/asyncutil/0.1.0/asyncutil-0.1.0.jar  /home/jules/.m2/repository/org/reactivestreams/reactive-streams/1.0.4/reactive-streams-1.0.4.jar  /home/jules/.m2/repository/org/jboss/resteasy/resteasy-multipart-provider/6.2.9.Final/resteasy-multipart-provider-6.2.9.Final.jar  /home/jules/.m2/repository/org/apache/james/apache-mime4j-dom/0.8.11/apache-mime4j-dom-0.8.11.jar  /home/jules/.m2/repository/org/apache/james/apache-mime4j-core/0.8.11/apache-mime4j-core-0.8.11.jar  /home/jules/.m2/repository/org/apache/james/apache-mime4j-storage/0.8.11/apache-mime4j-storage-0.8.11.jar  /home/jules/.m2/repository/org/jboss/resteasy/resteasy-jackson2-provider/6.2.9.Final/resteasy-jackson2-provider-6.2.9.Final.jar  /home/jules/.m2/repository/com/fasterxml/jackson/jakarta/rs/jackson-jakarta-rs-base/2.15.4/jackson-jakarta-rs-base-2.15.4.jar  /home/jules/.m2/repository/com/fasterxml/jackson/jakarta/rs/jackson-jakarta-rs-json-provider/2.15.4/jackson-jakarta-rs-json-provider-2.15.4.jar  /home/jules/.m2/repository/com/fasterxml/jackson/module/jackson-module-jakarta-xmlbind-annotations/2.15.4/jackson-module-jakarta-xmlbind-annotations-2.15.4.jar  /home/jules/.m2/repository/com/github/java-json-tools/json-patch/1.13/json-patch-1.13.jar  /home/jules/.m2/repository/com/github/java-json-tools/msg-simple/1.2/msg-simple-1.2.jar  /home/jules/.m2/repository/com/github/java-json-tools/btf/1.3/btf-1.3.jar  /home/jules/.m2/repository/com/github/java-json-tools/jackson-coreutils/2.0/jackson-coreutils-2.0.jar  /home/jules/.m2/repository/org/jboss/resteasy/resteasy-jaxb-provider/6.2.9.Final/resteasy-jaxb-provider-6.2.9.Final.jar  /home/jules/.m2/repository/org/glassfish/jaxb/codemodel/4.0.3/codemodel-4.0.3.jar  /home/jules/.m2/repository/org/glassfish/jaxb/jaxb-core/4.0.3/jaxb-core-4.0.3.jar  /home/jules/.m2/repository/org/glassfish/jaxb/jaxb-jxc/4.0.3/jaxb-jxc-4.0.3.jar  /home/jules/.m2/repository/org/glassfish/jaxb/txw2/4.0.3/txw2-4.0.3.jar  /home/jules/.m2/repository/org/glassfish/jaxb/jaxb-xjc/4.0.3/jaxb-xjc-4.0.3.jar  /home/jules/.m2/repository/org/glassfish/jaxb/xsom/4.0.3/xsom-4.0.3.jar  /home/jules/.m2/repository/com/sun/istack/istack-commons-runtime/4.1.2/istack-commons-runtime-4.1.2.jar  /home/jules/.m2/repository/com/sun/istack/istack-commons-tools/4.1.2/istack-commons-tools-4.1.2.jar  /home/jules/.m2/repository/com/sun/xml/bind/external/relaxng-datatype/4.0.3/relaxng-datatype-4.0.3.jar  /home/jules/.m2/repository/com/sun/xml/bind/external/rngom/4.0.3/rngom-4.0.3.jar  /home/jules/.m2/repository/org/projectlombok/lombok/1.18.36/lombok-1.18.36.jar  /home/jules/.m2/repository/io/smallrye/smallrye-open-api-jaxrs/4.0.5/smallrye-open-api-jaxrs-4.0.5.jar  /home/jules/.m2/repository/io/smallrye/smallrye-open-api-core/4.0.5/smallrye-open-api-core-4.0.5.jar  /home/jules/.m2/repository/org/eclipse/microprofile/config/microprofile-config-api/3.0.3/microprofile-config-api-3.0.3.jar  /home/jules/.m2/repository/io/smallrye/smallrye-open-api-model/4.0.5/smallrye-open-api-model-4.0.5.jar  /home/jules/.m2/repository/com/fasterxml/jackson/dataformat/jackson-dataformat-yaml/2.18.2/jackson-dataformat-yaml-2.18.2.jar  /home/jules/.m2/repository/org/yaml/snakeyaml/2.3/snakeyaml-2.3.jar  /home/jules/.m2/repository/io/smallrye/jandex/3.2.3/jandex-3.2.3.jar  /home/jules/.m2/repository/io/smallrye/common/smallrye-common-classloader/2.8.0/smallrye-common-classloader-2.8.0.jar  /home/jules/.m2/repository/com/microsoft/playwright/playwright/1.49.0/playwright-1.49.0.jar  /home/jules/.m2/repository/com/google/code/gson/gson/2.11.0/gson-2.11.0.jar  /home/jules/.m2/repository/com/google/errorprone/error_prone_annotations/2.27.0/error_prone_annotations-2.27.0.jar  /home/jules/.m2/repository/org/opentest4j/opentest4j/1.3.0/opentest4j-1.3.0.jar  /home/jules/.m2/repository/com/microsoft/playwright/driver/1.49.0/driver-1.49.0.jar  /home/jules/.m2/repository/com/microsoft/playwright/driver-bundle/1.49.0/driver-bundle-1.49.0.jar  /home/jules/.m2/repository/org/junit/jupiter/junit-jupiter/5.11.4/junit-jupiter-5.11.4.jar  /home/jules/.m2/repository/org/junit/jupiter/junit-jupiter-api/5.11.4/junit-jupiter-api-5.11.4.jar  /home/jules/.m2/repository/org/junit/platform/junit-platform-commons/1.11.4/junit-platform-commons-1.11.4.jar  /home/jules/.m2/repository/org/apiguardian/apiguardian-api/1.1.2/apiguardian-api-1.1.2.jar  /home/jules/.m2/repository/org/junit/jupiter/junit-jupiter-params/5.11.4/junit-jupiter-params-5.11.4.jar  /home/jules/.m2/repository/org/junit/jupiter/junit-jupiter-engine/5.11.4/junit-jupiter-engine-5.11.4.jar  /home/jules/.m2/repository/org/junit/platform/junit-platform-engine/1.11.4/junit-platform-engine-1.11.4.jar  /home/jules/.m2/repository/org/assertj/assertj-core/3.27.2/assertj-core-3.27.2.jar  /home/jules/.m2/repository/net/bytebuddy/byte-buddy/1.15.11/byte-buddy-1.15.11.jar  /home/jules/.m2/repository/org/testcontainers/junit-jupiter/1.20.4/junit-jupiter-1.20.4.jar  /home/jules/.m2/repository/org/testcontainers/testcontainers/1.20.4/testcontainers-1.20.4.jar  /home/jules/.m2/repository/junit/junit/4.13.2/junit-4.13.2.jar  /home/jules/.m2/repository/org/hamcrest/hamcrest-core/1.3/hamcrest-core-1.3.jar  /home/jules/.m2/repository/org/apache/commons/commons-compress/1.24.0/commons-compress-1.24.0.jar  /home/jules/.m2/repository/org/rnorth/duct-tape/duct-tape/1.0.8/duct-tape-1.0.8.jar  /home/jules/.m2/repository/org/jetbrains/annotations/17.0.0/annotations-17.0.0.jar  /home/jules/.m2/repository/com/github/docker-java/docker-java-api/3.4.0/docker-java-api-3.4.0.jar  /home/jules/.m2/repository/com/github/docker-java/docker-java-transport-zerodep/3.4.0/docker-java-transport-zerodep-3.4.0.jar  /home/jules/.m2/repository/com/github/docker-java/docker-java-transport/3.4.0/docker-java-transport-3.4.0.jar  /home/jules/.m2/repository/net/java/dev/jna/jna/5.13.0/jna-5.13.0.jar  /home/jules/.m2/repository/com/github/dasniko/testcontainers-keycloak/3.5.1/testcontainers-keycloak-3.5.1.jar  /home/jules/.m2/repository/io/quarkus/quarkus-junit4-mock/3.15.1/quarkus-junit4-mock-3.15.1.jar  /home/jules/.m2/repository/org/jboss/shrinkwrap/shrinkwrap-api/2.0.0-beta-2/shrinkwrap-api-2.0.0-beta-2.jar  /home/jules/.m2/repository/org/jboss/shrinkwrap/shrinkwrap-impl-base/2.0.0-beta-2/shrinkwrap-impl-base-2.0.0-beta-2.jar  /home/jules/.m2/repository/org/jboss/shrinkwrap/shrinkwrap-spi/2.0.0-beta-2/shrinkwrap-spi-2.0.0-beta-2.jar  /home/jules/.m2/repository/com/github/javafaker/javafaker/1.0.2/javafaker-1.0.2.jar  /home/jules/.m2/repository/org/yaml/snakeyaml/1.23/snakeyaml-1.23-android.jar  /home/jules/.m2/repository/com/github/mifmif/generex/1.0.2/generex-1.0.2.jar  /home/jules/.m2/repository/dk/brics/automaton/automaton/1.11-8/automaton-1.11-8.jar
[DEBUG] provider classpath:  /home/jules/.m2/repository/org/apache/maven/surefire/surefire-junit-platform/3.5.2/surefire-junit-platform-3.5.2.jar  /home/jules/.m2/repository/org/apache/maven/surefire/surefire-api/3.5.2/surefire-api-3.5.2.jar  /home/jules/.m2/repository/org/apache/maven/surefire/surefire-logger-api/3.5.2/surefire-logger-api-3.5.2.jar  /home/jules/.m2/repository/org/apache/maven/surefire/surefire-shared-utils/3.5.2/surefire-shared-utils-3.5.2.jar  /home/jules/.m2/repository/org/apache/maven/surefire/common-java5/3.5.2/common-java5-3.5.2.jar  /home/jules/.m2/repository/org/junit/platform/junit-platform-launcher/1.11.4/junit-platform-launcher-1.11.4.jar
[DEBUG] test(compact) classpath:  test-classes  classes  httpclient-4.5.14.jar  httpcore-4.4.16.jar  commons-logging-1.2.jar  commons-codec-1.11.jar  commons-lang3-3.12.0.jar  keycloak-server-spi-26.0.7.jar  keycloak-server-spi-private-26.0.7.jar  keycloak-services-26.0.7.jar  keycloak-core-26.0.7.jar  jakarta.mail-api-2.1.1.jar  jakarta.activation-api-2.1.1.jar  angus-mail-2.0.3.jar  angus-activation-2.0.2.jar  keycloak-common-26.0.7.jar  twitter4j-core-4.1.2.jar  jboss-logging-3.6.0.Final.jar  commons-logging-jboss-logging-1.0.0.Final.jar  jakarta.ws.rs-api-3.1.0.jar  jakarta.transaction-api-2.0.1.jar  jakarta.xml.soap-api-3.0.0.jar  owasp-java-html-sanitizer-20240325.1.jar  java8-shim-20240325.1.jar  java10-shim-20240325.1.jar  jackson-core-2.17.2.jar  jackson-databind-2.17.2.jar  jackson-annotations-2.17.2.jar  javax.annotation-api-1.3.2.jar  jackson-datatype-jdk8-2.17.2.jar  javase-3.4.0.jar  core-3.4.0.jar  jai-imageio-core-1.4.0.jar  titanium-json-ld-1.3.3.jar  rdf-urdna-1.1.jar  webauthn4j-core-0.21.5.RELEASE.jar  webauthn4j-util-0.21.5.RELEASE.jar  kerby-asn1-2.0.3.jar  jackson-dataformat-cbor-2.15.2.jar  checker-qual-3.36.0.jar  uap-java-1.5.4.jar  commons-collections4-4.4.jar  microprofile-openapi-api-3.1.1.jar  smallrye-common-annotation-2.6.0.jar  keycloak-model-storage-private-26.0.7.jar  keycloak-config-api-26.0.7.jar  infinispan-commons-15.0.11.Final.jar  protostream-5.0.10.Final.jar  protostream-types-5.0.10.Final.jar  protostream-processor-5.0.10.Final.jar  caffeine-3.1.8.jar  rxjava-3.1.8.jar  quarkus-opentelemetry-3.15.1.jar  quarkus-core-3.15.1.jar  jakarta.enterprise.cdi-api-4.1.0.jar  jakarta.enterprise.lang-model-4.1.0.jar  jakarta.el-api-6.0.0.jar  jakarta.interceptor-api-2.2.0.jar  smallrye-common-os-2.6.0.jar  quarkus-ide-launcher-3.15.1.jar  quarkus-development-mode-spi-3.15.1.jar  smallrye-config-3.9.1.jar  smallrye-config-core-3.9.1.jar  asm-9.7.jar  smallrye-config-common-3.9.1.jar  jboss-logmanager-3.0.6.Final.jar  smallrye-common-cpu-2.2.0.jar  smallrye-common-expression-2.2.0.jar  smallrye-common-function-2.2.0.jar  smallrye-common-net-2.2.0.jar  smallrye-common-ref-2.2.0.jar  jakarta.json-api-2.1.3.jar  parsson-1.1.6.jar  jboss-logging-annotations-3.0.1.Final.jar  jboss-threads-3.6.1.Final.jar  slf4j-jboss-logmanager-2.0.0.Final.jar  wildfly-common-1.7.0.Final.jar  quarkus-bootstrap-runner-3.15.1.jar  quarkus-classloader-commons-3.15.1.jar  smallrye-common-io-2.6.0.jar  org-crac-0.1.3.jar  quarkus-fs-util-0.0.10.jar  quarkus-tls-registry-3.15.1.jar  quarkus-credentials-3.15.1.jar  quarkus-arc-3.15.1.jar  arc-3.15.1.jar  mutiny-2.6.2.jar  jctools-core-4.0.5.jar  microprofile-context-propagation-api-1.3.jar  quarkus-vertx-3.15.1.jar  quarkus-netty-3.15.1.jar  netty-codec-4.1.111.Final.jar  netty-codec-http-4.1.111.Final.jar  netty-codec-http2-4.1.111.Final.jar  netty-handler-4.1.111.Final.jar  netty-transport-native-unix-common-4.1.111.Final.jar  brotli4j-1.16.0.jar  service-1.16.0.jar  native-linux-x86_64-1.16.0.jar  netty-codec-haproxy-4.1.111.Final.jar  netty-buffer-4.1.111.Final.jar  netty-transport-4.1.111.Final.jar  quarkus-mutiny-3.15.1.jar  quarkus-smallrye-context-propagation-3.15.1.jar  smallrye-context-propagation-2.1.2.jar  smallrye-context-propagation-api-2.1.2.jar  smallrye-context-propagation-storage-2.1.2.jar  mutiny-smallrye-context-propagation-2.6.2.jar  quarkus-virtual-threads-3.15.1.jar  quarkus-vertx-latebound-mdc-provider-3.15.1.jar  smallrye-mutiny-vertx-core-3.15.0.jar  smallrye-mutiny-vertx-runtime-3.15.0.jar  vertx-mutiny-generator-3.15.0.jar  vertx-codegen-4.5.10.jar  smallrye-fault-tolerance-vertx-6.4.0.jar  quarkus-security-runtime-spi-3.15.1.jar  quarkus-security-2.1.0.jar  quarkus-grpc-common-3.15.1.jar  jsr305-3.0.2.jar  vertx-grpc-4.5.10.jar  grpc-netty-1.65.0.jar  grpc-util-1.65.0.jar  grpc-protobuf-1.65.0.jar  protobuf-java-3.25.1.jar  proto-google-common-protos-2.29.0.jar  grpc-protobuf-lite-1.65.0.jar  guava-32.1.2-jre.jar  failureaccess-1.0.1.jar  listenablefuture-9999.0-empty-to-avoid-conflict-with-guava.jar  j2objc-annotations-2.8.jar  vertx-grpc-server-4.5.10.jar  grpc-core-1.65.1.jar  perfmark-api-0.26.0.jar  grpc-context-1.65.1.jar  smallrye-common-vertx-context-2.6.0.jar  vertx-core-4.5.9.jar  netty-common-4.1.111.Final.jar  netty-handler-proxy-4.1.111.Final.jar  netty-codec-socks-4.1.111.Final.jar  netty-resolver-4.1.111.Final.jar  netty-resolver-dns-4.1.111.Final.jar  netty-codec-dns-4.1.111.Final.jar  smallrye-common-constraint-2.6.0.jar  opentelemetry-sdk-extension-autoconfigure-1.39.0.jar  opentelemetry-sdk-1.39.0.jar  opentelemetry-api-1.39.0.jar  opentelemetry-context-1.39.0.jar  opentelemetry-sdk-common-1.39.0.jar  opentelemetry-sdk-trace-1.39.0.jar  opentelemetry-sdk-metrics-1.39.0.jar  opentelemetry-sdk-logs-1.39.0.jar  opentelemetry-sdk-extension-autoconfigure-spi-1.39.0.jar  opentelemetry-semconv-1.26.0-alpha.jar  opentelemetry-api-incubator-1.39.0-alpha.jar  opentelemetry-instrumentation-api-2.5.0.jar  opentelemetry-instrumentation-annotations-2.5.0.jar  opentelemetry-instrumentation-annotations-support-2.5.0-alpha.jar  opentelemetry-semconv-incubating-1.25.0-alpha.jar  opentelemetry-instrumentation-api-incubator-2.5.0-alpha.jar  opentelemetry-exporter-otlp-common-1.39.0.jar  opentelemetry-exporter-common-1.39.0.jar  opentelemetry-exporter-otlp-1.39.0.jar  opentelemetry-exporter-sender-okhttp-1.39.0.jar  vertx-grpc-client-4.5.10.jar  vertx-grpc-common-4.5.10.jar  grpc-stub-1.65.0.jar  grpc-api-1.65.0.jar  keycloak-model-jpa-26.0.7.jar  keycloak-model-storage-26.0.7.jar  liquibase-core-4.29.1.jar  opencsv-5.9.jar  jaxb-api-2.3.1.jar  commons-io-2.16.1.jar  jakarta.persistence-api-3.1.0.jar  hibernate-core-6.6.0.Final.jar  hibernate-commons-annotations-7.0.1.Final.jar  classmate-1.5.1.jar  jakarta.xml.bind-api-4.0.0.jar  jaxb-runtime-4.0.2.jar  jakarta.inject-api-2.0.1.jar  antlr4-runtime-4.13.0.jar  slf4j-api-2.0.6.jar  keycloak-admin-client-26.0.3.jar  keycloak-client-common-synced-26.0.3.jar  jackson-datatype-jsr310-2.17.2.jar  resteasy-client-6.2.9.Final.jar  resteasy-client-api-6.2.9.Final.jar  resteasy-core-spi-6.2.9.Final.jar  jakarta.annotation-api-2.1.1.jar  jakarta.validation-api-3.0.2.jar  resteasy-core-6.2.9.Final.jar  jandex-2.4.5.Final.jar  asyncutil-0.1.0.jar  reactive-streams-1.0.4.jar  resteasy-multipart-provider-6.2.9.Final.jar  apache-mime4j-dom-0.8.11.jar  apache-mime4j-core-0.8.11.jar  apache-mime4j-storage-0.8.11.jar  resteasy-jackson2-provider-6.2.9.Final.jar  jackson-jakarta-rs-base-2.15.4.jar  jackson-jakarta-rs-json-provider-2.15.4.jar  jackson-module-jakarta-xmlbind-annotations-2.15.4.jar  json-patch-1.13.jar  msg-simple-1.2.jar  btf-1.3.jar  jackson-coreutils-2.0.jar  resteasy-jaxb-provider-6.2.9.Final.jar  codemodel-4.0.3.jar  jaxb-core-4.0.3.jar  jaxb-jxc-4.0.3.jar  txw2-4.0.3.jar  jaxb-xjc-4.0.3.jar  xsom-4.0.3.jar  istack-commons-runtime-4.1.2.jar  istack-commons-tools-4.1.2.jar  relaxng-datatype-4.0.3.jar  rngom-4.0.3.jar  lombok-1.18.36.jar  smallrye-open-api-jaxrs-4.0.5.jar  smallrye-open-api-core-4.0.5.jar  microprofile-config-api-3.0.3.jar  smallrye-open-api-model-4.0.5.jar  jackson-dataformat-yaml-2.18.2.jar  snakeyaml-2.3.jar  jandex-3.2.3.jar  smallrye-common-classloader-2.8.0.jar  playwright-1.49.0.jar  gson-2.11.0.jar  error_prone_annotations-2.27.0.jar  opentest4j-1.3.0.jar  driver-1.49.0.jar  driver-bundle-1.49.0.jar  junit-jupiter-5.11.4.jar  junit-jupiter-api-5.11.4.jar  junit-platform-commons-1.11.4.jar  apiguardian-api-1.1.2.jar  junit-jupiter-params-5.11.4.jar  junit-jupiter-engine-5.11.4.jar  junit-platform-engine-1.11.4.jar  assertj-core-3.27.2.jar  byte-buddy-1.15.11.jar  junit-jupiter-1.20.4.jar  testcontainers-1.20.4.jar  junit-4.13.2.jar  hamcrest-core-1.3.jar  commons-compress-1.24.0.jar  duct-tape-1.0.8.jar  annotations-17.0.0.jar  docker-java-api-3.4.0.jar  docker-java-transport-zerodep-3.4.0.jar  docker-java-transport-3.4.0.jar  jna-5.13.0.jar  testcontainers-keycloak-3.5.1.jar  quarkus-junit4-mock-3.15.1.jar  shrinkwrap-api-2.0.0-beta-2.jar  shrinkwrap-impl-base-2.0.0-beta-2.jar  shrinkwrap-spi-2.0.0-beta-2.jar  javafaker-1.0.2.jar  snakeyaml-1.23-android.jar  generex-1.0.2.jar  automaton-1.11-8.jar
[DEBUG] provider(compact) classpath:  surefire-junit-platform-3.5.2.jar  surefire-api-3.5.2.jar  surefire-logger-api-3.5.2.jar  surefire-shared-utils-3.5.2.jar  common-java5-3.5.2.jar  junit-platform-launcher-1.11.4.jar
[DEBUG] in-process classpath:  /home/jules/.m2/repository/org/apache/maven/surefire/surefire-junit-platform/3.5.2/surefire-junit-platform-3.5.2.jar  /home/jules/.m2/repository/org/apache/maven/surefire/surefire-api/3.5.2/surefire-api-3.5.2.jar  /home/jules/.m2/repository/org/apache/maven/surefire/surefire-logger-api/3.5.2/surefire-logger-api-3.5.2.jar  /home/jules/.m2/repository/org/apache/maven/surefire/surefire-shared-utils/3.5.2/surefire-shared-utils-3.5.2.jar  /home/jules/.m2/repository/org/apache/maven/surefire/common-java5/3.5.2/common-java5-3.5.2.jar  /home/jules/.m2/repository/org/junit/platform/junit-platform-launcher/1.11.4/junit-platform-launcher-1.11.4.jar  /home/jules/.m2/repository/org/apache/maven/surefire/maven-surefire-common/3.5.2/maven-surefire-common-3.5.2.jar  /home/jules/.m2/repository/org/apache/maven/surefire/surefire-booter/3.5.2/surefire-booter-3.5.2.jar  /home/jules/.m2/repository/org/apache/maven/surefire/surefire-extensions-api/3.5.2/surefire-extensions-api-3.5.2.jar  /home/jules/.m2/repository/org/apache/maven/surefire/surefire-extensions-spi/3.5.2/surefire-extensions-spi-3.5.2.jar
[DEBUG] in-process(compact) classpath:  surefire-junit-platform-3.5.2.jar  surefire-api-3.5.2.jar  surefire-logger-api-3.5.2.jar  surefire-shared-utils-3.5.2.jar  common-java5-3.5.2.jar  junit-platform-launcher-1.11.4.jar  maven-surefire-common-3.5.2.jar  surefire-booter-3.5.2.jar  surefire-extensions-api-3.5.2.jar  surefire-extensions-spi-3.5.2.jar
[INFO]
[INFO] -------------------------------------------------------
[INFO]  T E S T S
[INFO] -------------------------------------------------------
[DEBUG] Determined Maven Process ID 2340
[DEBUG] Fork Channel [1] connection string 'pipe://1' for the implementation class org.apache.maven.plugin.surefire.extensions.LegacyForkChannel
[DEBUG] boot classpath:  /home/jules/.m2/repository/org/apache/maven/surefire/surefire-booter/3.5.2/surefire-booter-3.5.2.jar  /home/jules/.m2/repository/org/apache/maven/surefire/surefire-api/3.5.2/surefire-api-3.5.2.jar  /home/jules/.m2/repository/org/apache/maven/surefire/surefire-extensions-spi/3.5.2/surefire-extensions-spi-3.5.2.jar  /home/jules/.m2/repository/org/apache/maven/surefire/surefire-shared-utils/3.5.2/surefire-shared-utils-3.5.2.jar  /home/jules/.m2/repository/org/apache/maven/surefire/surefire-logger-api/3.5.2/surefire-logger-api-3.5.2.jar  /app/target/test-classes  /app/target/classes  /home/jules/.m2/repository/org/apache/httpcomponents/httpclient/4.5.14/httpclient-4.5.14.jar  /home/jules/.m2/repository/org/apache/httpcomponents/httpcore/4.4.16/httpcore-4.4.16.jar  /home/jules/.m2/repository/commons-logging/commons-logging/1.2/commons-logging-1.2.jar  /home/jules/.m2/repository/commons-codec/commons-codec/1.11/commons-codec-1.11.jar  /home/jules/.m2/repository/org/apache/commons/commons-lang3/3.12.0/commons-lang3-3.12.0.jar  /home/jules/.m2/repository/org/keycloak/keycloak-server-spi/26.0.7/keycloak-server-spi-26.0.7.jar  /home/jules/.m2/repository/org/keycloak/keycloak-server-spi-private/26.0.7/keycloak-server-spi-private-26.0.7.jar  /home/jules/.m2/repository/org/keycloak/keycloak-services/26.0.7/keycloak-services-26.0.7.jar  /home/jules/.m2/repository/org/keycloak/keycloak-core/26.0.7/keycloak-core-26.0.7.jar  /home/jules/.m2/repository/jakarta/mail/jakarta.mail-api/2.1.1/jakarta.mail-api-2.1.1.jar  /home/jules/.m2/repository/jakarta/activation/jakarta.activation-api/2.1.1/jakarta.activation-api-2.1.1.jar  /home/jules/.m2/repository/org/eclipse/angus/angus-mail/2.0.3/angus-mail-2.0.3.jar  /home/jules/.m2/repository/org/eclipse/angus/angus-activation/2.0.2/angus-activation-2.0.2.jar  /home/jules/.m2/repository/org/keycloak/keycloak-common/26.0.7/keycloak-common-26.0.7.jar  /home/jules/.m2/repository/org/twitter4j/twitter4j-core/4.1.2/twitter4j-core-4.1.2.jar  /home/jules/.m2/repository/org/jboss/logging/jboss-logging/3.6.0.Final/jboss-logging-3.6.0.Final.jar  /home/jules/.m2/repository/org/jboss/logging/commons-logging-jboss-logging/1.0.0.Final/commons-logging-jboss-logging-1.0.0.Final.jar  /home/jules/.m2/repository/jakarta/ws/rs/jakarta.ws.rs-api/3.1.0/jakarta.ws.rs-api-3.1.0.jar  /home/jules/.m2/repository/jakarta/transaction/jakarta.transaction-api/2.0.1/jakarta.transaction-api-2.0.1.jar  /home/jules/.m2/repository/jakarta/xml/soap/jakarta.xml.soap-api/3.0.0/jakarta.xml.soap-api-3.0.0.jar  /home/jules/.m2/repository/com/googlecode/owasp-java-html-sanitizer/owasp-java-html-sanitizer/20240325.1/owasp-java-html-sanitizer-20240325.1.jar  /home/jules/.m2/repository/com/googlecode/owasp-java-html-sanitizer/java8-shim/20240325.1/java8-shim-20240325.1.jar  /home/jules/.m2/repository/com/googlecode/owasp-java-html-sanitizer/java10-shim/20240325.1/java10-shim-20240325.1.jar  /home/jules/.m2/repository/com/fasterxml/jackson/core/jackson-core/2.17.2/jackson-core-2.17.2.jar  /home/jules/.m2/repository/com/fasterxml/jackson/core/jackson-databind/2.17.2/jackson-databind-2.17.2.jar  /home/jules/.m2/repository/com/fasterxml/jackson/core/jackson-annotations/2.17.2/jackson-annotations-2.17.2.jar  /home/jules/.m2/repository/javax/annotation/javax.annotation-api/1.3.2/javax.annotation-api-1.3.2.jar  /home/jules/.m2/repository/com/fasterxml/jackson/datatype/jackson-datatype-jdk8/2.17.2/jackson-datatype-jdk8-2.17.2.jar  /home/jules/.m2/repository/com/google/zxing/javase/3.4.0/javase-3.4.0.jar  /home/jules/.m2/repository/com/google/zxing/core/3.4.0/core-3.4.0.jar  /home/jules/.m2/repository/com/github/jai-imageio/jai-imageio-core/1.4.0/jai-imageio-core-1.4.0.jar  /home/jules/.m2/repository/com/apicatalog/titanium-json-ld/1.3.3/titanium-json-ld-1.3.3.jar  /home/jules/.m2/repository/io/setl/rdf-urdna/1.1/rdf-urdna-1.1.jar  /home/jules/.m2/repository/com/webauthn4j/webauthn4j-core/0.21.5.RELEASE/webauthn4j-core-0.21.5.RELEASE.jar  /home/jules/.m2/repository/com/webauthn4j/webauthn4j-util/0.21.5.RELEASE/webauthn4j-util-0.21.5.RELEASE.jar  /home/jules/.m2/repository/org/apache/kerby/kerby-asn1/2.0.3/kerby-asn1-2.0.3.jar  /home/jules/.m2/repository/com/fasterxml/jackson/dataformat/jackson-dataformat-cbor/2.15.2/jackson-dataformat-cbor-2.15.2.jar  /home/jules/.m2/repository/org/checkerframework/checker-qual/3.36.0/checker-qual-3.36.0.jar  /home/jules/.m2/repository/com/github/ua-parser/uap-java/1.5.4/uap-java-1.5.4.jar  /home/jules/.m2/repository/org/apache/commons/commons-collections4/4.4/commons-collections4-4.4.jar  /home/jules/.m2/repository/org/eclipse/microprofile/openapi/microprofile-openapi-api/3.1.1/microprofile-openapi-api-3.1.1.jar  /home/jules/.m2/repository/io/smallrye/common/smallrye-common-annotation/2.6.0/smallrye-common-annotation-2.6.0.jar  /home/jules/.m2/repository/org/keycloak/keycloak-model-storage-private/26.0.7/keycloak-model-storage-private-26.0.7.jar  /home/jules/.m2/repository/org/keycloak/keycloak-config-api/26.0.7/keycloak-config-api-26.0.7.jar  /home/jules/.m2/repository/org/infinispan/infinispan-commons/15.0.11.Final/infinispan-commons-15.0.11.Final.jar  /home/jules/.m2/repository/org/infinispan/protostream/protostream/5.0.10.Final/protostream-5.0.10.Final.jar  /home/jules/.m2/repository/org/infinispan/protostream/protostream-types/5.0.10.Final/protostream-types-5.0.10.Final.jar  /home/jules/.m2/repository/org/infinispan/protostream/protostream-processor/5.0.10.Final/protostream-processor-5.0.10.Final.jar  /home/jules/.m2/repository/com/github/ben-manes/caffeine/caffeine/3.1.8/caffeine-3.1.8.jar  /home/jules/.m2/repository/io/reactivex/rxjava3/rxjava/3.1.8/rxjava-3.1.8.jar  /home/jules/.m2/repository/io/quarkus/quarkus-opentelemetry/3.15.1/quarkus-opentelemetry-3.15.1.jar  /home/jules/.m2/repository/io/quarkus/quarkus-core/3.15.1/quarkus-core-3.15.1.jar  /home/jules/.m2/repository/jakarta/enterprise/jakarta.enterprise.cdi-api/4.1.0/jakarta.enterprise.cdi-api-4.1.0.jar  /home/jules/.m2/repository/jakarta/enterprise/jakarta.enterprise.lang-model/4.1.0/jakarta.enterprise.lang-model-4.1.0.jar  /home/jules/.m2/repository/jakarta/el/jakarta.el-api/6.0.0/jakarta.el-api-6.0.0.jar  /home/jules/.m2/repository/jakarta/interceptor/jakarta.interceptor-api/2.2.0/jakarta.interceptor-api-2.2.0.jar  /home/jules/.m2/repository/io/smallrye/common/smallrye-common-os/2.6.0/smallrye-common-os-2.6.0.jar  /home/jules/.m2/repository/io/quarkus/quarkus-ide-launcher/3.15.1/quarkus-ide-launcher-3.15.1.jar  /home/jules/.m2/repository/io/quarkus/quarkus-development-mode-spi/3.15.1/quarkus-development-mode-spi-3.15.1.jar  /home/jules/.m2/repository/io/smallrye/config/smallrye-config/3.9.1/smallrye-config-3.9.1.jar  /home/jules/.m2/repository/io/smallrye/config/smallrye-config-core/3.9.1/smallrye-config-core-3.9.1.jar  /home/jules/.m2/repository/org/ow2/asm/asm/9.7/asm-9.7.jar  /home/jules/.m2/repository/io/smallrye/config/smallrye-config-common/3.9.1/smallrye-config-common-3.9.1.jar  /home/jules/.m2/repository/org/jboss/logmanager/jboss-logmanager/3.0.6.Final/jboss-logmanager-3.0.6.Final.jar  /home/jules/.m2/repository/io/smallrye/common/smallrye-common-cpu/2.2.0/smallrye-common-cpu-2.2.0.jar  /home/jules/.m2/repository/io/smallrye/common/smallrye-common-expression/2.2.0/smallrye-common-expression-2.2.0.jar  /home/jules/.m2/repository/io/smallrye/common/smallrye-common-function/2.2.0/smallrye-common-function-2.2.0.jar  /home/jules/.m2/repository/io/smallrye/common/smallrye-common-net/2.2.0/smallrye-common-net-2.2.0.jar  /home/jules/.m2/repository/io/smallrye/common/smallrye-common-ref/2.2.0/smallrye-common-ref-2.2.0.jar  /home/jules/.m2/repository/jakarta/json/jakarta.json-api/2.1.3/jakarta.json-api-2.1.3.jar  /home/jules/.m2/repository/org/eclipse/parsson/parsson/1.1.6/parsson-1.1.6.jar  /home/jules/.m2/repository/org/jboss/logging/jboss-logging-annotations/3.0.1.Final/jboss-logging-annotations-3.0.1.Final.jar  /home/jules/.m2/repository/org/jboss/threads/jboss-threads/3.6.1.Final/jboss-threads-3.6.1.Final.jar  /home/jules/.m2/repository/org/jboss/slf4j/slf4j-jboss-logmanager/2.0.0.Final/slf4j-jboss-logmanager-2.0.0.Final.jar  /home/jules/.m2/repository/org/wildfly/common/wildfly-common/1.7.0.Final/wildfly-common-1.7.0.Final.jar  /home/jules/.m2/repository/io/quarkus/quarkus-bootstrap-runner/3.15.1/quarkus-bootstrap-runner-3.15.1.jar  /home/jules/.m2/repository/io/quarkus/quarkus-classloader-commons/3.15.1/quarkus-classloader-commons-3.15.1.jar  /home/jules/.m2/repository/io/smallrye/common/smallrye-common-io/2.6.0/smallrye-common-io-2.6.0.jar  /home/jules/.m2/repository/io/github/crac/org-crac/0.1.3/org-crac-0.1.3.jar  /home/jules/.m2/repository/io/quarkus/quarkus-fs-util/0.0.10/quarkus-fs-util-0.0.10.jar  /home/jules/.m2/repository/io/quarkus/quarkus-tls-registry/3.15.1/quarkus-tls-registry-3.15.1.jar  /home/jules/.m2/repository/io/quarkus/quarkus-credentials/3.15.1/quarkus-credentials-3.15.1.jar  /home/jules/.m2/repository/io/quarkus/quarkus-arc/3.15.1/quarkus-arc-3.15.1.jar  /home/jules/.m2/repository/io/quarkus/arc/arc/3.15.1/arc-3.15.1.jar  /home/jules/.m2/repository/io/smallrye/reactive/mutiny/2.6.2/mutiny-2.6.2.jar  /home/jules/.m2/repository/org/jctools/jctools-core/4.0.5/jctools-core-4.0.5.jar  /home/jules/.m2/repository/org/eclipse/microprofile/context-propagation/microprofile-context-propagation-api/1.3/microprofile-context-propagation-api-1.3.jar  /home/jules/.m2/repository/io/quarkus/quarkus-vertx/3.15.1/quarkus-vertx-3.15.1.jar  /home/jules/.m2/repository/io/quarkus/quarkus-netty/3.15.1/quarkus-netty-3.15.1.jar  /home/jules/.m2/repository/io/netty/netty-codec/4.1.111.Final/netty-codec-4.1.111.Final.jar  /home/jules/.m2/repository/io/netty/netty-codec-http/4.1.111.Final/netty-codec-http-4.1.111.Final.jar  /home/jules/.m2/repository/io/netty/netty-codec-http2/4.1.111.Final/netty-codec-http2-4.1.111.Final.jar  /home/jules/.m2/repository/io/netty/netty-handler/4.1.111.Final/netty-handler-4.1.111.Final.jar  /home/jules/.m2/repository/io/netty/netty-transport-native-unix-common/4.1.111.Final/netty-transport-native-unix-common-4.1.111.Final.jar  /home/jules/.m2/repository/com/aayushatharva/brotli4j/brotli4j/1.16.0/brotli4j-1.16.0.jar  /home/jules/.m2/repository/com/aayushatharva/brotli4j/service/1.16.0/service-1.16.0.jar  /home/jules/.m2/repository/com/aayushatharva/brotli4j/native-linux-x86_64/1.16.0/native-linux-x86_64-1.16.0.jar  /home/jules/.m2/repository/io/netty/netty-codec-haproxy/4.1.111.Final/netty-codec-haproxy-4.1.111.Final.jar  /home/jules/.m2/repository/io/netty/netty-buffer/4.1.111.Final/netty-buffer-4.1.111.Final.jar  /home/jules/.m2/repository/io/netty/netty-transport/4.1.111.Final/netty-transport-4.1.111.Final.jar  /home/jules/.m2/repository/io/quarkus/quarkus-mutiny/3.15.1/quarkus-mutiny-3.15.1.jar  /home/jules/.m2/repository/io/quarkus/quarkus-smallrye-context-propagation/3.15.1/quarkus-smallrye-context-propagation-3.15.1.jar  /home/jules/.m2/repository/io/smallrye/smallrye-context-propagation/2.1.2/smallrye-context-propagation-2.1.2.jar  /home/jules/.m2/repository/io/smallrye/smallrye-context-propagation-api/2.1.2/smallrye-context-propagation-api-2.1.2.jar  /home/jules/.m2/repository/io/smallrye/smallrye-context-propagation-storage/2.1.2/smallrye-context-propagation-storage-2.1.2.jar  /home/jules/.m2/repository/io/smallrye/reactive/mutiny-smallrye-context-propagation/2.6.2/mutiny-smallrye-context-propagation-2.6.2.jar  /home/jules/.m2/repository/io/quarkus/quarkus-virtual-threads/3.15.1/quarkus-virtual-threads-3.15.1.jar  /home/jules/.m2/repository/io/quarkus/quarkus-vertx-latebound-mdc-provider/3.15.1/quarkus-vertx-latebound-mdc-provider-3.15.1.jar  /home/jules/.m2/repository/io/smallrye/reactive/smallrye-mutiny-vertx-core/3.15.0/smallrye-mutiny-vertx-core-3.15.0.jar  /home/jules/.m2/repository/io/smallrye/reactive/smallrye-mutiny-vertx-runtime/3.15.0/smallrye-mutiny-vertx-runtime-3.15.0.jar  /home/jules/.m2/repository/io/smallrye/reactive/vertx-mutiny-generator/3.15.0/vertx-mutiny-generator-3.15.0.jar  /home/jules/.m2/repository/io/vertx/vertx-codegen/4.5.10/vertx-codegen-4.5.10.jar  /home/jules/.m2/repository/io/smallrye/smallrye-fault-tolerance-vertx/6.4.0/smallrye-fault-tolerance-vertx-6.4.0.jar  /home/jules/.m2/repository/io/quarkus/quarkus-security-runtime-spi/3.15.1/quarkus-security-runtime-spi-3.15.1.jar  /home/jules/.m2/repository/io/quarkus/security/quarkus-security/2.1.0/quarkus-security-2.1.0.jar  /home/jules/.m2/repository/io/quarkus/quarkus-grpc-common/3.15.1/quarkus-grpc-common-3.15.1.jar  /home/jules/.m2/repository/com/google/code/findbugs/jsr305/3.0.2/jsr305-3.0.2.jar  /home/jules/.m2/repository/io/vertx/vertx-grpc/4.5.10/vertx-grpc-4.5.10.jar  /home/jules/.m2/repository/io/grpc/grpc-netty/1.65.0/grpc-netty-1.65.0.jar  /home/jules/.m2/repository/io/grpc/grpc-util/1.65.0/grpc-util-1.65.0.jar  /home/jules/.m2/repository/io/grpc/grpc-protobuf/1.65.0/grpc-protobuf-1.65.0.jar  /home/jules/.m2/repository/com/google/protobuf/protobuf-java/3.25.1/protobuf-java-3.25.1.jar  /home/jules/.m2/repository/com/google/api/grpc/proto-google-common-protos/2.29.0/proto-google-common-protos-2.29.0.jar  /home/jules/.m2/repository/io/grpc/grpc-protobuf-lite/1.65.0/grpc-protobuf-lite-1.65.0.jar  /home/jules/.m2/repository/com/google/guava/guava/32.1.2-jre/guava-32.1.2-jre.jar  /home/jules/.m2/repository/com/google/guava/failureaccess/1.0.1/failureaccess-1.0.1.jar  /home/jules/.m2/repository/com/google/guava/listenablefuture/9999.0-empty-to-avoid-conflict-with-guava/listenablefuture-9999.0-empty-to-avoid-conflict-with-guava.jar  /home/jules/.m2/repository/com/google/j2objc/j2objc-annotations/2.8/j2objc-annotations-2.8.jar  /home/jules/.m2/repository/io/vertx/vertx-grpc-server/4.5.10/vertx-grpc-server-4.5.10.jar  /home/jules/.m2/repository/io/grpc/grpc-core/1.65.1/grpc-core-1.65.1.jar  /home/jules/.m2/repository/io/perfmark/perfmark-api/0.26.0/perfmark-api-0.26.0.jar  /home/jules/.m2/repository/io/grpc/grpc-context/1.65.1/grpc-context-1.65.1.jar  /home/jules/.m2/repository/io/smallrye/common/smallrye-common-vertx-context/2.6.0/smallrye-common-vertx-context-2.6.0.jar  /home/jules/.m2/repository/io/vertx/vertx-core/4.5.9/vertx-core-4.5.9.jar  /home/jules/.m2/repository/io/netty/netty-common/4.1.111.Final/netty-common-4.1.111.Final.jar  /home/jules/.m2/repository/io/netty/netty-handler-proxy/4.1.111.Final/netty-handler-proxy-4.1.111.Final.jar  /home/jules/.m2/repository/io/netty/netty-codec-socks/4.1.111.Final/netty-codec-socks-4.1.111.Final.jar  /home/jules/.m2/repository/io/netty/netty-resolver/4.1.111.Final/netty-resolver-4.1.111.Final.jar  /home/jules/.m2/repository/io/netty/netty-resolver-dns/4.1.111.Final/netty-resolver-dns-4.1.111.Final.jar  /home/jules/.m2/repository/io/netty/netty-codec-dns/4.1.111.Final/netty-codec-dns-4.1.111.Final.jar  /home/jules/.m2/repository/io/smallrye/common/smallrye-common-constraint/2.6.0/smallrye-common-constraint-2.6.0.jar  /home/jules/.m2/repository/io/opentelemetry/opentelemetry-sdk-extension-autoconfigure/1.39.0/opentelemetry-sdk-extension-autoconfigure-1.39.0.jar  /home/jules/.m2/repository/io/opentelemetry/opentelemetry-sdk/1.39.0/opentelemetry-sdk-1.39.0.jar  /home/jules/.m2/repository/io/opentelemetry/opentelemetry-api/1.39.0/opentelemetry-api-1.39.0.jar  /home/jules/.m2/repository/io/opentelemetry/opentelemetry-context/1.39.0/opentelemetry-context-1.39.0.jar  /home/jules/.m2/repository/io/opentelemetry/opentelemetry-sdk-common/1.39.0/opentelemetry-sdk-common-1.39.0.jar  /home/jules/.m2/repository/io/opentelemetry/opentelemetry-sdk-trace/1.39.0/opentelemetry-sdk-trace-1.39.0.jar  /home/jules/.m2/repository/io/opentelemetry/opentelemetry-sdk-metrics/1.39.0/opentelemetry-sdk-metrics-1.39.0.jar  /home/jules/.m2/repository/io/opentelemetry/opentelemetry-sdk-logs/1.39.0/opentelemetry-sdk-logs-1.39.0.jar  /home/jules/.m2/repository/io/opentelemetry/opentelemetry-sdk-extension-autoconfigure-spi/1.39.0/opentelemetry-sdk-extension-autoconfigure-spi-1.39.0.jar  /home/jules/.m2/repository/io/opentelemetry/semconv/opentelemetry-semconv/1.26.0-alpha/opentelemetry-semconv-1.26.0-alpha.jar  /home/jules/.m2/repository/io/opentelemetry/opentelemetry-api-incubator/1.39.0-alpha/opentelemetry-api-incubator-1.39.0-alpha.jar  /home/jules/.m2/repository/io/opentelemetry/instrumentation/opentelemetry-instrumentation-api/2.5.0/opentelemetry-instrumentation-api-2.5.0.jar  /home/jules/.m2/repository/io/opentelemetry/instrumentation/opentelemetry-instrumentation-annotations/2.5.0/opentelemetry-instrumentation-annotations-2.5.0.jar  /home/jules/.m2/repository/io/opentelemetry/instrumentation/opentelemetry-instrumentation-annotations-support/2.5.0-alpha/opentelemetry-instrumentation-annotations-support-2.5.0-alpha.jar  /home/jules/.m2/repository/io/opentelemetry/semconv/opentelemetry-semconv-incubating/1.25.0-alpha/opentelemetry-semconv-incubating-1.25.0-alpha.jar  /home/jules/.m2/repository/io/opentelemetry/instrumentation/opentelemetry-instrumentation-api-incubator/2.5.0-alpha/opentelemetry-instrumentation-api-incubator-2.5.0-alpha.jar  /home/jules/.m2/repository/io/opentelemetry/opentelemetry-exporter-otlp-common/1.39.0/opentelemetry-exporter-otlp-common-1.39.0.jar  /home/jules/.m2/repository/io/opentelemetry/opentelemetry-exporter-common/1.39.0/opentelemetry-exporter-common-1.39.0.jar  /home/jules/.m2/repository/io/opentelemetry/opentelemetry-exporter-otlp/1.39.0/opentelemetry-exporter-otlp-1.39.0.jar  /home/jules/.m2/repository/io/opentelemetry/opentelemetry-exporter-sender-okhttp/1.39.0/opentelemetry-exporter-sender-okhttp-1.39.0.jar  /home/jules/.m2/repository/io/vertx/vertx-grpc-client/4.5.10/vertx-grpc-client-4.5.10.jar  /home/jules/.m2/repository/io/vertx/vertx-grpc-common/4.5.10/vertx-grpc-common-4.5.10.jar  /home/jules/.m2/repository/io/grpc/grpc-stub/1.65.0/grpc-stub-1.65.0.jar  /home/jules/.m2/repository/io/grpc/grpc-api/1.65.0/grpc-api-1.65.0.jar  /home/jules/.m2/repository/org/keycloak/keycloak-model-jpa/26.0.7/keycloak-model-jpa-26.0.7.jar  /home/jules/.m2/repository/org/keycloak/keycloak-model-storage/26.0.7/keycloak-model-storage-26.0.7.jar  /home/jules/.m2/repository/org/liquibase/liquibase-core/4.29.1/liquibase-core-4.29.1.jar  /home/jules/.m2/repository/com/opencsv/opencsv/5.9/opencsv-5.9.jar  /home/jules/.m2/repository/javax/xml/bind/jaxb-api/2.3.1/jaxb-api-2.3.1.jar  /home/jules/.m2/repository/commons-io/commons-io/2.16.1/commons-io-2.16.1.jar  /home/jules/.m2/repository/jakarta/persistence/jakarta.persistence-api/3.1.0/jakarta.persistence-api-3.1.0.jar  /home/jules/.m2/repository/org/hibernate/orm/hibernate-core/6.6.0.Final/hibernate-core-6.6.0.Final.jar  /home/jules/.m2/repository/org/hibernate/common/hibernate-commons-annotations/7.0.1.Final/hibernate-commons-annotations-7.0.1.Final.jar  /home/jules/.m2/repository/com/fasterxml/classmate/1.5.1/classmate-1.5.1.jar  /home/jules/.m2/repository/jakarta/xml/bind/jakarta.xml.bind-api/4.0.0/jakarta.xml.bind-api-4.0.0.jar  /home/jules/.m2/repository/org/glassfish/jaxb/jaxb-runtime/4.0.2/jaxb-runtime-4.0.2.jar  /home/jules/.m2/repository/jakarta/inject/jakarta.inject-api/2.0.1/jakarta.inject-api-2.0.1.jar  /home/jules/.m2/repository/org/antlr/antlr4-runtime/4.13.0/antlr4-runtime-4.13.0.jar  /home/jules/.m2/repository/org/slf4j/slf4j-api/2.0.6/slf4j-api-2.0.6.jar  /home/jules/.m2/repository/org/keycloak/keycloak-admin-client/26.0.3/keycloak-admin-client-26.0.3.jar  /home/jules/.m2/repository/org/keycloak/keycloak-client-common-synced/26.0.3/keycloak-client-common-synced-26.0.3.jar  /home/jules/.m2/repository/com/fasterxml/jackson/datatype/jackson-datatype-jsr310/2.17.2/jackson-datatype-jsr310-2.17.2.jar  /home/jules/.m2/repository/org/jboss/resteasy/resteasy-client/6.2.9.Final/resteasy-client-6.2.9.Final.jar  /home/jules/.m2/repository/org/jboss/resteasy/resteasy-client-api/6.2.9.Final/resteasy-client-api-6.2.9.Final.jar  /home/jules/.m2/repository/org/jboss/resteasy/resteasy-core-spi/6.2.9.Final/resteasy-core-spi-6.2.9.Final.jar  /home/jules/.m2/repository/jakarta/annotation/jakarta.annotation-api/2.1.1/jakarta.annotation-api-2.1.1.jar  /home/jules/.m2/repository/jakarta/validation/jakarta.validation-api/3.0.2/jakarta.validation-api-3.0.2.jar  /home/jules/.m2/repository/org/jboss/resteasy/resteasy-core/6.2.9.Final/resteasy-core-6.2.9.Final.jar  /home/jules/.m2/repository/org/jboss/jandex/2.4.5.Final/jandex-2.4.5.Final.jar  /home/jules/.m2/repository/com/ibm/async/asyncutil/0.1.0/asyncutil-0.1.0.jar  /home/jules/.m2/repository/org/reactivestreams/reactive-streams/1.0.4/reactive-streams-1.0.4.jar  /home/jules/.m2/repository/org/jboss/resteasy/resteasy-multipart-provider/6.2.9.Final/resteasy-multipart-provider-6.2.9.Final.jar  /home/jules/.m2/repository/org/apache/james/apache-mime4j-dom/0.8.11/apache-mime4j-dom-0.8.11.jar  /home/jules/.m2/repository/org/apache/james/apache-mime4j-core/0.8.11/apache-mime4j-core-0.8.11.jar  /home/jules/.m2/repository/org/apache/james/apache-mime4j-storage/0.8.11/apache-mime4j-storage-0.8.11.jar  /home/jules/.m2/repository/org/jboss/resteasy/resteasy-jackson2-provider/6.2.9.Final/resteasy-jackson2-provider-6.2.9.Final.jar  /home/jules/.m2/repository/com/fasterxml/jackson/jakarta/rs/jackson-jakarta-rs-base/2.15.4/jackson-jakarta-rs-base-2.15.4.jar  /home/jules/.m2/repository/com/fasterxml/jackson/jakarta/rs/jackson-jakarta-rs-json-provider/2.15.4/jackson-jakarta-rs-json-provider-2.15.4.jar  /home/jules/.m2/repository/com/fasterxml/jackson/module/jackson-module-jakarta-xmlbind-annotations/2.15.4/jackson-module-jakarta-xmlbind-annotations-2.15.4.jar  /home/jules/.m2/repository/com/github/java-json-tools/json-patch/1.13/json-patch-1.13.jar  /home/jules/.m2/repository/com/github/java-json-tools/msg-simple/1.2/msg-simple-1.2.jar  /home/jules/.m2/repository/com/github/java-json-tools/btf/1.3/btf-1.3.jar  /home/jules/.m2/repository/com/github/java-json-tools/jackson-coreutils/2.0/jackson-coreutils-2.0.jar  /home/jules/.m2/repository/org/jboss/resteasy/resteasy-jaxb-provider/6.2.9.Final/resteasy-jaxb-provider-6.2.9.Final.jar  /home/jules/.m2/repository/org/glassfish/jaxb/codemodel/4.0.3/codemodel-4.0.3.jar  /home/jules/.m2/repository/org/glassfish/jaxb/jaxb-core/4.0.3/jaxb-core-4.0.3.jar  /home/jules/.m2/repository/org/glassfish/jaxb/jaxb-jxc/4.0.3/jaxb-jxc-4.0.3.jar  /home/jules/.m2/repository/org/glassfish/jaxb/txw2/4.0.3/txw2-4.0.3.jar  /home/jules/.m2/repository/org/glassfish/jaxb/jaxb-xjc/4.0.3/jaxb-xjc-4.0.3.jar  /home/jules/.m2/repository/org/glassfish/jaxb/xsom/4.0.3/xsom-4.0.3.jar  /home/jules/.m2/repository/com/sun/istack/istack-commons-runtime/4.1.2/istack-commons-runtime-4.1.2.jar  /home/jules/.m2/repository/com/sun/istack/istack-commons-tools/4.1.2/istack-commons-tools-4.1.2.jar  /home/jules/.m2/repository/com/sun/xml/bind/external/relaxng-datatype/4.0.3/relaxng-datatype-4.0.3.jar  /home/jules/.m2/repository/com/sun/xml/bind/external/rngom/4.0.3/rngom-4.0.3.jar  /home/jules/.m2/repository/org/projectlombok/lombok/1.18.36/lombok-1.18.36.jar  /home/jules/.m2/repository/io/smallrye/smallrye-open-api-jaxrs/4.0.5/smallrye-open-api-jaxrs-4.0.5.jar  /home/jules/.m2/repository/io/smallrye/smallrye-open-api-core/4.0.5/smallrye-open-api-core-4.0.5.jar  /home/jules/.m2/repository/org/eclipse/microprofile/config/microprofile-config-api/3.0.3/microprofile-config-api-3.0.3.jar  /home/jules/.m2/repository/io/smallrye/smallrye-open-api-model/4.0.5/smallrye-open-api-model-4.0.5.jar  /home/jules/.m2/repository/com/fasterxml/jackson/dataformat/jackson-dataformat-yaml/2.18.2/jackson-dataformat-yaml-2.18.2.jar  /home/jules/.m2/repository/org/yaml/snakeyaml/2.3/snakeyaml-2.3.jar  /home/jules/.m2/repository/io/smallrye/jandex/3.2.3/jandex-3.2.3.jar  /home/jules/.m2/repository/io/smallrye/common/smallrye-common-classloader/2.8.0/smallrye-common-classloader-2.8.0.jar  /home/jules/.m2/repository/com/microsoft/playwright/playwright/1.49.0/playwright-1.49.0.jar  /home/jules/.m2/repository/com/google/code/gson/gson/2.11.0/gson-2.11.0.jar  /home/jules/.m2/repository/com/google/errorprone/error_prone_annotations/2.27.0/error_prone_annotations-2.27.0.jar  /home/jules/.m2/repository/org/opentest4j/opentest4j/1.3.0/opentest4j-1.3.0.jar  /home/jules/.m2/repository/com/microsoft/playwright/driver/1.49.0/driver-1.49.0.jar  /home/jules/.m2/repository/com/microsoft/playwright/driver-bundle/1.49.0/driver-bundle-1.49.0.jar  /home/jules/.m2/repository/org/junit/jupiter/junit-jupiter/5.11.4/junit-jupiter-5.11.4.jar  /home/jules/.m2/repository/org/junit/jupiter/junit-jupiter-api/5.11.4/junit-jupiter-api-5.11.4.jar  /home/jules/.m2/repository/org/junit/platform/junit-platform-commons/1.11.4/junit-platform-commons-1.11.4.jar  /home/jules/.m2/repository/org/apiguardian/apiguardian-api/1.1.2/apiguardian-api-1.1.2.jar  /home/jules/.m2/repository/org/junit/jupiter/junit-jupiter-params/5.11.4/junit-jupiter-params-5.11.4.jar  /home/jules/.m2/repository/org/junit/jupiter/junit-jupiter-engine/5.11.4/junit-jupiter-engine-5.11.4.jar  /home/jules/.m2/repository/org/junit/platform/junit-platform-engine/1.11.4/junit-platform-engine-1.11.4.jar  /home/jules/.m2/repository/org/assertj/assertj-core/3.27.2/assertj-core-3.27.2.jar  /home/jules/.m2/repository/net/bytebuddy/byte-buddy/1.15.11/byte-buddy-1.15.11.jar  /home/jules/.m2/repository/org/testcontainers/junit-jupiter/1.20.4/junit-jupiter-1.20.4.jar  /home/jules/.m2/repository/org/testcontainers/testcontainers/1.20.4/testcontainers-1.20.4.jar  /home/jules/.m2/repository/junit/junit/4.13.2/junit-4.13.2.jar  /home/jules/.m2/repository/org/hamcrest/hamcrest-core/1.3/hamcrest-core-1.3.jar  /home/jules/.m2/repository/org/apache/commons/commons-compress/1.24.0/commons-compress-1.24.0.jar  /home/jules/.m2/repository/org/rnorth/duct-tape/duct-tape/1.0.8/duct-tape-1.0.8.jar  /home/jules/.m2/repository/org/jetbrains/annotations/17.0.0/annotations-17.0.0.jar  /home/jules/.m2/repository/com/github/docker-java/docker-java-api/3.4.0/docker-java-api-3.4.0.jar  /home/jules/.m2/repository/com/github/docker-java/docker-java-transport-zerodep/3.4.0/docker-java-transport-zerodep-3.4.0.jar  /home/jules/.m2/repository/com/github/docker-java/docker-java-transport/3.4.0/docker-java-transport-3.4.0.jar  /home/jules/.m2/repository/net/java/dev/jna/jna/5.13.0/jna-5.13.0.jar  /home/jules/.m2/repository/com/github/dasniko/testcontainers-keycloak/3.5.1/testcontainers-keycloak-3.5.1.jar  /home/jules/.m2/repository/io/quarkus/quarkus-junit4-mock/3.15.1/quarkus-junit4-mock-3.15.1.jar  /home/jules/.m2/repository/org/jboss/shrinkwrap/shrinkwrap-api/2.0.0-beta-2/shrinkwrap-api-2.0.0-beta-2.jar  /home/jules/.m2/repository/org/jboss/shrinkwrap/shrinkwrap-impl-base/2.0.0-beta-2/shrinkwrap-impl-base-2.0.0-beta-2.jar  /home/jules/.m2/repository/org/jboss/shrinkwrap/shrinkwrap-spi/2.0.0-beta-2/shrinkwrap-spi-2.0.0-beta-2.jar  /home/jules/.m2/repository/com/github/javafaker/javafaker/1.0.2/javafaker-1.0.2.jar  /home/jules/.m2/repository/org/yaml/snakeyaml/1.23/snakeyaml-1.23-android.jar  /home/jules/.m2/repository/com/github/mifmif/generex/1.0.2/generex-1.0.2.jar  /home/jules/.m2/repository/dk/brics/automaton/automaton/1.11-8/automaton-1.11-8.jar  /home/jules/.m2/repository/org/apache/maven/surefire/surefire-junit-platform/3.5.2/surefire-junit-platform-3.5.2.jar  /home/jules/.m2/repository/org/apache/maven/surefire/common-java5/3.5.2/common-java5-3.5.2.jar  /home/jules/.m2/repository/org/junit/platform/junit-platform-launcher/1.11.4/junit-platform-launcher-1.11.4.jar
[DEBUG] boot(compact) classpath:  surefire-booter-3.5.2.jar  surefire-api-3.5.2.jar  surefire-extensions-spi-3.5.2.jar  surefire-shared-utils-3.5.2.jar  surefire-logger-api-3.5.2.jar  test-classes  classes  httpclient-4.5.14.jar  httpcore-4.4.16.jar  commons-logging-1.2.jar  commons-codec-1.11.jar  commons-lang3-3.12.0.jar  keycloak-server-spi-26.0.7.jar  keycloak-server-spi-private-26.0.7.jar  keycloak-services-26.0.7.jar  keycloak-core-26.0.7.jar  jakarta.mail-api-2.1.1.jar  jakarta.activation-api-2.1.1.jar  angus-mail-2.0.3.jar  angus-activation-2.0.2.jar  keycloak-common-26.0.7.jar  twitter4j-core-4.1.2.jar  jboss-logging-3.6.0.Final.jar  commons-logging-jboss-logging-1.0.0.Final.jar  jakarta.ws.rs-api-3.1.0.jar  jakarta.transaction-api-2.0.1.jar  jakarta.xml.soap-api-3.0.0.jar  owasp-java-html-sanitizer-20240325.1.jar  java8-shim-20240325.1.jar  java10-shim-20240325.1.jar  jackson-core-2.17.2.jar  jackson-databind-2.17.2.jar  jackson-annotations-2.17.2.jar  javax.annotation-api-1.3.2.jar  jackson-datatype-jdk8-2.17.2.jar  javase-3.4.0.jar  core-3.4.0.jar  jai-imageio-core-1.4.0.jar  titanium-json-ld-1.3.3.jar  rdf-urdna-1.1.jar  webauthn4j-core-0.21.5.RELEASE.jar  webauthn4j-util-0.21.5.RELEASE.jar  kerby-asn1-2.0.3.jar  jackson-dataformat-cbor-2.15.2.jar  checker-qual-3.36.0.jar  uap-java-1.5.4.jar  commons-collections4-4.4.jar  microprofile-openapi-api-3.1.1.jar  smallrye-common-annotation-2.6.0.jar  keycloak-model-storage-private-26.0.7.jar  keycloak-config-api-26.0.7.jar  infinispan-commons-15.0.11.Final.jar  protostream-5.0.10.Final.jar  protostream-types-5.0.10.Final.jar  protostream-processor-5.0.10.Final.jar  caffeine-3.1.8.jar  rxjava-3.1.8.jar  quarkus-opentelemetry-3.15.1.jar  quarkus-core-3.15.1.jar  jakarta.enterprise.cdi-api-4.1.0.jar  jakarta.enterprise.lang-model-4.1.0.jar  jakarta.el-api-6.0.0.jar  jakarta.interceptor-api-2.2.0.jar  smallrye-common-os-2.6.0.jar  quarkus-ide-launcher-3.15.1.jar  quarkus-development-mode-spi-3.15.1.jar  smallrye-config-3.9.1.jar  smallrye-config-core-3.9.1.jar  asm-9.7.jar  smallrye-config-common-3.9.1.jar  jboss-logmanager-3.0.6.Final.jar  smallrye-common-cpu-2.2.0.jar  smallrye-common-expression-2.2.0.jar  smallrye-common-function-2.2.0.jar  smallrye-common-net-2.2.0.jar  smallrye-common-ref-2.2.0.jar  jakarta.json-api-2.1.3.jar  parsson-1.1.6.jar  jboss-logging-annotations-3.0.1.Final.jar  jboss-threads-3.6.1.Final.jar  slf4j-jboss-logmanager-2.0.0.Final.jar  wildfly-common-1.7.0.Final.jar  quarkus-bootstrap-runner-3.15.1.jar  quarkus-classloader-commons-3.15.1.jar  smallrye-common-io-2.6.0.jar  org-crac-0.1.3.jar  quarkus-fs-util-0.0.10.jar  quarkus-tls-registry-3.15.1.jar  quarkus-credentials-3.15.1.jar  quarkus-arc-3.15.1.jar  arc-3.15.1.jar  mutiny-2.6.2.jar  jctools-core-4.0.5.jar  microprofile-context-propagation-api-1.3.jar  quarkus-vertx-3.15.1.jar  quarkus-netty-3.15.1.jar  netty-codec-4.1.111.Final.jar  netty-codec-http-4.1.111.Final.jar  netty-codec-http2-4.1.111.Final.jar  netty-handler-4.1.111.Final.jar  netty-transport-native-unix-common-4.1.111.Final.jar  brotli4j-1.16.0.jar  service-1.16.0.jar  native-linux-x86_64-1.16.0.jar  netty-codec-haproxy-4.1.111.Final.jar  netty-buffer-4.1.111.Final.jar  netty-transport-4.1.111.Final.jar  quarkus-mutiny-3.15.1.jar  quarkus-smallrye-context-propagation-3.15.1.jar  smallrye-context-propagation-2.1.2.jar  smallrye-context-propagation-api-2.1.2.jar  smallrye-context-propagation-storage-2.1.2.jar  mutiny-smallrye-context-propagation-2.6.2.jar  quarkus-virtual-threads-3.15.1.jar  quarkus-vertx-latebound-mdc-provider-3.15.1.jar  smallrye-mutiny-vertx-core-3.15.0.jar  smallrye-mutiny-vertx-runtime-3.15.0.jar  vertx-mutiny-generator-3.15.0.jar  vertx-codegen-4.5.10.jar  smallrye-fault-tolerance-vertx-6.4.0.jar  quarkus-security-runtime-spi-3.15.1.jar  quarkus-security-2.1.0.jar  quarkus-grpc-common-3.15.1.jar  jsr305-3.0.2.jar  vertx-grpc-4.5.10.jar  grpc-netty-1.65.0.jar  grpc-util-1.65.0.jar  grpc-protobuf-1.65.0.jar  protobuf-java-3.25.1.jar  proto-google-common-protos-2.29.0.jar  grpc-protobuf-lite-1.65.0.jar  guava-32.1.2-jre.jar  failureaccess-1.0.1.jar  listenablefuture-9999.0-empty-to-avoid-conflict-with-guava.jar  j2objc-annotations-2.8.jar  vertx-grpc-server-4.5.10.jar  grpc-core-1.65.1.jar  perfmark-api-0.26.0.jar  grpc-context-1.65.1.jar  smallrye-common-vertx-context-2.6.0.jar  vertx-core-4.5.9.jar  netty-common-4.1.111.Final.jar  netty-handler-proxy-4.1.111.Final.jar  netty-codec-socks-4.1.111.Final.jar  netty-resolver-4.1.111.Final.jar  netty-resolver-dns-4.1.111.Final.jar  netty-codec-dns-4.1.111.Final.jar  smallrye-common-constraint-2.6.0.jar  opentelemetry-sdk-extension-autoconfigure-1.39.0.jar  opentelemetry-sdk-1.39.0.jar  opentelemetry-api-1.39.0.jar  opentelemetry-context-1.39.0.jar  opentelemetry-sdk-common-1.39.0.jar  opentelemetry-sdk-trace-1.39.0.jar  opentelemetry-sdk-metrics-1.39.0.jar  opentelemetry-sdk-logs-1.39.0.jar  opentelemetry-sdk-extension-autoconfigure-spi-1.39.0.jar  opentelemetry-semconv-1.26.0-alpha.jar  opentelemetry-api-incubator-1.39.0-alpha.jar  opentelemetry-instrumentation-api-2.5.0.jar  opentelemetry-instrumentation-annotations-2.5.0.jar  opentelemetry-instrumentation-annotations-support-2.5.0-alpha.jar  opentelemetry-semconv-incubating-1.25.0-alpha.jar  opentelemetry-instrumentation-api-incubator-2.5.0-alpha.jar  opentelemetry-exporter-otlp-common-1.39.0.jar  opentelemetry-exporter-common-1.39.0.jar  opentelemetry-exporter-otlp-1.39.0.jar  opentelemetry-exporter-sender-okhttp-1.39.0.jar  vertx-grpc-client-4.5.10.jar  vertx-grpc-common-4.5.10.jar  grpc-stub-1.65.0.jar  grpc-api-1.65.0.jar  keycloak-model-jpa-26.0.7.jar  keycloak-model-storage-26.0.7.jar  liquibase-core-4.29.1.jar  opencsv-5.9.jar  jaxb-api-2.3.1.jar  commons-io-2.16.1.jar  jakarta.persistence-api-3.1.0.jar  hibernate-core-6.6.0.Final.jar  hibernate-commons-annotations-7.0.1.Final.jar  classmate-1.5.1.jar  jakarta.xml.bind-api-4.0.0.jar  jaxb-runtime-4.0.2.jar  jakarta.inject-api-2.0.1.jar  antlr4-runtime-4.13.0.jar  slf4j-api-2.0.6.jar  keycloak-admin-client-26.0.3.jar  keycloak-client-common-synced-26.0.3.jar  jackson-datatype-jsr310-2.17.2.jar  resteasy-client-6.2.9.Final.jar  resteasy-client-api-6.2.9.Final.jar  resteasy-core-spi-6.2.9.Final.jar  jakarta.annotation-api-2.1.1.jar  jakarta.validation-api-3.0.2.jar  resteasy-core-6.2.9.Final.jar  jandex-2.4.5.Final.jar  asyncutil-0.1.0.jar  reactive-streams-1.0.4.jar  resteasy-multipart-provider-6.2.9.Final.jar  apache-mime4j-dom-0.8.11.jar  apache-mime4j-core-0.8.11.jar  apache-mime4j-storage-0.8.11.jar  resteasy-jackson2-provider-6.2.9.Final.jar  jackson-jakarta-rs-base-2.15.4.jar  jackson-jakarta-rs-json-provider-2.15.4.jar  jackson-module-jakarta-xmlbind-annotations-2.15.4.jar  json-patch-1.13.jar  msg-simple-1.2.jar  btf-1.3.jar  jackson-coreutils-2.0.jar  resteasy-jaxb-provider-6.2.9.Final.jar  codemodel-4.0.3.jar  jaxb-core-4.0.3.jar  jaxb-jxc-4.0.3.jar  txw2-4.0.3.jar  jaxb-xjc-4.0.3.jar  xsom-4.0.3.jar  istack-commons-runtime-4.1.2.jar  istack-commons-tools-4.1.2.jar  relaxng-datatype-4.0.3.jar  rngom-4.0.3.jar  lombok-1.18.36.jar  smallrye-open-api-jaxrs-4.0.5.jar  smallrye-open-api-core-4.0.5.jar  microprofile-config-api-3.0.3.jar  smallrye-open-api-model-4.0.5.jar  jackson-dataformat-yaml-2.18.2.jar  snakeyaml-2.3.jar  jandex-3.2.3.jar  smallrye-common-classloader-2.8.0.jar  playwright-1.49.0.jar  gson-2.11.0.jar  error_prone_annotations-2.27.0.jar  opentest4j-1.3.0.jar  driver-1.49.0.jar  driver-bundle-1.49.0.jar  junit-jupiter-5.11.4.jar  junit-jupiter-api-5.11.4.jar  junit-platform-commons-1.11.4.jar  apiguardian-api-1.1.2.jar  junit-jupiter-params-5.11.4.jar  junit-jupiter-engine-5.11.4.jar  junit-platform-engine-1.11.4.jar  assertj-core-3.27.2.jar  byte-buddy-1.15.11.jar  junit-jupiter-1.20.4.jar  testcontainers-1.20.4.jar  junit-4.13.2.jar  hamcrest-core-1.3.jar  commons-compress-1.24.0.jar  duct-tape-1.0.8.jar  annotations-17.0.0.jar  docker-java-api-3.4.0.jar  docker-java-transport-zerodep-3.4.0.jar  docker-java-transport-3.4.0.jar  jna-5.13.0.jar  testcontainers-keycloak-3.5.1.jar  quarkus-junit4-mock-3.15.1.jar  shrinkwrap-api-2.0.0-beta-2.jar  shrinkwrap-impl-base-2.0.0-beta-2.jar  shrinkwrap-spi-2.0.0-beta-2.jar  javafaker-1.0.2.jar  snakeyaml-1.23-android.jar  generex-1.0.2.jar  automaton-1.11-8.jar  surefire-junit-platform-3.5.2.jar  common-java5-3.5.2.jar  junit-platform-launcher-1.11.4.jar
[DEBUG] Forking command line: /bin/sh -c cd '/app' && '/usr/lib/jvm/java-21-openjdk-amd64/bin/java' '-jar' '/app/target/surefire/surefirebooter-20260126173645362_3.jar' '/app/target/surefire' '2026-01-26T17-36-45_289-jvmRun1' 'surefire-20260126173645362_1tmp' 'surefire_0-20260126173645362_2tmp'
[DEBUG] Fork Channel [1] connected to the client.
[INFO] +--dev.sultanov.keycloak.multitenancy.ApiIntegrationTest - 0.705 s
[INFO] |  '-- [XX] null - 0.705 s
[DEBUG] Closing the fork 1 after saying GoodBye.
[INFO]
[INFO] Results:
[INFO]
[ERROR] Errors:
[ERROR]   ApiIntegrationTest » ExceptionInInitializer
[INFO]
[ERROR] Tests run: 1, Failures: 0, Errors: 1, Skipped: 0
[INFO]
[INFO] ------------------------------------------------------------------------
[INFO] BUILD FAILURE
[INFO] ------------------------------------------------------------------------
[INFO] Total time:  5.399 s
[INFO] Finished at: 2026-01-26T17:36:46Z
[INFO] ------------------------------------------------------------------------
[ERROR] Failed to execute goal org.apache.maven.plugins:maven-surefire-plugin:3.5.2:test (default-test) on project keycloak-multi-tenancy:
[ERROR]
[ERROR] See /app/target/surefire-reports for the individual test results.
[ERROR] See dump files (if any exist) [date].dump, [date]-jvmRun[N].dump and [date].dumpstream.
[ERROR] -> [Help 1]
org.apache.maven.lifecycle.LifecycleExecutionException: Failed to execute goal org.apache.maven.plugins:maven-surefire-plugin:3.5.2:test (default-test) on project keycloak-multi-tenancy:

See /app/target/surefire-reports for the individual test results.
See dump files (if any exist) [date].dump, [date]-jvmRun[N].dump and [date].dumpstream.
    at org.apache.maven.lifecycle.internal.MojoExecutor.doExecute2 (MojoExecutor.java:333)
    at org.apache.maven.lifecycle.internal.MojoExecutor.doExecute (MojoExecutor.java:316)
    at org.apache.maven.lifecycle.internal.MojoExecutor.execute (MojoExecutor.java:212)
    at org.apache.maven.lifecycle.internal.MojoExecutor.execute (MojoExecutor.java:174)
    at org.apache.maven.lifecycle.internal.MojoExecutor.access$000 (MojoExecutor.java:75)
    at org.apache.maven.lifecycle.internal.MojoExecutor$1.run (MojoExecutor.java:162)
    at org.apache.maven.plugin.DefaultMojosExecutionStrategy.execute (DefaultMojosExecutionStrategy.java:39)
    at org.apache.maven.lifecycle.internal.MojoExecutor.execute (MojoExecutor.java:159)
    at org.apache.maven.lifecycle.internal.LifecycleModuleBuilder.buildProject (LifecycleModuleBuilder.java:105)
    at org.apache.maven.lifecycle.internal.LifecycleModuleBuilder.buildProject (LifecycleModuleBuilder.java:73)
    at org.apache.maven.lifecycle.internal.builder.singlethreaded.SingleThreadedBuilder.build (SingleThreadedBuilder.java:53)
    at org.apache.maven.lifecycle.internal.LifecycleStarter.execute (LifecycleStarter.java:118)
    at org.apache.maven.DefaultMaven.doExecute (DefaultMaven.java:261)
    at org.apache.maven.DefaultMaven.doExecute (DefaultMaven.java:173)
    at org.apache.maven.DefaultMaven.execute (DefaultMaven.java:101)
    at org.apache.maven.cli.MavenCli.execute (MavenCli.java:919)
    at org.apache.maven.cli.MavenCli.doMain (MavenCli.java:285)
    at org.apache.maven.cli.MavenCli.main (MavenCli.java:207)
    at jdk.internal.reflect.DirectMethodHandleAccessor.invoke (DirectMethodHandleAccessor.java:103)
    at java.lang.reflect.Method.invoke (Method.java:580)
    at org.codehaus.plexus.classworlds.launcher.Launcher.launchEnhanced (Launcher.java:255)
    at org.codehaus.plexus.classworlds.launcher.Launcher.launch (Launcher.java:201)
    at org.codehaus.plexus.classworlds.launcher.Launcher.mainWithExitCode (Launcher.java:361)
    at org.codehaus.plexus.classworlds.launcher.Launcher.main (Launcher.java:314)
Caused by: org.apache.maven.plugin.MojoFailureException:

See /app/target/surefire-reports for the individual test results.
See dump files (if any exist) [date].dump, [date]-jvmRun[N].dump and [date].dumpstream.
    at org.apache.maven.plugin.surefire.SurefireHelper.throwException (SurefireHelper.java:247)
    at org.apache.maven.plugin.surefire.SurefireHelper.reportExecution (SurefireHelper.java:159)
    at org.apache.maven.plugin.surefire.SurefireMojo.handleSummary (SurefireMojo.java:547)
    at org.apache.maven.plugin.surefire.AbstractSurefireMojo.executeAfterPreconditionsChecked (AbstractSurefireMojo.java:1146)
    at org.apache.maven.plugin.surefire.AbstractSurefireMojo.execute (AbstractSurefireMojo.java:968)
    at org.apache.maven.plugin.DefaultBuildPluginManager.executeMojo (DefaultBuildPluginManager.java:126)
    at org.apache.maven.lifecycle.internal.MojoExecutor.doExecute2 (MojoExecutor.java:328)
    at org.apache.maven.lifecycle.internal.MojoExecutor.doExecute (MojoExecutor.java:316)
    at org.apache.maven.lifecycle.internal.MojoExecutor.execute (MojoExecutor.java:212)
    at org.apache.maven.lifecycle.internal.MojoExecutor.execute (MojoExecutor.java:174)
    at org.apache.maven.lifecycle.internal.MojoExecutor.access$000 (MojoExecutor.java:75)
    at org.apache.maven.lifecycle.internal.MojoExecutor$1.run (MojoExecutor.java:162)
    at org.apache.maven.plugin.DefaultMojosExecutionStrategy.execute (DefaultMojosExecutionStrategy.java:39)
    at org.apache.maven.lifecycle.internal.MojoExecutor.execute (MojoExecutor.java:159)
    at org.apache.maven.lifecycle.internal.LifecycleModuleBuilder.buildProject (LifecycleModuleBuilder.java:105)
    at org.apache.maven.lifecycle.internal.LifecycleModuleBuilder.buildProject (LifecycleModuleBuilder.java:73)
    at org.apache.maven.lifecycle.internal.builder.singlethreaded.SingleThreadedBuilder.build (SingleThreadedBuilder.java:53)
    at org.apache.maven.lifecycle.internal.LifecycleStarter.execute (LifecycleStarter.java:118)
    at org.apache.maven.DefaultMaven.doExecute (DefaultMaven.java:261)
    at org.apache.maven.DefaultMaven.doExecute (DefaultMaven.java:173)
    at org.apache.maven.DefaultMaven.execute (DefaultMaven.java:101)
    at org.apache.maven.cli.MavenCli.execute (MavenCli.java:919)
    at org.apache.maven.cli.MavenCli.doMain (MavenCli.java:285)
    at org.apache.maven.cli.MavenCli.main (MavenCli.java:207)
    at jdk.internal.reflect.DirectMethodHandleAccessor.invoke (DirectMethodHandleAccessor.java:103)
    at java.lang.reflect.Method.invoke (Method.java:580)
    at org.codehaus.plexus.classworlds.launcher.Launcher.launchEnhanced (Launcher.java:255)
    at org.codehaus.plexus.classworlds.launcher.Launcher.launch (Launcher.java:201)
    at org.codehaus.plexus.classworlds.launcher.Launcher.mainWithExitCode (Launcher.java:361)
    at org.codehaus.plexus.classworlds.launcher.Launcher.main (Launcher.java:314)
[ERROR]
[ERROR]
[ERROR] For more information about the errors and possible solutions, please read the following articles:
[ERROR] [Help 1] http://cwiki.apache.org/confluence/display/MAVEN/MojoFailureException
[DEBUG] Shutting down adapter factory; available factories [file-lock, rwlock-local, semaphore-local, noop]; available name mappers [discriminating, file-gaecv, file-gav, file-hgaecv, file-hgav, file-static, gaecv, gav, static]
[DEBUG] Shutting down 'file-lock' factory
[DEBUG] Shutting down 'rwlock-local' factory
[DEBUG] Shutting down 'semaphore-local' factory
[DEBUG] Shutting down 'noop' factory
